<html>
<body>
<pre>
<h1>µVision Build Log</h1>
<h2>Project:</h2>
C:\Users\Mostafa\Desktop\3YT1ME\MECHTRON 3TA4\LABS\Intro to STM32F4-Discovery.html\labs\lab1\lab1starter\lab1.uvproj
Project File Date:  09/21/2015

<h2>Output:</h2>
Build target 'lab1'
compiling main.c...
compiling stm32f4xx_it.c...
compiling system_stm32f4xx.c...
compiling misc.c...
compiling stm32f4xx_exti.c...
compiling stm32f4xx_gpio.c...
compiling stm32f4xx_rcc.c...
compiling stm32f4xx_syscfg.c...
compiling stm32f4xx_tim.c...
compiling stm32f4xx_dma.c...
compiling stm32f4xx_dma2d.c...
compiling stm32f4xx_fmc.c...
compiling stm32f4xx_i2c.c...
compiling stm32f4xx_ltdc.c...
compiling stm32f4xx_spi.c...
compiling stm32f429i_discovery.c...
compiling stm32f429i_discovery_lcd.c...
compiling stm32f429i_discovery_sdram.c...
linking...
Program Size: Code=2508 RO-data=488 RW-data=52 ZI-data=1636  
FromELF: creating hex file...
".\lab1.axf" - 0 Error(s), 0 Warning(s).
Load "C:\\Users\\Mostafa\\Desktop\\3YT1ME\\MECHTRON 3TA4\\LABS\\Intro to STM32F4-Discovery.html\\labs\\lab1\\lab1starter\\lab1.axf" 
Erase Done.
Programming Done.
Verify OK.
</pre>
</body>
</html>
