<html>
<body>
<pre>
<h1>µVision Build Log</h1>
<h2>Project:</h2>
C:\Users\Mostafa\Desktop\3YT1ME\MECHTRON 3TA4\LABS\Intro to STM32F4-Discovery.html\labs\lab1\lab5starter\lab5.uvproj
Project File Date:  12/02/2015

<h2>Output:</h2>
Build target 'lab5'
compiling stm32f4xx_it.c...
linking...
Program Size: Code=8844 RO-data=11192 RW-data=204 ZI-data=1724  
".\lab5.axf" - 0 Error(s), 0 Warning(s).
Load "C:\\Users\\Mostafa\\Desktop\\3YT1ME\\MECHTRON 3TA4\\LABS\\Intro to STM32F4-Discovery.html\\labs\\lab1\\lab5starter\\lab5.axf" 
Erase Done.
Programming Done.
Verify OK.
</pre>
</body>
</html>
S\\Intro to STM32F4-Discovery.html\\labs\\lab1\\lab5starter\\lab5.axf" 
Erase Done.
Programming Done.
Verify OK.
