ARM Linker, 5.03 [Build 76] [MDK-ARM Lite]

==============================================================================

Section Cross References

    main.o(i.EXTILine1_Config) refers to stm32f4xx_rcc.o(i.RCC_AHB1PeriphClockCmd) for RCC_AHB1PeriphClockCmd
    main.o(i.EXTILine1_Config) refers to stm32f4xx_rcc.o(i.RCC_APB2PeriphClockCmd) for RCC_APB2PeriphClockCmd
    main.o(i.EXTILine1_Config) refers to stm32f4xx_gpio.o(i.GPIO_Init) for GPIO_Init
    main.o(i.EXTILine1_Config) refers to stm32f4xx_syscfg.o(i.SYSCFG_EXTILineConfig) for SYSCFG_EXTILineConfig
    main.o(i.EXTILine1_Config) refers to stm32f4xx_exti.o(i.EXTI_Init) for EXTI_Init
    main.o(i.EXTILine1_Config) refers to misc.o(i.NVIC_Init) for NVIC_Init
    main.o(i.EXTILine2_Config) refers to stm32f4xx_rcc.o(i.RCC_AHB1PeriphClockCmd) for RCC_AHB1PeriphClockCmd
    main.o(i.EXTILine2_Config) refers to stm32f4xx_rcc.o(i.RCC_APB2PeriphClockCmd) for RCC_APB2PeriphClockCmd
    main.o(i.EXTILine2_Config) refers to stm32f4xx_gpio.o(i.GPIO_Init) for GPIO_Init
    main.o(i.EXTILine2_Config) refers to stm32f4xx_syscfg.o(i.SYSCFG_EXTILineConfig) for SYSCFG_EXTILineConfig
    main.o(i.EXTILine2_Config) refers to stm32f4xx_exti.o(i.EXTI_Init) for EXTI_Init
    main.o(i.EXTILine2_Config) refers to misc.o(i.NVIC_Init) for NVIC_Init
    main.o(i.EXTILine3_Config) refers to stm32f4xx_rcc.o(i.RCC_AHB1PeriphClockCmd) for RCC_AHB1PeriphClockCmd
    main.o(i.EXTILine3_Config) refers to stm32f4xx_rcc.o(i.RCC_APB2PeriphClockCmd) for RCC_APB2PeriphClockCmd
    main.o(i.EXTILine3_Config) refers to stm32f4xx_gpio.o(i.GPIO_Init) for GPIO_Init
    main.o(i.EXTILine3_Config) refers to stm32f4xx_syscfg.o(i.SYSCFG_EXTILineConfig) for SYSCFG_EXTILineConfig
    main.o(i.EXTILine3_Config) refers to stm32f4xx_exti.o(i.EXTI_Init) for EXTI_Init
    main.o(i.EXTILine3_Config) refers to misc.o(i.NVIC_Init) for NVIC_Init
    main.o(i.GPIO_Config) refers to stm32f4xx_rcc.o(i.RCC_AHB1PeriphClockCmd) for RCC_AHB1PeriphClockCmd
    main.o(i.GPIO_Config) refers to stm32f4xx_gpio.o(i.GPIO_Init) for GPIO_Init
    main.o(i.GPIO_Config) refers to stm32f4xx_gpio.o(i.GPIO_ResetBits) for GPIO_ResetBits
    main.o(i.GPIO_Config) refers to main.o(.data) for GPIO_InitStructure
    main.o(i.LED_Config) refers to stm32f429i_discovery.o(i.STM_EVAL_LEDInit) for STM_EVAL_LEDInit
    main.o(i.NVIC_Config) refers to stm32f4xx_rcc.o(i.RCC_APB1PeriphClockCmd) for RCC_APB1PeriphClockCmd
    main.o(i.NVIC_Config) refers to misc.o(i.NVIC_Init) for NVIC_Init
    main.o(i.PB_Config) refers to stm32f429i_discovery.o(i.STM_EVAL_PBInit) for STM_EVAL_PBInit
    main.o(i.Timer_Config) refers to stm32f4xx_tim.o(i.TIM_TimeBaseInit) for TIM_TimeBaseInit
    main.o(i.Timer_Config) refers to stm32f4xx_tim.o(i.TIM_PrescalerConfig) for TIM_PrescalerConfig
    main.o(i.Timer_Config) refers to stm32f4xx_tim.o(i.TIM_OC1Init) for TIM_OC1Init
    main.o(i.Timer_Config) refers to stm32f4xx_tim.o(i.TIM_OC1PreloadConfig) for TIM_OC1PreloadConfig
    main.o(i.Timer_Config) refers to stm32f4xx_tim.o(i.TIM_ITConfig) for TIM_ITConfig
    main.o(i.Timer_Config) refers to stm32f4xx_tim.o(i.TIM_Cmd) for TIM_Cmd
    main.o(i.Timer_Config) refers to system_stm32f4xx.o(.data) for SystemCoreClock
    main.o(i.Timer_Config) refers to main.o(.data) for PrescalerValue
    main.o(i.Timer_Config) refers to main.o(.bss) for TIM_TimeBaseStructure
    main.o(i.main) refers to stm32f429i_discovery_lcd.o(i.LCD_Init) for LCD_Init
    main.o(i.main) refers to stm32f429i_discovery_lcd.o(i.LCD_LayerInit) for LCD_LayerInit
    main.o(i.main) refers to stm32f4xx_ltdc.o(i.LTDC_Cmd) for LTDC_Cmd
    main.o(i.main) refers to stm32f429i_discovery_lcd.o(i.LCD_SetLayer) for LCD_SetLayer
    main.o(i.main) refers to main.o(i.LED_Config) for LED_Config
    main.o(i.main) refers to main.o(i.PB_Config) for PB_Config
    main.o(i.main) refers to main.o(i.EXTILine1_Config) for EXTILine1_Config
    main.o(i.main) refers to main.o(i.EXTILine2_Config) for EXTILine2_Config
    main.o(i.main) refers to main.o(i.EXTILine3_Config) for EXTILine3_Config
    main.o(i.main) refers to main.o(i.NVIC_Config) for NVIC_Config
    main.o(i.main) refers to main.o(i.GPIO_Config) for GPIO_Config
    main.o(i.main) refers to main.o(i.Timer_Config) for Timer_Config
    main.o(i.main) refers to stm32f429i_discovery_lcd.o(i.LCD_Clear) for LCD_Clear
    main.o(i.main) refers to stm32f4xx_gpio.o(i.GPIO_SetBits) for GPIO_SetBits
    main.o(i.main) refers to stm32f4xx_gpio.o(i.GPIO_ResetBits) for GPIO_ResetBits
    main.o(i.main) refers to stm32f4xx_tim.o(i.TIM_GetCounter) for TIM_GetCounter
    main.o(i.main) refers to stm32f4xx_tim.o(i.TIM_SetCounter) for TIM_SetCounter
    main.o(i.main) refers to main.o(.data) for intTIMCapture
    stm32f4xx_it.o(i.EXTI0_IRQHandler) refers to stm32f429i_discovery.o(i.STM_EVAL_LEDToggle) for STM_EVAL_LEDToggle
[...]
    Removing stm32f429i_discovery_lcd.o(i.LCD_DrawCircle), (204 bytes).
    Removing stm32f429i_discovery_lcd.o(i.LCD_DrawEllipse), (716 bytes).
    Removing stm32f429i_discovery_lcd.o(i.LCD_DrawFullCircle), (146 bytes).
    Removing stm32f429i_discovery_lcd.o(i.LCD_DrawFullEllipse), (512 bytes).
    Removing stm32f429i_discovery_lcd.o(i.LCD_DrawFullRect), (160 bytes).
    Removing stm32f429i_discovery_lcd.o(i.LCD_DrawLine), (168 bytes).
    Removing stm32f429i_discovery_lcd.o(i.LCD_DrawMonoPict), (80 bytes).
    Removing stm32f429i_discovery_lcd.o(i.LCD_DrawRect), (68 bytes).
    Removing stm32f429i_discovery_lcd.o(i.LCD_DrawUniLine), (286 bytes).
    Removing stm32f429i_discovery_lcd.o(i.LCD_FillPolyLine), (432 bytes).
    Removing stm32f429i_discovery_lcd.o(i.LCD_FillTriangle), (296 bytes).
    Removing stm32f429i_discovery_lcd.o(i.LCD_GetColors), (24 bytes).
    Removing stm32f429i_discovery_lcd.o(i.LCD_GetFont), (12 bytes).
    Removing stm32f429i_discovery_lcd.o(i.LCD_PolyLine), (68 bytes).
    Removing stm32f429i_discovery_lcd.o(i.LCD_PolyLineRelative), (18 bytes).
    Removing stm32f429i_discovery_lcd.o(i.LCD_PolyLineRelativeClosed), (118 bytes).
    Removing stm32f429i_discovery_lcd.o(i.LCD_ReSetColorKeying), (56 bytes).
    Removing stm32f429i_discovery_lcd.o(i.LCD_SetBackColor), (12 bytes).
    Removing stm32f429i_discovery_lcd.o(i.LCD_SetColorKeying), (76 bytes).
    Removing stm32f429i_discovery_lcd.o(i.LCD_SetColors), (20 bytes).
    Removing stm32f429i_discovery_lcd.o(i.LCD_SetCursor), (28 bytes).
    Removing stm32f429i_discovery_lcd.o(i.LCD_SetDisplayWindow), (100 bytes).
    Removing stm32f429i_discovery_lcd.o(i.LCD_SetTextColor), (12 bytes).
    Removing stm32f429i_discovery_lcd.o(i.LCD_SetTransparency), (48 bytes).
    Removing stm32f429i_discovery_lcd.o(i.LCD_Triangle), (108 bytes).
    Removing stm32f429i_discovery_lcd.o(i.LCD_WindowModeDisable), (18 bytes).
    Removing stm32f429i_discovery_lcd.o(i.LCD_WriteBMP), (332 bytes).
    Removing stm32f429i_discovery_lcd.o(i.PutPixel), (42 bytes).
    Removing stm32f429i_discovery_sdram.o(.rev16_text), (4 bytes).
    Removing stm32f429i_discovery_sdram.o(.revsh_text), (4 bytes).
    Removing stm32f429i_discovery_sdram.o(i.SDRAM_ReadBuffer), (50 bytes).
    Removing stm32f429i_discovery_sdram.o(i.SDRAM_WriteBuffer), (58 bytes).
    Removing stm32f429i_discovery_i2c_ee.o(.rev16_text), (4 bytes).
    Removing stm32f429i_discovery_i2c_ee.o(.revsh_text), (4 bytes).
    Removing stm32f429i_discovery_i2c_ee.o(i.sEE_DeInit), (8 bytes).
    Removing stm32f429i_discovery_i2c_ee.o(i.sEE_Init), (100 bytes).
    Removing stm32f429i_discovery_i2c_ee.o(i.sEE_ReadBuffer), (568 bytes).
    Removing stm32f429i_discovery_i2c_ee.o(i.sEE_WaitEepromStandbyState), (232 bytes).
    Removing stm32f429i_discovery_i2c_ee.o(i.sEE_WriteBuffer), (700 bytes).
    Removing stm32f429i_discovery_i2c_ee.o(i.sEE_WritePage), (304 bytes).

492 unused section(s) (total 25226 bytes) removed from the image.

==============================================================================

Image Symbol Table

    Local Symbols

    Symbol Name                              Value     Ov Type        Size  Object(Section)

    ../clib/angel/boardlib.s                 0x00000000   Number         0  boardinit1.o ABSOLUTE
    ../clib/angel/boardlib.s                 0x00000000   Number         0  boardshut.o ABSOLUTE
    ../clib/angel/boardlib.s                 0x00000000   Number         0  boardinit2.o ABSOLUTE
    ../clib/angel/boardlib.s                 0x00000000   Number         0  boardinit3.o ABSOLUTE
    ../clib/angel/handlers.s                 0x00000000   Number         0  __scatter_copy.o ABSOLUTE
    ../clib/angel/handlers.s                 0x00000000   Number         0  __scatter_zi.o ABSOLUTE
    ../clib/angel/kernel.s                   0x00000000   Number         0  rtexit.o ABSOLUTE
    ../clib/angel/kernel.s                   0x00000000   Number         0  rtentry2.o ABSOLUTE
    ../clib/angel/kernel.s                   0x00000000   Number         0  rtentry4.o ABSOLUTE
    ../clib/angel/kernel.s                   0x00000000   Number         0  rtentry.o ABSOLUTE
    ../clib/angel/kernel.s                   0x00000000   Number         0  rtexit2.o ABSOLUTE
    ../clib/angel/rt.s                       0x00000000   Number         0  rt_raise.o ABSOLUTE
    ../clib/angel/scatter.s                  0x00000000   Number         0  __scatter.o ABSOLUTE
    ../clib/angel/startup.s                  0x00000000   Number         0  __main.o ABSOLUTE
    ../clib/angel/sys.s                      0x00000000   Number         0  sys_stackheap_outer.o ABSOLUTE
    ../clib/angel/sys.s                      0x00000000   Number         0  indicate_semi.o ABSOLUTE
    ../clib/angel/sys.s                      0x00000000   Number         0  libspace.o ABSOLUTE
    ../clib/angel/sys.s                      0x00000000   Number         0  use_no_semi.o ABSOLUTE
    ../clib/angel/sysapp.c                   0x00000000   Number         0  sys_command.o ABSOLUTE
    ../clib/angel/sysapp.c                   0x00000000   Number         0  sys_wrch.o ABSOLUTE
    ../clib/angel/sysapp.c                   0x00000000   Number         0  sys_exit.o ABSOLUTE
    ../clib/armsys.c                         0x00000000   Number         0  no_argv.o ABSOLUTE
    ../clib/armsys.c                         0x00000000   Number         0  _get_argv_nomalloc.o ABSOLUTE
    ../clib/armsys.c                         0x00000000   Number         0  argv_veneer.o ABSOLUTE
    ../clib/armsys.c                         0x00000000   Number         0  argv_veneer.o ABSOLUTE
    ../clib/heapalloc.c                      0x00000000   Number         0  hrguard.o ABSOLUTE
    ../clib/heapaux.c                        0x00000000   Number         0  heapauxi.o ABSOLUTE
    ../clib/libinit.s                        0x00000000   Number         0  libinit2.o ABSOLUTE
    ../clib/libinit.s                        0x00000000   Number         0  libshutdown2.o ABSOLUTE
    ../clib/libinit.s                        0x00000000   Number         0  libinit.o ABSOLUTE
    ../clib/libinit.s                        0x00000000   Number         0  libshutdown.o ABSOLUTE
    ../clib/signal.c                         0x00000000   Number         0  defsig_other.o ABSOLUTE
    ../clib/signal.c                         0x00000000   Number         0  defsig_rtmem_formal.o ABSOLUTE
    ../clib/signal.c                         0x00000000   Number         0  defsig_rtmem_outer.o ABSOLUTE
    ../clib/signal.c                         0x00000000   Number         0  defsig_rtmem_inner.o ABSOLUTE
    ../clib/signal.c                         0x00000000   Number         0  __raise.o ABSOLUTE
    ../clib/signal.c                         0x00000000   Number         0  defsig_general.o ABSOLUTE
    ../clib/signal.c                         0x00000000   Number         0  defsig_rtred_inner.o ABSOLUTE
    ../clib/signal.c                         0x00000000   Number         0  defsig_abrt_inner.o ABSOLUTE
    ../clib/signal.c                         0x00000000   Number         0  defsig_exit.o ABSOLUTE
    ../clib/signal.c                         0x00000000   Number         0  defsig_fpe_inner.o ABSOLUTE
    ../clib/signal.c                         0x00000000   Number         0  defsig_stak_inner.o ABSOLUTE
    ../clib/signal.c                         0x00000000   Number         0  defsig_pvfn_inner.o ABSOLUTE
    ../clib/signal.c                         0x00000000   Number         0  defsig_cppl_inner.o ABSOLUTE
    ../clib/signal.c                         0x00000000   Number         0  defsig_segv_inner.o ABSOLUTE
    ../clib/signal.s                         0x00000000   Number         0  defsig.o ABSOLUTE
    ../clib/stdlib.c                         0x00000000   Number         0  exit.o ABSOLUTE
    ../fplib/fpinit.s                        0x00000000   Number         0  fpinit.o ABSOLUTE
    ..\STM32F429I-Discovery_FW_V1.0.1\Libraries\STM32F4xx_StdPeriph_Driver\src\misc.c 0x00000000   Number         0  misc.o ABSOLUTE
    ..\STM32F429I-Discovery_FW_V1.0.1\Libraries\STM32F4xx_StdPeriph_Driver\src\stm32f4xx_adc.c 0x00000000   Number         0  stm32f4xx_adc.o ABSOLUTE
    ..\STM32F429I-Discovery_FW_V1.0.1\Libraries\STM32F4xx_StdPeriph_Driver\src\stm32f4xx_dma.c 0x00000000   Number         0  stm32f4xx_dma.o ABSOLUTE
    ..\STM32F429I-Discovery_FW_V1.0.1\Libraries\STM32F4xx_StdPeriph_Driver\src\stm32f4xx_dma2d.c 0x00000000   Number         0  stm32f4xx_dma2d.o ABSOLUTE
    ..\STM32F429I-Discovery_FW_V1.0.1\Libraries\STM32F4xx_StdPeriph_Driver\src\stm32f4xx_exti.c 0x00000000   Number         0  stm32f4xx_exti.o ABSOLUTE
    ..\STM32F429I-Discovery_FW_V1.0.1\Libraries\STM32F4xx_StdPeriph_Driver\src\stm32f4xx_fmc.c 0x00000000   Number         0  stm32f4xx_fmc.o ABSOLUTE
    ..\STM32F429I-Discovery_FW_V1.0.1\Libraries\STM32F4xx_StdPeriph_Driver\src\stm32f4xx_gpio.c 0x00000000   Number         0  stm32f4xx_gpio.o ABSOLUTE
    ..\STM32F429I-Discovery_FW_V1.0.1\Libraries\STM32F4xx_StdPeriph_Driver\src\stm32f4xx_i2c.c 0x00000000   Number         0  stm32f4xx_i2c.o ABSOLUTE
    ..\STM32F429I-Discovery_FW_V1.0.1\Libraries\STM32F4xx_StdPeriph_Driver\src\stm32f4xx_ltdc.c 0x00000000   Number         0  stm32f4xx_ltdc.o ABSOLUTE
    ..\STM32F429I-Discovery_FW_V1.0.1\Libraries\STM32F4xx_StdPeriph_Driver\src\stm32f4xx_pwr.c 0x00000000   Number         0  stm32f4xx_pwr.o ABSOLUTE
    ..\STM32F429I-Discovery_FW_V1.0.1\Libraries\STM32F4xx_StdPeriph_Driver\src\stm32f4xx_rcc.c 0x00000000   Number         0  stm32f4xx_rcc.o ABSOLUTE
    ..\STM32F429I-Discovery_FW_V1.0.1\Libraries\STM32F4xx_StdPeriph_Driver\src\stm32f4xx_rtc.c 0x00000000   Number         0  stm32f4xx_rtc.o ABSOLUTE
    ..\STM32F429I-Discovery_FW_V1.0.1\Libraries\STM32F4xx_StdPeriph_Driver\src\stm32f4xx_spi.c 0x00000000   Number         0  stm32f4xx_spi.o ABSOLUTE
    ..\STM32F429I-Discovery_FW_V1.0.1\Libraries\STM32F4xx_StdPeriph_Driver\src\stm32f4xx_syscfg.c 0x00000000   Number         0  stm32f4xx_syscfg.o ABSOLUTE
    ..\STM32F429I-Discovery_FW_V1.0.1\Libraries\STM32F4xx_StdPeriph_Driver\src\stm32f4xx_tim.c 0x00000000   Number         0  stm32f4xx_tim.o ABSOLUTE
    ..\STM32F429I-Discovery_FW_V1.0.1\Utilities\STM32F429I-Discovery\stm32f429i_discovery.c 0x00000000   Number         0  stm32f429i_discovery.o ABSOLUTE
    ..\STM32F429I-Discovery_FW_V1.0.1\Utilities\STM32F429I-Discovery\stm32f429i_discovery_i2c_ee.c 0x00000000   Number         0  stm32f429i_discovery_i2c_ee.o ABSOLUTE
    ..\STM32F429I-Discovery_FW_V1.0.1\Utilities\STM32F429I-Discovery\stm32f429i_discovery_lcd.c 0x00000000   Number         0  stm32f429i_discovery_lcd.o ABSOLUTE
    ..\STM32F429I-Discovery_FW_V1.0.1\Utilities\STM32F429I-Discovery\stm32f429i_discovery_sdram.c 0x00000000   Number         0  stm32f429i_discovery_sdram.o ABSOLUTE
    ..\\STM32F429I-Discovery_FW_V1.0.1\\Libraries\\STM32F4xx_StdPeriph_Driver\\src\\misc.c 0x00000000   Number         0  misc.o ABSOLUTE
    ..\\STM32F429I-Discovery_FW_V1.0.1\\Libraries\\STM32F4xx_StdPeriph_Driver\\src\\stm32f4xx_adc.c 0x00000000   Number         0  stm32f4xx_adc.o ABSOLUTE
    ..\\STM32F429I-Discovery_FW_V1.0.1\\Libraries\\STM32F4xx_StdPeriph_Driver\\src\\stm32f4xx_dma.c 0x00000000   Number         0  stm32f4xx_dma.o ABSOLUTE
    ..\\STM32F429I-Discovery_FW_V1.0.1\\Libraries\\STM32F4xx_StdPeriph_Driver\\src\\stm32f4xx_dma2d.c 0x00000000   Number         0  stm32f4xx_dma2d.o ABSOLUTE
    ..\\STM32F429I-Discovery_FW_V1.0.1\\Libraries\\STM32F4xx_StdPeriph_Driver\\src\\stm32f4xx_exti.c 0x00000000   Number         0  stm32f4xx_exti.o ABSOLUTE
    ..\\STM32F429I-Discovery_FW_V1.0.1\\Libraries\\STM32F4xx_StdPeriph_Driver\\src\\stm32f4xx_fmc.c 0x00000000   Number         0  stm32f4xx_fmc.o ABSOLUTE
    ..\\STM32F429I-Discovery_FW_V1.0.1\\Libraries\\STM32F4xx_StdPeriph_Driver\\src\\stm32f4xx_gpio.c 0x00000000   Number         0  stm32f4xx_gpio.o ABSOLUTE
    ..\\STM32F429I-Discovery_FW_V1.0.1\\Libraries\\STM32F4xx_StdPeriph_Driver\\src\\stm32f4xx_i2c.c 0x00000000   Number         0  stm32f4xx_i2c.o ABSOLUTE
    ..\\STM32F429I-Discovery_FW_V1.0.1\\Libraries\\STM32F4xx_StdPeriph_Driver\\src\\stm32f4xx_ltdc.c 0x00000000   Number         0  stm32f4xx_ltdc.o ABSOLUTE
    ..\\STM32F429I-Discovery_FW_V1.0.1\\Libraries\\STM32F4xx_StdPeriph_Driver\\src\\stm32f4xx_pwr.c 0x00000000   Number         0  stm32f4xx_pwr.o ABSOLUTE
    ..\\STM32F429I-Discovery_FW_V1.0.1\\Libraries\\STM32F4xx_StdPeriph_Driver\\src\\stm32f4xx_rcc.c 0x00000000   Number         0  stm32f4xx_rcc.o ABSOLUTE
    ..\\STM32F429I-Discovery_FW_V1.0.1\\Libraries\\STM32F4xx_StdPeriph_Driver\\src\\stm32f4xx_rtc.c 0x00000000   Number         0  stm32f4xx_rtc.o ABSOLUTE
    ..\\STM32F429I-Discovery_FW_V1.0.1\\Libraries\\STM32F4xx_StdPeriph_Driver\\src\\stm32f4xx_spi.c 0x00000000   Number         0  stm32f4xx_spi.o ABSOLUTE
    ..\\STM32F429I-Discovery_FW_V1.0.1\\Libraries\\STM32F4xx_StdPeriph_Driver\\src\\stm32f4xx_syscfg.c 0x00000000   Number         0  stm32f4xx_syscfg.o ABSOLUTE
    ..\\STM32F429I-Discovery_FW_V1.0.1\\Libraries\\STM32F4xx_StdPeriph_Driver\\src\\stm32f4xx_tim.c 0x00000000   Number         0  stm32f4xx_tim.o ABSOLUTE
    ..\\STM32F429I-Discovery_FW_V1.0.1\\Utilities\\STM32F429I-Discovery\\stm32f429i_discovery.c 0x00000000   Number         0  stm32f429i_discovery.o ABSOLUTE
    ..\\STM32F429I-Discovery_FW_V1.0.1\\Utilities\\STM32F429I-Discovery\\stm32f429i_discovery_i2c_ee.c 0x00000000   Number         0  stm32f429i_discovery_i2c_ee.o ABSOLUTE
    ..\\STM32F429I-Discovery_FW_V1.0.1\\Utilities\\STM32F429I-Discovery\\stm32f429i_discovery_lcd.c 0x00000000   Number         0  stm32f429i_discovery_lcd.o ABSOLUTE
    ..\\STM32F429I-Discovery_FW_V1.0.1\\Utilities\\STM32F429I-Discovery\\stm32f429i_discovery_sdram.c 0x00000000   Number         0  stm32f429i_discovery_sdram.o ABSOLUTE
    dc.s                                     0x00000000   Number         0  dc.o ABSOLUTE
    src\\main.c                              0x00000000   Number         0  main.o ABSOLUTE
    src\\stm32f4xx_it.c                      0x00000000   Number         0  stm32f4xx_it.o ABSOLUTE
    src\\system_stm32f4xx.c                  0x00000000   Number         0  system_stm32f4xx.o ABSOLUTE
    src\main.c                               0x00000000   Number         0  main.o ABSOLUTE
    src\stm32f4xx_it.c                       0x00000000   Number         0  stm32f4xx_it.o ABSOLUTE
    src\system_stm32f4xx.c                   0x00000000   Number         0  system_stm32f4xx.o ABSOLUTE
    startup_stm32f429_439xx.s                0x00000000   Number         0  startup_stm32f429_439xx.o ABSOLUTE
    RESET                                    0x08000000   Section      428  startup_stm32f429_439xx.o(RESET)
    !!!main                                  0x080001ac   Section        8  __main.o(!!!main)
    !!!scatter                               0x080001b4   Section       52  __scatter.o(!!!scatter)
    !!handler_copy                           0x080001e8   Section       26  __scatter_copy.o(!!handler_copy)
    !!handler_zi                             0x08000204   Section       28  __scatter_zi.o(!!handler_zi)
    .ARM.Collect$$libinit$$00000000          0x08000220   Section        2  libinit.o(.ARM.Collect$$libinit$$00000000)
    .ARM.Collect$$libinit$$00000001          0x08000222   Section        4  libinit2.o(.ARM.Collect$$libinit$$00000001)
    .ARM.Collect$$libinit$$00000008          0x08000226   Section        0  libinit2.o(.ARM.Collect$$libinit$$00000008)
    .ARM.Collect$$libinit$$0000000A          0x08000226   Section        0  libinit2.o(.ARM.Collect$$libinit$$0000000A)
    .ARM.Collect$$libinit$$0000000C          0x08000226   Section        0  libinit2.o(.ARM.Collect$$libinit$$0000000C)
    .ARM.Collect$$libinit$$0000000F          0x08000226   Section        0  libinit2.o(.ARM.Collect$$libinit$$0000000F)
    .ARM.Collect$$libinit$$00000011          0x08000226   Section        0  libinit2.o(.ARM.Collect$$libinit$$00000011)
    .ARM.Collect$$libinit$$00000013          0x08000226   Section        0  libinit2.o(.ARM.Collect$$libinit$$00000013)
    .ARM.Collect$$libinit$$00000015          0x08000226   Section        0  libinit2.o(.ARM.Collect$$libinit$$00000015)
    .ARM.Collect$$libinit$$00000017          0x08000226   Section        0  libinit2.o(.ARM.Collect$$libinit$$00000017)
    .ARM.Collect$$libinit$$00000019          0x08000226   Section        0  libinit2.o(.ARM.Collect$$libinit$$00000019)
    .ARM.Collect$$libinit$$0000001B          0x08000226   Section        0  libinit2.o(.ARM.Collect$$libinit$$0000001B)
    .ARM.Collect$$libinit$$0000001D          0x08000226   Section        0  libinit2.o(.ARM.Collect$$libinit$$0000001D)
    .ARM.Collect$$libinit$$0000001F          0x08000226   Section        0  libinit2.o(.ARM.Collect$$libinit$$0000001F)
    .ARM.Collect$$libinit$$00000021          0x08000226   Section        0  libinit2.o(.ARM.Collect$$libinit$$00000021)
    .ARM.Collect$$libinit$$00000023          0x08000226   Section        0  libinit2.o(.ARM.Collect$$libinit$$00000023)
    .ARM.Collect$$libinit$$0000002A          0x08000226   Section        0  libinit2.o(.ARM.Collect$$libinit$$0000002A)
    .ARM.Collect$$libinit$$0000002C          0x08000226   Section        0  libinit2.o(.ARM.Collect$$libinit$$0000002C)
    .ARM.Collect$$libinit$$0000002E          0x08000226   Section        0  libinit2.o(.ARM.Collect$$libinit$$0000002E)
    .ARM.Collect$$libinit$$00000030          0x08000226   Section        0  libinit2.o(.ARM.Collect$$libinit$$00000030)
    .ARM.Collect$$libinit$$00000031          0x08000226   Section        2  libinit2.o(.ARM.Collect$$libinit$$00000031)
    .ARM.Collect$$libshutdown$$00000000      0x08000228   Section        2  libshutdown.o(.ARM.Collect$$libshutdown$$00000000)
    .ARM.Collect$$libshutdown$$00000003      0x0800022a   Section        0  libshutdown2.o(.ARM.Collect$$libshutdown$$00000003)
    .ARM.Collect$$libshutdown$$00000006      0x0800022a   Section        0  libshutdown2.o(.ARM.Collect$$libshutdown$$00000006)
    .ARM.Collect$$libshutdown$$00000009      0x0800022a   Section        0  libshutdown2.o(.ARM.Collect$$libshutdown$$00000009)
    .ARM.Collect$$libshutdown$$0000000B      0x0800022a   Section        0  libshutdown2.o(.ARM.Collect$$libshutdown$$0000000B)
    .ARM.Collect$$libshutdown$$0000000E      0x0800022a   Section        0  libshutdown2.o(.ARM.Collect$$libshutdown$$0000000E)
    .ARM.Collect$$libshutdown$$0000000F      0x0800022a   Section        2  libshutdown2.o(.ARM.Collect$$libshutdown$$0000000F)
    .ARM.Collect$$rtentry$$00000000          0x0800022c   Section        0  rtentry.o(.ARM.Collect$$rtentry$$00000000)
    .ARM.Collect$$rtentry$$00000002          0x0800022c   Section        0  rtentry2.o(.ARM.Collect$$rtentry$$00000002)
    .ARM.Collect$$rtentry$$00000004          0x0800022c   Section        6  rtentry4.o(.ARM.Collect$$rtentry$$00000004)
    .ARM.Collect$$rtentry$$00000009          0x08000232   Section        0  rtentry2.o(.ARM.Collect$$rtentry$$00000009)
    .ARM.Collect$$rtentry$$0000000A          0x08000232   Section        4  rtentry2.o(.ARM.Collect$$rtentry$$0000000A)
    .ARM.Collect$$rtentry$$0000000C          0x08000236   Section        0  rtentry2.o(.ARM.Collect$$rtentry$$0000000C)
    .ARM.Collect$$rtentry$$0000000D          0x08000236   Section        8  rtentry2.o(.ARM.Collect$$rtentry$$0000000D)
    .ARM.Collect$$rtexit$$00000000           0x0800023e   Section        2  rtexit.o(.ARM.Collect$$rtexit$$00000000)
    .ARM.Collect$$rtexit$$00000002           0x08000240   Section        0  rtexit2.o(.ARM.Collect$$rtexit$$00000002)
    .ARM.Collect$$rtexit$$00000003           0x08000240   Section        4  rtexit2.o(.ARM.Collect$$rtexit$$00000003)
    .ARM.Collect$$rtexit$$00000004           0x08000244   Section        6  rtexit2.o(.ARM.Collect$$rtexit$$00000004)
    .text                                    0x0800024c   Section       64  startup_stm32f429_439xx.o(.text)
    $v0                                      0x0800024c   Number         0  startup_stm32f429_439xx.o(.text)
    .text                                    0x0800028c   Section        0  heapauxi.o(.text)
    .text                                    0x08000292   Section       74  sys_stackheap_outer.o(.text)
    .text                                    0x080002dc   Section        0  exit.o(.text)
    .text                                    0x080002e8   Section        8  libspace.o(.text)
    .text                                    0x080002f0   Section        0  sys_exit.o(.text)
    .text                                    0x080002fc   Section        2  use_no_semi.o(.text)
    .text                                    0x080002fe   Section        0  indicate_semi.o(.text)
    i.BusFault_Handler                       0x080002fe   Section        0  stm32f4xx_it.o(i.BusFault_Handler)
    i.DMA1_Stream2_IRQHandler                0x08000304   Section        0  stm32f429i_discovery_i2c_ee.o(i.DMA1_Stream2_IRQHandler)
    i.DMA1_Stream4_IRQHandler                0x08000344   Section        0  stm32f429i_discovery_i2c_ee.o(i.DMA1_Stream4_IRQHandler)
    i.DMA_ClearFlag                          0x080003b0   Section        0  stm32f4xx_dma.o(i.DMA_ClearFlag)
    i.DMA_Cmd                                0x080003e4   Section        0  stm32f4xx_dma.o(i.DMA_Cmd)
    i.DMA_GetFlagStatus                      0x080003fc   Section        0  stm32f4xx_dma.o(i.DMA_GetFlagStatus)
    i.DebugMon_Handler                       0x0800043c   Section        0  stm32f4xx_it.o(i.DebugMon_Handler)
    i.EXTI0_IRQHandler                       0x08000440   Section        0  stm32f4xx_it.o(i.EXTI0_IRQHandler)
    i.EXTI15_10_IRQHandler                   0x08000494   Section        0  stm32f4xx_it.o(i.EXTI15_10_IRQHandler)
    i.EXTI2_IRQHandler                       0x080004f0   Section        0  stm32f4xx_it.o(i.EXTI2_IRQHandler)
    i.EXTILine1_Config                       0x08000544   Section        0  main.o(i.EXTILine1_Config)
    i.EXTILine2_Config                       0x080005c4   Section        0  main.o(i.EXTILine2_Config)
    i.EXTILine3_Config                       0x08000648   Section        0  main.o(i.EXTILine3_Config)
    i.EXTI_ClearITPendingBit                 0x080006c8   Section        0  stm32f4xx_exti.o(i.EXTI_ClearITPendingBit)
    i.EXTI_Init                              0x080006d4   Section        0  stm32f4xx_exti.o(i.EXTI_Init)
    i.FMC_GetFlagStatus                      0x08000768   Section        0  stm32f4xx_fmc.o(i.FMC_GetFlagStatus)
    i.FMC_SDRAMCmdConfig                     0x080007b4   Section        0  stm32f4xx_fmc.o(i.FMC_SDRAMCmdConfig)
    i.FMC_SDRAMInit                          0x080007d4   Section        0  stm32f4xx_fmc.o(i.FMC_SDRAMInit)
    i.FMC_SetRefreshCount                    0x080008d0   Section        0  stm32f4xx_fmc.o(i.FMC_SetRefreshCount)
    i.GPIO_Config                            0x080008e8   Section        0  main.o(i.GPIO_Config)
    i.GPIO_Init                              0x08000920   Section        0  stm32f4xx_gpio.o(i.GPIO_Init)
    i.GPIO_PinAFConfig                       0x080009b0   Section        0  stm32f4xx_gpio.o(i.GPIO_PinAFConfig)
    i.GPIO_ResetBits                         0x080009f6   Section        0  stm32f4xx_gpio.o(i.GPIO_ResetBits)
    i.GPIO_SetBits                           0x080009fa   Section        0  stm32f4xx_gpio.o(i.GPIO_SetBits)
    i.GPIO_WriteBit                          0x080009fe   Section        0  stm32f4xx_gpio.o(i.GPIO_WriteBit)
    i.HardFault_Handler                      0x08000a08   Section        0  stm32f4xx_it.o(i.HardFault_Handler)
    i.I2C_GenerateSTOP                       0x08000a0c   Section        0  stm32f4xx_i2c.o(i.I2C_GenerateSTOP)
    i.I2C_GetFlagStatus                      0x08000a24   Section        0  stm32f4xx_i2c.o(i.I2C_GetFlagStatus)
    i.LCD_AF_GPIOConfig                      0x08000a60   Section        0  stm32f429i_discovery_lcd.o(i.LCD_AF_GPIOConfig)
    LCD_AF_GPIOConfig                        0x08000a61   Thumb Code   334  stm32f429i_discovery_lcd.o(i.LCD_AF_GPIOConfig)
    i.LCD_ChipSelect                         0x08000bc8   Section        0  stm32f429i_discovery_lcd.o(i.LCD_ChipSelect)
    i.LCD_Clear                              0x08000be8   Section        0  stm32f429i_discovery_lcd.o(i.LCD_Clear)
    i.LCD_CtrlLinesConfig                    0x08000c08   Section        0  stm32f429i_discovery_lcd.o(i.LCD_CtrlLinesConfig)
    i.LCD_CtrlLinesWrite                     0x08000c58   Section        0  stm32f429i_discovery_lcd.o(i.LCD_CtrlLinesWrite)
    i.LCD_Init                               0x08000c6c   Section        0  stm32f429i_discovery_lcd.o(i.LCD_Init)
    i.LCD_LayerInit                          0x08000d08   Section        0  stm32f429i_discovery_lcd.o(i.LCD_LayerInit)
    i.LCD_PowerOn                            0x08000dac   Section        0  stm32f429i_discovery_lcd.o(i.LCD_PowerOn)
    i.LCD_SPIConfig                          0x08001038   Section        0  stm32f429i_discovery_lcd.o(i.LCD_SPIConfig)
    i.LCD_SetFont                            0x0800110c   Section        0  stm32f429i_discovery_lcd.o(i.LCD_SetFont)
    i.LCD_SetLayer                           0x08001118   Section        0  stm32f429i_discovery_lcd.o(i.LCD_SetLayer)
    i.LCD_WriteCommand                       0x08001144   Section        0  stm32f429i_discovery_lcd.o(i.LCD_WriteCommand)
    i.LCD_WriteData                          0x08001190   Section        0  stm32f429i_discovery_lcd.o(i.LCD_WriteData)
    i.LED_Config                             0x080011d8   Section        0  main.o(i.LED_Config)
    i.LTDC_Cmd                               0x080011e8   Section        0  stm32f4xx_ltdc.o(i.LTDC_Cmd)
    i.LTDC_DitherCmd                         0x0800120c   Section        0  stm32f4xx_ltdc.o(i.LTDC_DitherCmd)
    i.LTDC_Init                              0x08001230   Section        0  stm32f4xx_ltdc.o(i.LTDC_Init)
    i.LTDC_LayerCmd                          0x080013b8   Section        0  stm32f4xx_ltdc.o(i.LTDC_LayerCmd)
    i.LTDC_LayerInit                         0x080013ce   Section        0  stm32f4xx_ltdc.o(i.LTDC_LayerInit)
    i.LTDC_ReloadConfig                      0x080014e4   Section        0  stm32f4xx_ltdc.o(i.LTDC_ReloadConfig)
    i.MemManage_Handler                      0x080014f0   Section        0  stm32f4xx_it.o(i.MemManage_Handler)
    i.NMI_Handler                            0x080014f4   Section        0  stm32f4xx_it.o(i.NMI_Handler)
    i.NVIC_Config                            0x080014f6   Section        0  main.o(i.NVIC_Config)
    i.NVIC_Init                              0x08001520   Section        0  misc.o(i.NVIC_Init)
    i.PB_Config                              0x08001598   Section        0  main.o(i.PB_Config)
    i.PendSV_Handler                         0x080015a4   Section        0  stm32f4xx_it.o(i.PendSV_Handler)
    i.RCC_AHB1PeriphClockCmd                 0x080015a8   Section        0  stm32f4xx_rcc.o(i.RCC_AHB1PeriphClockCmd)
    i.RCC_AHB3PeriphClockCmd                 0x080015c8   Section        0  stm32f4xx_rcc.o(i.RCC_AHB3PeriphClockCmd)
    i.RCC_APB1PeriphClockCmd                 0x080015e8   Section        0  stm32f4xx_rcc.o(i.RCC_APB1PeriphClockCmd)
    i.RCC_APB1PeriphResetCmd                 0x08001608   Section        0  stm32f4xx_rcc.o(i.RCC_APB1PeriphResetCmd)
    i.RCC_APB2PeriphClockCmd                 0x08001628   Section        0  stm32f4xx_rcc.o(i.RCC_APB2PeriphClockCmd)
    i.RCC_APB2PeriphResetCmd                 0x08001648   Section        0  stm32f4xx_rcc.o(i.RCC_APB2PeriphResetCmd)
    i.RCC_GetFlagStatus                      0x08001668   Section        0  stm32f4xx_rcc.o(i.RCC_GetFlagStatus)
    i.RCC_LTDCCLKDivConfig                   0x080016a8   Section        0  stm32f4xx_rcc.o(i.RCC_LTDCCLKDivConfig)
    i.RCC_PLLSAICmd                          0x080016c0   Section        0  stm32f4xx_rcc.o(i.RCC_PLLSAICmd)
    i.RCC_PLLSAIConfig                       0x080016cc   Section        0  stm32f4xx_rcc.o(i.RCC_PLLSAIConfig)
    i.SDRAM_GPIOConfig                       0x080016e4   Section        0  stm32f429i_discovery_sdram.o(i.SDRAM_GPIOConfig)
    i.SDRAM_Init                             0x080018e8   Section        0  stm32f429i_discovery_sdram.o(i.SDRAM_Init)
    i.SDRAM_InitSequence                     0x08001950   Section        0  stm32f429i_discovery_sdram.o(i.SDRAM_InitSequence)
    i.SPI_Cmd                                0x08001a18   Section        0  stm32f4xx_spi.o(i.SPI_Cmd)
    i.SPI_I2S_DeInit                         0x08001a30   Section        0  stm32f4xx_spi.o(i.SPI_I2S_DeInit)
    i.SPI_I2S_GetFlagStatus                  0x08001ae0   Section        0  stm32f4xx_spi.o(i.SPI_I2S_GetFlagStatus)
    i.SPI_I2S_SendData                       0x08001af2   Section        0  stm32f4xx_spi.o(i.SPI_I2S_SendData)
    i.SPI_Init                               0x08001af6   Section        0  stm32f4xx_spi.o(i.SPI_Init)
    i.STM_EVAL_LEDInit                       0x08001b34   Section        0  stm32f429i_discovery.o(i.STM_EVAL_LEDInit)
    i.STM_EVAL_LEDToggle                     0x08001b80   Section        0  stm32f429i_discovery.o(i.STM_EVAL_LEDToggle)
    i.STM_EVAL_PBInit                        0x08001ba4   Section        0  stm32f429i_discovery.o(i.STM_EVAL_PBInit)
    i.SVC_Handler                            0x08001c50   Section        0  stm32f4xx_it.o(i.SVC_Handler)
    i.SYSCFG_EXTILineConfig                  0x08001c54   Section        0  stm32f4xx_syscfg.o(i.SYSCFG_EXTILineConfig)
    i.SetSysClock                            0x08001c94   Section        0  system_stm32f4xx.o(i.SetSysClock)
    SetSysClock                              0x08001c95   Thumb Code   268  system_stm32f4xx.o(i.SetSysClock)
    i.SysTick_Handler                        0x08001db0   Section        0  stm32f4xx_it.o(i.SysTick_Handler)
    i.SystemInit                             0x08001db4   Section        0  system_stm32f4xx.o(i.SystemInit)
    i.TIM3_IRQHandler                        0x08001e1c   Section        0  stm32f4xx_it.o(i.TIM3_IRQHandler)
    i.TIM_ClearITPendingBit                  0x08001fc4   Section        0  stm32f4xx_tim.o(i.TIM_ClearITPendingBit)
    i.TIM_Cmd                                0x08001fca   Section        0  stm32f4xx_tim.o(i.TIM_Cmd)
    i.TIM_GetCapture1                        0x08001fe2   Section        0  stm32f4xx_tim.o(i.TIM_GetCapture1)
    i.TIM_GetCounter                         0x08001fe8   Section        0  stm32f4xx_tim.o(i.TIM_GetCounter)
    i.TIM_GetITStatus                        0x08001fee   Section        0  stm32f4xx_tim.o(i.TIM_GetITStatus)
    i.TIM_ITConfig                           0x08002010   Section        0  stm32f4xx_tim.o(i.TIM_ITConfig)
    i.TIM_OC1Init                            0x08002024   Section        0  stm32f4xx_tim.o(i.TIM_OC1Init)
    i.TIM_OC1PreloadConfig                   0x080020a0   Section        0  stm32f4xx_tim.o(i.TIM_OC1PreloadConfig)
    i.TIM_PrescalerConfig                    0x080020b2   Section        0  stm32f4xx_tim.o(i.TIM_PrescalerConfig)
    i.TIM_SetCompare1                        0x080020b8   Section        0  stm32f4xx_tim.o(i.TIM_SetCompare1)
    i.TIM_SetCounter                         0x080020bc   Section        0  stm32f4xx_tim.o(i.TIM_SetCounter)
    i.TIM_TimeBaseInit                       0x080020c0   Section        0  stm32f4xx_tim.o(i.TIM_TimeBaseInit)
    i.Timer_Config                           0x08002144   Section        0  main.o(i.Timer_Config)
    i.UsageFault_Handler                     0x080021cc   Section        0  stm32f4xx_it.o(i.UsageFault_Handler)
    i.delay                                  0x080021d0   Section        0  stm32f429i_discovery_lcd.o(i.delay)
    delay                                    0x080021d1   Thumb Code    28  stm32f429i_discovery_lcd.o(i.delay)
    i.delay                                  0x080021ec   Section        0  stm32f429i_discovery_sdram.o(i.delay)
    delay                                    0x080021ed   Thumb Code    32  stm32f429i_discovery_sdram.o(i.delay)
    i.main                                   0x08002210   Section        0  main.o(i.main)
    i.sEE_TIMEOUT_UserCallback               0x08002428   Section        0  stm32f429i_discovery_i2c_ee.o(i.sEE_TIMEOUT_UserCallback)
    x$fpl$fpinit                             0x0800242c   Section       10  fpinit.o(x$fpl$fpinit)
    $v0                                      0x0800242c   Number         0  fpinit.o(x$fpl$fpinit)
    .constdata                               0x08002438   Section       25  stm32f429i_discovery.o(.constdata)
    .constdata                               0x08002452   Section    10704  stm32f429i_discovery_lcd.o(.constdata)
    .data                                    0x20000000   Section       92  main.o(.data)
    .data                                    0x2000005c   Section        8  stm32f4xx_it.o(.data)
    .data                                    0x20000064   Section       20  system_stm32f4xx.o(.data)
    .data                                    0x20000078   Section       16  stm32f429i_discovery.o(.data)
    .data                                    0x20000088   Section       48  stm32f429i_discovery_lcd.o(.data)
    CurrentTextColor                         0x200000a8   Data           2  stm32f429i_discovery_lcd.o(.data)
    CurrentBackColor                         0x200000aa   Data           2  stm32f429i_discovery_lcd.o(.data)
    CurrentFrameBuffer                       0x200000ac   Data           4  stm32f429i_discovery_lcd.o(.data)
    CurrentLayer                             0x200000b0   Data           4  stm32f429i_discovery_lcd.o(.data)
    LCD_Currentfonts                         0x200000b4   Data           4  stm32f429i_discovery_lcd.o(.data)
    .data                                    0x200000b8   Section       17  stm32f429i_discovery_i2c_ee.o(.data)
    .bss                                     0x200000cc   Section       88  main.o(.bss)
    .bss                                     0x20000124   Section       96  libspace.o(.bss)
    HEAP                                     0x20000188   Section      512  startup_stm32f429_439xx.o(HEAP)
    Heap_Mem                                 0x20000188   Data         512  startup_stm32f429_439xx.o(HEAP)
    STACK                                    0x20000388   Section     1024  startup_stm32f429_439xx.o(STACK)
    Stack_Mem                                0x20000388   Data        1024  startup_stm32f429_439xx.o(STACK)
    __initial_sp                             0x20000788   Data           0  startup_stm32f429_439xx.o(STACK)

    Global Symbols

    Symbol Name                              Value     Ov Type        Size  Object(Section)

    BuildAttributes$$THM_ISAv4$E$P$D$K$B$S$7EM$VFPi3$EXTD16$VFPS$VFMA$PE$A:L22UL41UL21$X:L11$S22US41US21$IEEE1$IW$USESV6$~STKCKD$USESV7$~SHL$OSPACE$ROPI$EBA8$UX$STANDARDLIB$REQ8$PRES8$EABIv2 0x00000000   Number         0  anon$$obj.o ABSOLUTE
    __ARM_use_no_argv                        0x00000000   Number         0  main.o ABSOLUTE
    __ARM_exceptions_init                     - Undefined Weak Reference
    __alloca_initialize                       - Undefined Weak Reference
    __cpp_initialize__aeabi_                  - Undefined Weak Reference
    __cxa_finalize                            - Undefined Weak Reference
    __rt_locale                               - Undefined Weak Reference
    __sigvec_lookup                           - Undefined Weak Reference
    _atexit_init                              - Undefined Weak Reference
    _call_atexit_fns                          - Undefined Weak Reference
    _clock_init                               - Undefined Weak Reference
    _fp_trap_init                             - Undefined Weak Reference
    _fp_trap_shutdown                         - Undefined Weak Reference
    _get_lc_collate                           - Undefined Weak Reference
    _get_lc_ctype                             - Undefined Weak Reference
    _get_lc_monetary                          - Undefined Weak Reference
    _get_lc_numeric                           - Undefined Weak Reference
    _get_lc_time                              - Undefined Weak Reference
    _getenv_init                              - Undefined Weak Reference
    _handle_redirection                       - Undefined Weak Reference
    _init_alloc                               - Undefined Weak Reference
    _init_user_alloc                          - Undefined Weak Reference
    _initio                                   - Undefined Weak Reference
    _rand_init                                - Undefined Weak Reference
    _signal_finish                            - Undefined Weak Reference
    _signal_init                              - Undefined Weak Reference
    _terminate_alloc                          - Undefined Weak Reference
    _terminate_user_alloc                     - Undefined Weak Reference
    _terminateio                              - Undefined Weak Reference
    __Vectors_Size                           0x000001ac   Number         0  startup_stm32f429_439xx.o ABSOLUTE
    __Vectors                                0x08000000   Data           4  startup_stm32f429_439xx.o(RESET)
    __Vectors_End                            0x080001ac   Data           0  startup_stm32f429_439xx.o(RESET)
    __main                                   0x080001ad   Thumb Code     8  __main.o(!!!main)
    __scatterload                            0x080001b5   Thumb Code     0  __scatter.o(!!!scatter)
    __scatterload_rt2                        0x080001b5   Thumb Code    44  __scatter.o(!!!scatter)
    __scatterload_rt2_thumb_only             0x080001b5   Thumb Code     0  __scatter.o(!!!scatter)
    __scatterload_null                       0x080001c3   Thumb Code     0  __scatter.o(!!!scatter)
    __scatterload_copy                       0x080001e9   Thumb Code    26  __scatter_copy.o(!!handler_copy)
    __scatterload_zeroinit                   0x08000205   Thumb Code    28  __scatter_zi.o(!!handler_zi)
    __rt_lib_init                            0x08000221   Thumb Code     0  libinit.o(.ARM.Collect$$libinit$$00000000)
    __rt_lib_init_fp_1                       0x08000223   Thumb Code     0  libinit2.o(.ARM.Collect$$libinit$$00000001)
    __rt_lib_init_alloca_1                   0x08000227   Thumb Code     0  libinit2.o(.ARM.Collect$$libinit$$0000002C)
    __rt_lib_init_argv_1                     0x08000227   Thumb Code     0  libinit2.o(.ARM.Collect$$libinit$$0000002A)
    __rt_lib_init_atexit_1                   0x08000227   Thumb Code     0  libinit2.o(.ARM.Collect$$libinit$$00000019)
    __rt_lib_init_clock_1                    0x08000227   Thumb Code     0  libinit2.o(.ARM.Collect$$libinit$$0000001F)
    __rt_lib_init_cpp_1                      0x08000227   Thumb Code     0  libinit2.o(.ARM.Collect$$libinit$$00000030)
    __rt_lib_init_exceptions_1               0x08000227   Thumb Code     0  libinit2.o(.ARM.Collect$$libinit$$0000002E)
    __rt_lib_init_fp_trap_1                  0x08000227   Thumb Code     0  libinit2.o(.ARM.Collect$$libinit$$0000001D)
    __rt_lib_init_getenv_1                   0x08000227   Thumb Code     0  libinit2.o(.ARM.Collect$$libinit$$00000021)
    __rt_lib_init_heap_1                     0x08000227   Thumb Code     0  libinit2.o(.ARM.Collect$$libinit$$00000008)
    __rt_lib_init_lc_collate_1               0x08000227   Thumb Code     0  libinit2.o(.ARM.Collect$$libinit$$0000000F)
    __rt_lib_init_lc_ctype_1                 0x08000227   Thumb Code     0  libinit2.o(.ARM.Collect$$libinit$$00000011)
    __rt_lib_init_lc_monetary_1              0x08000227   Thumb Code     0  libinit2.o(.ARM.Collect$$libinit$$00000013)
    __rt_lib_init_lc_numeric_1               0x08000227   Thumb Code     0  libinit2.o(.ARM.Collect$$libinit$$00000015)
    __rt_lib_init_lc_time_1                  0x08000227   Thumb Code     0  libinit2.o(.ARM.Collect$$libinit$$00000017)
    __rt_lib_init_rand_1                     0x08000227   Thumb Code     0  libinit2.o(.ARM.Collect$$libinit$$0000000C)
    __rt_lib_init_return                     0x08000227   Thumb Code     0  libinit2.o(.ARM.Collect$$libinit$$00000031)
    __rt_lib_init_signal_1                   0x08000227   Thumb Code     0  libinit2.o(.ARM.Collect$$libinit$$0000001B)
    __rt_lib_init_stdio_1                    0x08000227   Thumb Code     0  libinit2.o(.ARM.Collect$$libinit$$00000023)
    __rt_lib_init_user_alloc_1               0x08000227   Thumb Code     0  libinit2.o(.ARM.Collect$$libinit$$0000000A)
    __rt_lib_shutdown                        0x08000229   Thumb Code     0  libshutdown.o(.ARM.Collect$$libshutdown$$00000000)
    __rt_lib_shutdown_fp_trap_1              0x0800022b   Thumb Code     0  libshutdown2.o(.ARM.Collect$$libshutdown$$00000006)
    __rt_lib_shutdown_heap_1                 0x0800022b   Thumb Code     0  libshutdown2.o(.ARM.Collect$$libshutdown$$0000000E)
    __rt_lib_shutdown_return                 0x0800022b   Thumb Code     0  libshutdown2.o(.ARM.Collect$$libshutdown$$0000000F)
    __rt_lib_shutdown_signal_1               0x0800022b   Thumb Code     0  libshutdown2.o(.ARM.Collect$$libshutdown$$00000009)
    __rt_lib_shutdown_stdio_1                0x0800022b   Thumb Code     0  libshutdown2.o(.ARM.Collect$$libshutdown$$00000003)
    __rt_lib_shutdown_user_alloc_1           0x0800022b   Thumb Code     0  libshutdown2.o(.ARM.Collect$$libshutdown$$0000000B)
    __rt_entry                               0x0800022d   Thumb Code     0  rtentry.o(.ARM.Collect$$rtentry$$00000000)
    __rt_entry_presh_1                       0x0800022d   Thumb Code     0  rtentry2.o(.ARM.Collect$$rtentry$$00000002)
    __rt_entry_sh                            0x0800022d   Thumb Code     0  rtentry4.o(.ARM.Collect$$rtentry$$00000004)
    __rt_entry_li                            0x08000233   Thumb Code     0  rtentry2.o(.ARM.Collect$$rtentry$$0000000A)
    __rt_entry_postsh_1                      0x08000233   Thumb Code     0  rtentry2.o(.ARM.Collect$$rtentry$$00000009)
    __rt_entry_main                          0x08000237   Thumb Code     0  rtentry2.o(.ARM.Collect$$rtentry$$0000000D)
    __rt_entry_postli_1                      0x08000237   Thumb Code     0  rtentry2.o(.ARM.Collect$$rtentry$$0000000C)
    __rt_exit                                0x0800023f   Thumb Code     0  rtexit.o(.ARM.Collect$$rtexit$$00000000)
    __rt_exit_ls                             0x08000241   Thumb Code     0  rtexit2.o(.ARM.Collect$$rtexit$$00000003)
    __rt_exit_prels_1                        0x08000241   Thumb Code     0  rtexit2.o(.ARM.Collect$$rtexit$$00000002)
    __rt_exit_exit                           0x08000245   Thumb Code     0  rtexit2.o(.ARM.Collect$$rtexit$$00000004)
    Reset_Handler                            0x0800024d   Thumb Code     8  startup_stm32f429_439xx.o(.text)
    ADC_IRQHandler                           0x08000267   Thumb Code     0  startup_stm32f429_439xx.o(.text)
    CAN1_RX0_IRQHandler                      0x08000267   Thumb Code     0  startup_stm32f429_439xx.o(.text)
    CAN1_RX1_IRQHandler                      0x08000267   Thumb Code     0  startup_stm32f429_439xx.o(.text)
    CAN1_SCE_IRQHandler                      0x08000267   Thumb Code     0  startup_stm32f429_439xx.o(.text)
    CAN1_TX_IRQHandler                       0x08000267   Thumb Code     0  startup_stm32f429_439xx.o(.text)
    CAN2_RX0_IRQHandler                      0x08000267   Thumb Code     0  startup_stm32f429_439xx.o(.text)
    CAN2_RX1_IRQHandler                      0x08000267   Thumb Code     0  startup_stm32f429_439xx.o(.text)
    CAN2_SCE_IRQHandler                      0x08000267   Thumb Code     0  startup_stm32f429_439xx.o(.text)
    CAN2_TX_IRQHandler                       0x08000267   Thumb Code     0  startup_stm32f429_439xx.o(.text)
    CRYP_IRQHandler                          0x08000267   Thumb Code     0  startup_stm32f429_439xx.o(.text)
    DCMI_IRQHandler                          0x08000267   Thumb Code     0  startup_stm32f429_439xx.o(.text)
    DMA1_Stream0_IRQHandler                  0x08000267   Thumb Code     0  startup_stm32f429_439xx.o(.text)
    DMA1_Stream1_IRQHandler                  0x08000267   Thumb Code     0  startup_stm32f429_439xx.o(.text)
    DMA1_Stream3_IRQHandler                  0x08000267   Thumb Code     0  startup_stm32f429_439xx.o(.text)
    DMA1_Stream5_IRQHandler                  0x08000267   Thumb Code     0  startup_stm32f429_439xx.o(.text)
    DMA1_Stream6_IRQHandler                  0x08000267   Thumb Code     0  startup_stm32f429_439xx.o(.text)
    DMA1_Stream7_IRQHandler                  0x08000267   Thumb Code     0  startup_stm32f429_439xx.o(.text)
    DMA2D_IRQHandler                         0x08000267   Thumb Code     0  startup_stm32f429_439xx.o(.text)
    DMA2_Stream0_IRQHandler                  0x08000267   Thumb Code     0  startup_stm32f429_439xx.o(.text)
    DMA2_Stream1_IRQHandler                  0x08000267   Thumb Code     0  startup_stm32f429_439xx.o(.text)
    DMA2_Stream2_IRQHandler                  0x08000267   Thumb Code     0  startup_stm32f429_439xx.o(.text)
    DMA2_Stream3_IRQHandler                  0x08000267   Thumb Code     0  startup_stm32f429_439xx.o(.text)
    DMA2_Stream4_IRQHandler                  0x08000267   Thumb Code     0  startup_stm32f429_439xx.o(.text)
    DMA2_Stream5_IRQHandler                  0x08000267   Thumb Code     0  startup_stm32f429_439xx.o(.text)
    DMA2_Stream6_IRQHandler                  0x08000267   Thumb Code     0  startup_stm32f429_439xx.o(.text)
    DMA2_Stream7_IRQHandler                  0x08000267   Thumb Code     0  startup_stm32f429_439xx.o(.text)
    ETH_IRQHandler                           0x08000267   Thumb Code     0  startup_stm32f429_439xx.o(.text)
    ETH_WKUP_IRQHandler                      0x08000267   Thumb Code     0  startup_stm32f429_439xx.o(.text)
    EXTI1_IRQHandler                         0x08000267   Thumb Code     0  startup_stm32f429_439xx.o(.text)
    EXTI3_IRQHandler                         0x08000267   Thumb Code     0  startup_stm32f429_439xx.o(.text)
    EXTI4_IRQHandler                         0x08000267   Thumb Code     0  startup_stm32f429_439xx.o(.text)
    EXTI9_5_IRQHandler                       0x08000267   Thumb Code     0  startup_stm32f429_439xx.o(.text)
    FLASH_IRQHandler                         0x08000267   Thumb Code     0  startup_stm32f429_439xx.o(.text)
    FMC_IRQHandler                           0x08000267   Thumb Code     0  startup_stm32f429_439xx.o(.text)
    FPU_IRQHandler                           0x08000267   Thumb Code     0  startup_stm32f429_439xx.o(.text)
    HASH_RNG_IRQHandler                      0x08000267   Thumb Code     0  startup_stm32f429_439xx.o(.text)
    I2C1_ER_IRQHandler                       0x08000267   Thumb Code     0  startup_stm32f429_439xx.o(.text)
    I2C1_EV_IRQHandler                       0x08000267   Thumb Code     0  startup_stm32f429_439xx.o(.text)
    I2C2_ER_IRQHandler                       0x08000267   Thumb Code     0  startup_stm32f429_439xx.o(.text)
    I2C2_EV_IRQHandler                       0x08000267   Thumb Code     0  startup_stm32f429_439xx.o(.text)
    I2C3_ER_IRQHandler                       0x08000267   Thumb Code     0  startup_stm32f429_439xx.o(.text)
    I2C3_EV_IRQHandler                       0x08000267   Thumb Code     0  startup_stm32f429_439xx.o(.text)
    LTDC_ER_IRQHandler                       0x08000267   Thumb Code     0  startup_stm32f429_439xx.o(.text)
    LTDC_IRQHandler                          0x08000267   Thumb Code     0  startup_stm32f429_439xx.o(.text)
    OTG_FS_IRQHandler                        0x08000267   Thumb Code     0  startup_stm32f429_439xx.o(.text)
    OTG_FS_WKUP_IRQHandler                   0x08000267   Thumb Code     0  startup_stm32f429_439xx.o(.text)
    OTG_HS_EP1_IN_IRQHandler                 0x08000267   Thumb Code     0  startup_stm32f429_439xx.o(.text)
    OTG_HS_EP1_OUT_IRQHandler                0x08000267   Thumb Code     0  startup_stm32f429_439xx.o(.text)
    OTG_HS_IRQHandler                        0x08000267   Thumb Code     0  startup_stm32f429_439xx.o(.text)
    OTG_HS_WKUP_IRQHandler                   0x08000267   Thumb Code     0  startup_stm32f429_439xx.o(.text)
    PVD_IRQHandler                           0x08000267   Thumb Code     0  startup_stm32f429_439xx.o(.text)
    RCC_IRQHandler                           0x08000267   Thumb Code     0  startup_stm32f429_439xx.o(.text)
    RTC_Alarm_IRQHandler                     0x08000267   Thumb Code     0  startup_stm32f429_439xx.o(.text)
    RTC_WKUP_IRQHandler                      0x08000267   Thumb Code     0  startup_stm32f429_439xx.o(.text)
    SAI1_IRQHandler                          0x08000267   Thumb Code     0  startup_stm32f429_439xx.o(.text)
    SDIO_IRQHandler                          0x08000267   Thumb Code     0  startup_stm32f429_439xx.o(.text)
    SPI1_IRQHandler                          0x08000267   Thumb Code     0  startup_stm32f429_439xx.o(.text)
    SPI2_IRQHandler                          0x08000267   Thumb Code     0  startup_stm32f429_439xx.o(.text)
    SPI3_IRQHandler                          0x08000267   Thumb Code     0  startup_stm32f429_439xx.o(.text)
    SPI4_IRQHandler                          0x08000267   Thumb Code     0  startup_stm32f429_439xx.o(.text)
    SPI5_IRQHandler                          0x08000267   Thumb Code     0  startup_stm32f429_439xx.o(.text)
    SPI6_IRQHandler                          0x08000267   Thumb Code     0  startup_stm32f429_439xx.o(.text)
    TAMP_STAMP_IRQHandler                    0x08000267   Thumb Code     0  startup_stm32f429_439xx.o(.text)
    TIM1_BRK_TIM9_IRQHandler                 0x08000267   Thumb Code     0  startup_stm32f429_439xx.o(.text)
    TIM1_CC_IRQHandler                       0x08000267   Thumb Code     0  startup_stm32f429_439xx.o(.text)
    TIM1_TRG_COM_TIM11_IRQHandler            0x08000267   Thumb Code     0  startup_stm32f429_439xx.o(.text)
    TIM1_UP_TIM10_IRQHandler                 0x08000267   Thumb Code     0  startup_stm32f429_439xx.o(.text)
    TIM2_IRQHandler                          0x08000267   Thumb Code     0  startup_stm32f429_439xx.o(.text)
    TIM4_IRQHandler                          0x08000267   Thumb Code     0  startup_stm32f429_439xx.o(.text)
    TIM5_IRQHandler                          0x08000267   Thumb Code     0  startup_stm32f429_439xx.o(.text)
    TIM6_DAC_IRQHandler                      0x08000267   Thumb Code     0  startup_stm32f429_439xx.o(.text)
    TIM7_IRQHandler                          0x08000267   Thumb Code     0  startup_stm32f429_439xx.o(.text)
    TIM8_BRK_TIM12_IRQHandler                0x08000267   Thumb Code     0  startup_stm32f429_439xx.o(.text)
    TIM8_CC_IRQHandler                       0x08000267   Thumb Code     0  startup_stm32f429_439xx.o(.text)
    TIM8_TRG_COM_TIM14_IRQHandler            0x08000267   Thumb Code     0  startup_stm32f429_439xx.o(.text)
    TIM8_UP_TIM13_IRQHandler                 0x08000267   Thumb Code     0  startup_stm32f429_439xx.o(.text)
    UART4_IRQHandler                         0x08000267   Thumb Code     0  startup_stm32f429_439xx.o(.text)
    UART5_IRQHandler                         0x08000267   Thumb Code     0  startup_stm32f429_439xx.o(.text)
    UART7_IRQHandler                         0x08000267   Thumb Code     0  startup_stm32f429_439xx.o(.text)
    UART8_IRQHandler                         0x08000267   Thumb Code     0  startup_stm32f429_439xx.o(.text)
    USART1_IRQHandler                        0x08000267   Thumb Code     0  startup_stm32f429_439xx.o(.text)
    USART2_IRQHandler                        0x08000267   Thumb Code     0  startup_stm32f429_439xx.o(.text)
    USART3_IRQHandler                        0x08000267   Thumb Code     0  startup_stm32f429_439xx.o(.text)
    USART6_IRQHandler                        0x08000267   Thumb Code     0  startup_stm32f429_439xx.o(.text)
    WWDG_IRQHandler                          0x08000267   Thumb Code     0  startup_stm32f429_439xx.o(.text)
    __user_initial_stackheap                 0x08000269   Thumb Code     0  startup_stm32f429_439xx.o(.text)
    __use_two_region_memory                  0x0800028d   Thumb Code     2  heapauxi.o(.text)
    __rt_heap_escrow$2region                 0x0800028f   Thumb Code     2  heapauxi.o(.text)
    __rt_heap_expand$2region                 0x08000291   Thumb Code     2  heapauxi.o(.text)
    __user_setup_stackheap                   0x08000293   Thumb Code    74  sys_stackheap_outer.o(.text)
    exit                                     0x080002dd   Thumb Code    12  exit.o(.text)
    __user_libspace                          0x080002e9   Thumb Code     8  libspace.o(.text)
    __user_perproc_libspace                  0x080002e9   Thumb Code     0  libspace.o(.text)
    __user_perthread_libspace                0x080002e9   Thumb Code     0  libspace.o(.text)
    _sys_exit                                0x080002f1   Thumb Code     8  sys_exit.o(.text)
    __I$use$semihosting                      0x080002fd   Thumb Code     0  use_no_semi.o(.text)
    __use_no_semihosting_swi                 0x080002fd   Thumb Code     2  use_no_semi.o(.text)
    BusFault_Handler                         0x080002ff   Thumb Code     4  stm32f4xx_it.o(i.BusFault_Handler)
    __semihosting_library_function           0x080002ff   Thumb Code     0  indicate_semi.o(.text)
    DMA1_Stream2_IRQHandler                  0x08000305   Thumb Code    50  stm32f429i_discovery_i2c_ee.o(i.DMA1_Stream2_IRQHandler)
    DMA1_Stream4_IRQHandler                  0x08000345   Thumb Code    84  stm32f429i_discovery_i2c_ee.o(i.DMA1_Stream4_IRQHandler)
    DMA_ClearFlag                            0x080003b1   Thumb Code    38  stm32f4xx_dma.o(i.DMA_ClearFlag)
    DMA_Cmd                                  0x080003e5   Thumb Code    22  stm32f4xx_dma.o(i.DMA_Cmd)
    DMA_GetFlagStatus                        0x080003fd   Thumb Code    52  stm32f4xx_dma.o(i.DMA_GetFlagStatus)
    DebugMon_Handler                         0x0800043d   Thumb Code     2  stm32f4xx_it.o(i.DebugMon_Handler)
    EXTI0_IRQHandler                         0x08000441   Thumb Code    70  stm32f4xx_it.o(i.EXTI0_IRQHandler)
    EXTI15_10_IRQHandler                     0x08000495   Thumb Code    76  stm32f4xx_it.o(i.EXTI15_10_IRQHandler)
    EXTI2_IRQHandler                         0x080004f1   Thumb Code    70  stm32f4xx_it.o(i.EXTI2_IRQHandler)
    EXTILine1_Config                         0x08000545   Thumb Code   122  main.o(i.EXTILine1_Config)
    EXTILine2_Config                         0x080005c5   Thumb Code   126  main.o(i.EXTILine2_Config)
    EXTILine3_Config                         0x08000649   Thumb Code   122  main.o(i.EXTILine3_Config)
    EXTI_ClearITPendingBit                   0x080006c9   Thumb Code     6  stm32f4xx_exti.o(i.EXTI_ClearITPendingBit)
    EXTI_Init                                0x080006d5   Thumb Code   142  stm32f4xx_exti.o(i.EXTI_Init)
    FMC_GetFlagStatus                        0x08000769   Thumb Code    64  stm32f4xx_fmc.o(i.FMC_GetFlagStatus)
    FMC_SDRAMCmdConfig                       0x080007b5   Thumb Code    28  stm32f4xx_fmc.o(i.FMC_SDRAMCmdConfig)
    FMC_SDRAMInit                            0x080007d5   Thumb Code   244  stm32f4xx_fmc.o(i.FMC_SDRAMInit)
    FMC_SetRefreshCount                      0x080008d1   Thumb Code    18  stm32f4xx_fmc.o(i.FMC_SetRefreshCount)
    GPIO_Config                              0x080008e9   Thumb Code    48  main.o(i.GPIO_Config)
    GPIO_Init                                0x08000921   Thumb Code   144  stm32f4xx_gpio.o(i.GPIO_Init)
    GPIO_PinAFConfig                         0x080009b1   Thumb Code    70  stm32f4xx_gpio.o(i.GPIO_PinAFConfig)
    GPIO_ResetBits                           0x080009f7   Thumb Code     4  stm32f4xx_gpio.o(i.GPIO_ResetBits)
    GPIO_SetBits                             0x080009fb   Thumb Code     4  stm32f4xx_gpio.o(i.GPIO_SetBits)
    GPIO_WriteBit                            0x080009ff   Thumb Code    10  stm32f4xx_gpio.o(i.GPIO_WriteBit)
    HardFault_Handler                        0x08000a09   Thumb Code     4  stm32f4xx_it.o(i.HardFault_Handler)
    I2C_GenerateSTOP                         0x08000a0d   Thumb Code    24  stm32f4xx_i2c.o(i.I2C_GenerateSTOP)
    I2C_GetFlagStatus                        0x08000a25   Thumb Code    58  stm32f4xx_i2c.o(i.I2C_GetFlagStatus)
    LCD_ChipSelect                           0x08000bc9   Thumb Code    26  stm32f429i_discovery_lcd.o(i.LCD_ChipSelect)
    LCD_Clear                                0x08000be9   Thumb Code    26  stm32f429i_discovery_lcd.o(i.LCD_Clear)
    LCD_CtrlLinesConfig                      0x08000c09   Thumb Code    70  stm32f429i_discovery_lcd.o(i.LCD_CtrlLinesConfig)
    LCD_CtrlLinesWrite                       0x08000c59   Thumb Code    20  stm32f429i_discovery_lcd.o(i.LCD_CtrlLinesWrite)
    LCD_Init                                 0x08000c6d   Thumb Code   154  stm32f429i_discovery_lcd.o(i.LCD_Init)
    LCD_LayerInit                            0x08000d09   Thumb Code   152  stm32f429i_discovery_lcd.o(i.LCD_LayerInit)
    LCD_PowerOn                              0x08000dad   Thumb Code   652  stm32f429i_discovery_lcd.o(i.LCD_PowerOn)
    LCD_SPIConfig                            0x08001039   Thumb Code   204  stm32f429i_discovery_lcd.o(i.LCD_SPIConfig)
    LCD_SetFont                              0x0800110d   Thumb Code     6  stm32f429i_discovery_lcd.o(i.LCD_SetFont)
    LCD_SetLayer                             0x08001119   Thumb Code    32  stm32f429i_discovery_lcd.o(i.LCD_SetLayer)
    LCD_WriteCommand                         0x08001145   Thumb Code    66  stm32f429i_discovery_lcd.o(i.LCD_WriteCommand)
    LCD_WriteData                            0x08001191   Thumb Code    64  stm32f429i_discovery_lcd.o(i.LCD_WriteData)
    LED_Config                               0x080011d9   Thumb Code    16  main.o(i.LED_Config)
    LTDC_Cmd                                 0x080011e9   Thumb Code    30  stm32f4xx_ltdc.o(i.LTDC_Cmd)
    LTDC_DitherCmd                           0x0800120d   Thumb Code    30  stm32f4xx_ltdc.o(i.LTDC_DitherCmd)
    LTDC_Init                                0x08001231   Thumb Code   378  stm32f4xx_ltdc.o(i.LTDC_Init)
    LTDC_LayerCmd                            0x080013b9   Thumb Code    22  stm32f4xx_ltdc.o(i.LTDC_LayerCmd)
    LTDC_LayerInit                           0x080013cf   Thumb Code   276  stm32f4xx_ltdc.o(i.LTDC_LayerInit)
    LTDC_ReloadConfig                        0x080014e5   Thumb Code     6  stm32f4xx_ltdc.o(i.LTDC_ReloadConfig)
    MemManage_Handler                        0x080014f1   Thumb Code     4  stm32f4xx_it.o(i.MemManage_Handler)
    NMI_Handler                              0x080014f5   Thumb Code     2  stm32f4xx_it.o(i.NMI_Handler)
    NVIC_Config                              0x080014f7   Thumb Code    40  main.o(i.NVIC_Config)
    NVIC_Init                                0x08001521   Thumb Code   108  misc.o(i.NVIC_Init)
    PB_Config                                0x08001599   Thumb Code    12  main.o(i.PB_Config)
    PendSV_Handler                           0x080015a5   Thumb Code     2  stm32f4xx_it.o(i.PendSV_Handler)
    RCC_AHB1PeriphClockCmd                   0x080015a9   Thumb Code    26  stm32f4xx_rcc.o(i.RCC_AHB1PeriphClockCmd)
    RCC_AHB3PeriphClockCmd                   0x080015c9   Thumb Code    26  stm32f4xx_rcc.o(i.RCC_AHB3PeriphClockCmd)
    RCC_APB1PeriphClockCmd                   0x080015e9   Thumb Code    26  stm32f4xx_rcc.o(i.RCC_APB1PeriphClockCmd)
    RCC_APB1PeriphResetCmd                   0x08001609   Thumb Code    26  stm32f4xx_rcc.o(i.RCC_APB1PeriphResetCmd)
    RCC_APB2PeriphClockCmd                   0x08001629   Thumb Code    26  stm32f4xx_rcc.o(i.RCC_APB2PeriphClockCmd)
    RCC_APB2PeriphResetCmd                   0x08001649   Thumb Code    26  stm32f4xx_rcc.o(i.RCC_APB2PeriphResetCmd)
    RCC_GetFlagStatus                        0x08001669   Thumb Code    60  stm32f4xx_rcc.o(i.RCC_GetFlagStatus)
    RCC_LTDCCLKDivConfig                     0x080016a9   Thumb Code    18  stm32f4xx_rcc.o(i.RCC_LTDCCLKDivConfig)
    RCC_PLLSAICmd                            0x080016c1   Thumb Code     6  stm32f4xx_rcc.o(i.RCC_PLLSAICmd)
    RCC_PLLSAIConfig                         0x080016cd   Thumb Code    18  stm32f4xx_rcc.o(i.RCC_PLLSAIConfig)
    SDRAM_GPIOConfig                         0x080016e5   Thumb Code   492  stm32f429i_discovery_sdram.o(i.SDRAM_GPIOConfig)
    SDRAM_Init                               0x080018e9   Thumb Code   104  stm32f429i_discovery_sdram.o(i.SDRAM_Init)
    SDRAM_InitSequence                       0x08001951   Thumb Code   200  stm32f429i_discovery_sdram.o(i.SDRAM_InitSequence)
    SPI_Cmd                                  0x08001a19   Thumb Code    24  stm32f4xx_spi.o(i.SPI_Cmd)
    SPI_I2S_DeInit                           0x08001a31   Thumb Code   152  stm32f4xx_spi.o(i.SPI_I2S_DeInit)
    SPI_I2S_GetFlagStatus                    0x08001ae1   Thumb Code    18  stm32f4xx_spi.o(i.SPI_I2S_GetFlagStatus)
    SPI_I2S_SendData                         0x08001af3   Thumb Code     4  stm32f4xx_spi.o(i.SPI_I2S_SendData)
    SPI_Init                                 0x08001af7   Thumb Code    60  stm32f4xx_spi.o(i.SPI_Init)
    STM_EVAL_LEDInit                         0x08001b35   Thumb Code    62  stm32f429i_discovery.o(i.STM_EVAL_LEDInit)
    STM_EVAL_LEDToggle                       0x08001b81   Thumb Code    26  stm32f429i_discovery.o(i.STM_EVAL_LEDToggle)
    STM_EVAL_PBInit                          0x08001ba5   Thumb Code   142  stm32f429i_discovery.o(i.STM_EVAL_PBInit)
    SVC_Handler                              0x08001c51   Thumb Code     2  stm32f4xx_it.o(i.SVC_Handler)
    SYSCFG_EXTILineConfig                    0x08001c55   Thumb Code    60  stm32f4xx_syscfg.o(i.SYSCFG_EXTILineConfig)
    SysTick_Handler                          0x08001db1   Thumb Code     2  stm32f4xx_it.o(i.SysTick_Handler)
    SystemInit                               0x08001db5   Thumb Code    88  system_stm32f4xx.o(i.SystemInit)
    TIM3_IRQHandler                          0x08001e1d   Thumb Code   396  stm32f4xx_it.o(i.TIM3_IRQHandler)
    TIM_ClearITPendingBit                    0x08001fc5   Thumb Code     6  stm32f4xx_tim.o(i.TIM_ClearITPendingBit)
    TIM_Cmd                                  0x08001fcb   Thumb Code    24  stm32f4xx_tim.o(i.TIM_Cmd)
    TIM_GetCapture1                          0x08001fe3   Thumb Code     6  stm32f4xx_tim.o(i.TIM_GetCapture1)
    TIM_GetCounter                           0x08001fe9   Thumb Code     6  stm32f4xx_tim.o(i.TIM_GetCounter)
    TIM_GetITStatus                          0x08001fef   Thumb Code    34  stm32f4xx_tim.o(i.TIM_GetITStatus)
    TIM_ITConfig                             0x08002011   Thumb Code    18  stm32f4xx_tim.o(i.TIM_ITConfig)
    TIM_OC1Init                              0x08002025   Thumb Code   114  stm32f4xx_tim.o(i.TIM_OC1Init)
    TIM_OC1PreloadConfig                     0x080020a1   Thumb Code    18  stm32f4xx_tim.o(i.TIM_OC1PreloadConfig)
    TIM_PrescalerConfig                      0x080020b3   Thumb Code     6  stm32f4xx_tim.o(i.TIM_PrescalerConfig)
    TIM_SetCompare1                          0x080020b9   Thumb Code     4  stm32f4xx_tim.o(i.TIM_SetCompare1)
    TIM_SetCounter                           0x080020bd   Thumb Code     4  stm32f4xx_tim.o(i.TIM_SetCounter)
    TIM_TimeBaseInit                         0x080020c1   Thumb Code   104  stm32f4xx_tim.o(i.TIM_TimeBaseInit)
    Timer_Config                             0x08002145   Thumb Code   110  main.o(i.Timer_Config)
    UsageFault_Handler                       0x080021cd   Thumb Code     4  stm32f4xx_it.o(i.UsageFault_Handler)
    main                                     0x08002211   Thumb Code   506  main.o(i.main)
    sEE_TIMEOUT_UserCallback                 0x08002429   Thumb Code     4  stm32f429i_discovery_i2c_ee.o(i.sEE_TIMEOUT_UserCallback)
    _fp_init                                 0x0800242d   Thumb Code    10  fpinit.o(x$fpl$fpinit)
    __fplib_config_fpu_vfp                   0x08002435   Thumb Code     0  fpinit.o(x$fpl$fpinit)
    __fplib_config_pureend_doubles           0x08002435   Thumb Code     0  fpinit.o(x$fpl$fpinit)
    GPIO_PIN                                 0x08002438   Data           4  stm32f429i_discovery.o(.constdata)
    GPIO_CLK                                 0x0800243c   Data           8  stm32f429i_discovery.o(.constdata)
    BUTTON_PIN                               0x08002444   Data           2  stm32f429i_discovery.o(.constdata)
    BUTTON_CLK                               0x08002448   Data           4  stm32f429i_discovery.o(.constdata)
    BUTTON_EXTI_LINE                         0x0800244c   Data           2  stm32f429i_discovery.o(.constdata)
    BUTTON_PORT_SOURCE                       0x0800244e   Data           1  stm32f429i_discovery.o(.constdata)
    BUTTON_PIN_SOURCE                        0x0800244f   Data           1  stm32f429i_discovery.o(.constdata)
    BUTTON_IRQn                              0x08002450   Data           1  stm32f429i_discovery.o(.constdata)
    ASCII16x24_Table                         0x08002452   Data        4560  stm32f429i_discovery_lcd.o(.constdata)
    ASCII12x12_Table                         0x08003622   Data        2304  stm32f429i_discovery_lcd.o(.constdata)
    ASCII8x12_Table                          0x08003f22   Data        2304  stm32f429i_discovery_lcd.o(.constdata)
    ASCII8x8_Table                           0x08004822   Data        1536  stm32f429i_discovery_lcd.o(.constdata)
    Region$$Table$$Base                      0x08004e24   Number         0  anon$$obj.o(Region$$Table)
    Region$$Table$$Limit                     0x08004e44   Number         0  anon$$obj.o(Region$$Table)
    user_button                              0x20000000   Data           4  main.o(.data)
    external_button1                         0x20000004   Data           4  main.o(.data)
    external_button2                         0x20000008   Data           4  main.o(.data)
    external_button3                         0x2000000c   Data           4  main.o(.data)
    banana1                                  0x20000010   Data           4  main.o(.data)
    banana2                                  0x20000014   Data           4  main.o(.data)
    banana3                                  0x20000018   Data           4  main.o(.data)
    state                                    0x2000001c   Data           4  main.o(.data)
    substate1                                0x20000020   Data           4  main.o(.data)
    substate2                                0x20000024   Data           4  main.o(.data)
    substate3                                0x20000028   Data           4  main.o(.data)
    substate                                 0x2000002c   Data           4  main.o(.data)
    countup                                  0x20000030   Data           4  main.o(.data)
    countdown                                0x20000034   Data           4  main.o(.data)
    PrescalerValue                           0x20000038   Data           2  main.o(.data)
    PrescalerValue_TIM3                      0x2000003a   Data           1  main.o(.data)
    CCR1_Val                                 0x2000003c   Data           2  main.o(.data)
    UBPressed                                0x2000003e   Data           1  main.o(.data)
    i                                        0x20000040   Data           2  main.o(.data)
    HalfSwitch                               0x20000042   Data           2  main.o(.data)
    FullSwitch                               0x20000044   Data           2  main.o(.data)
    TypeSwitch                               0x20000046   Data           2  main.o(.data)
    count                                    0x20000048   Data           2  main.o(.data)
    intTIMCapture                            0x2000004a   Data           2  main.o(.data)
    EXTI_InitStructure                       0x2000004c   Data           8  main.o(.data)
    GPIO_InitStructure                       0x20000054   Data           8  main.o(.data)
    capture                                  0x2000005c   Data           2  stm32f4xx_it.o(.data)
    RTCAlarmCount                            0x20000060   Data           4  stm32f4xx_it.o(.data)
    SystemCoreClock                          0x20000064   Data           4  system_stm32f4xx.o(.data)
    AHBPrescTable                            0x20000068   Data          16  system_stm32f4xx.o(.data)
    GPIO_PORT                                0x20000078   Data           8  stm32f429i_discovery.o(.data)
    BUTTON_PORT                              0x20000080   Data           4  stm32f429i_discovery.o(.data)
    NVIC_InitStructure                       0x20000084   Data           4  stm32f429i_discovery.o(.data)
    Font16x24                                0x20000088   Data           8  stm32f429i_discovery_lcd.o(.data)
    Font12x12                                0x20000090   Data           8  stm32f429i_discovery_lcd.o(.data)
    Font8x12                                 0x20000098   Data           8  stm32f429i_discovery_lcd.o(.data)
    Font8x8                                  0x200000a0   Data           8  stm32f429i_discovery_lcd.o(.data)
    sEEAddress                               0x200000b8   Data           2  stm32f429i_discovery_i2c_ee.o(.data)
    sEETimeout                               0x200000bc   Data           4  stm32f429i_discovery_i2c_ee.o(.data)
    sEEDataReadPointer                       0x200000c0   Data           4  stm32f429i_discovery_i2c_ee.o(.data)
    sEEDataWritePointer                      0x200000c4   Data           4  stm32f429i_discovery_i2c_ee.o(.data)
    sEEDataNum                               0x200000c8   Data           1  stm32f429i_discovery_i2c_ee.o(.data)
    lcd_buffer_1                             0x200000cc   Data          14  main.o(.bss)
    lcd_buffer_2                             0x200000da   Data          14  main.o(.bss)
    view_speed                               0x200000e8   Data          14  main.o(.bss)
    set_speed                                0x200000f6   Data          14  main.o(.bss)
    TIM_TimeBaseStructure                    0x20000104   Data          12  main.o(.bss)
    TIM_OCInitStructure                      0x20000110   Data          20  main.o(.bss)
    __libspace_start                         0x20000124   Data          96  libspace.o(.bss)
    __temporary_stack_top$libspace           0x20000184   Data           0  libspace.o(.bss)



==============================================================================

Memory Map of the image

  Image Entry point : 0x0800024d

  Load Region LR_1 (Base: 0x08000000, Size: 0x00004f10, Max: 0xffffffff, ABSOLUTE)

    Execution Region ER_RO (Base: 0x08000000, Size: 0x00004e44, Max: 0xffffffff, ABSOLUTE)

    Base Addr    Size         Type   Attr      Idx    E Section Name        Object

    0x08000000   0x000001ac   Data   RO          354    RESET               startup_stm32f429_439xx.o
    0x080001ac   0x00000008   Code   RO         3752  * !!!main             c_w.l(__main.o)
    0x080001b4   0x00000034   Code   RO         3906    !!!scatter          c_w.l(__scatter.o)
    0x080001e8   0x0000001a   Code   RO         3908    !!handler_copy      c_w.l(__scatter_copy.o)
    0x08000202   0x00000002   PAD
    0x08000204   0x0000001c   Code   RO         3910    !!handler_zi        c_w.l(__scatter_zi.o)
    0x08000220   0x00000002   Code   RO         3779    .ARM.Collect$$libinit$$00000000  c_w.l(libinit.o)
    0x08000222   0x00000004   Code   RO         3785    .ARM.Collect$$libinit$$00000001  c_w.l(libinit2.o)
    0x08000226   0x00000000   Code   RO         3789    .ARM.Collect$$libinit$$00000008  c_w.l(libinit2.o)
    0x08000226   0x00000000   Code   RO         3791    .ARM.Collect$$libinit$$0000000A  c_w.l(libinit2.o)
    0x08000226   0x00000000   Code   RO         3793    .ARM.Collect$$libinit$$0000000C  c_w.l(libinit2.o)
    0x08000226   0x00000000   Code   RO         3796    .ARM.Collect$$libinit$$0000000F  c_w.l(libinit2.o)
    0x08000226   0x00000000   Code   RO         3798    .ARM.Collect$$libinit$$00000011  c_w.l(libinit2.o)
    0x08000226   0x00000000   Code   RO         3800    .ARM.Collect$$libinit$$00000013  c_w.l(libinit2.o)
    0x08000226   0x00000000   Code   RO         3802    .ARM.Collect$$libinit$$00000015  c_w.l(libinit2.o)
    0x08000226   0x00000000   Code   RO         3804    .ARM.Collect$$libinit$$00000017  c_w.l(libinit2.o)
    0x08000226   0x00000000   Code   RO         3806    .ARM.Collect$$libinit$$00000019  c_w.l(libinit2.o)
    0x08000226   0x00000000   Code   RO         3808    .ARM.Collect$$libinit$$0000001B  c_w.l(libinit2.o)
    0x08000226   0x00000000   Code   RO         3810    .ARM.Collect$$libinit$$0000001D  c_w.l(libinit2.o)
    0x08000226   0x00000000   Code   RO         3812    .ARM.Collect$$libinit$$0000001F  c_w.l(libinit2.o)
    0x08000226   0x00000000   Code   RO         3814    .ARM.Collect$$libinit$$00000021  c_w.l(libinit2.o)
    0x08000226   0x00000000   Code   RO         3816    .ARM.Collect$$libinit$$00000023  c_w.l(libinit2.o)
    0x08000226   0x00000000   Code   RO         3820    .ARM.Collect$$libinit$$0000002A  c_w.l(libinit2.o)
    0x08000226   0x00000000   Code   RO         3822    .ARM.Collect$$libinit$$0000002C  c_w.l(libinit2.o)
    0x08000226   0x00000000   Code   RO         3824    .ARM.Collect$$libinit$$0000002E  c_w.l(libinit2.o)
    0x08000226   0x00000000   Code   RO         3826    .ARM.Collect$$libinit$$00000030  c_w.l(libinit2.o)
    0x08000226   0x00000002   Code   RO         3827    .ARM.Collect$$libinit$$00000031  c_w.l(libinit2.o)
    0x08000228   0x00000002   Code   RO         3847    .ARM.Collect$$libshutdown$$00000000  c_w.l(libshutdown.o)
    0x0800022a   0x00000000   Code   RO         3861    .ARM.Collect$$libshutdown$$00000003  c_w.l(libshutdown2.o)
    0x0800022a   0x00000000   Code   RO         3864    .ARM.Collect$$libshutdown$$00000006  c_w.l(libshutdown2.o)
    0x0800022a   0x00000000   Code   RO         3867    .ARM.Collect$$libshutdown$$00000009  c_w.l(libshutdown2.o)
    0x0800022a   0x00000000   Code   RO         3869    .ARM.Collect$$libshutdown$$0000000B  c_w.l(libshutdown2.o)
    0x0800022a   0x00000000   Code   RO         3872    .ARM.Collect$$libshutdown$$0000000E  c_w.l(libshutdown2.o)
    0x0800022a   0x00000002   Code   RO         3873    .ARM.Collect$$libshutdown$$0000000F  c_w.l(libshutdown2.o)
    0x0800022c   0x00000000   Code   RO         3754    .ARM.Collect$$rtentry$$00000000  c_w.l(rtentry.o)
    0x0800022c   0x00000000   Code   RO         3756    .ARM.Collect$$rtentry$$00000002  c_w.l(rtentry2.o)
    0x0800022c   0x00000006   Code   RO         3768    .ARM.Collect$$rtentry$$00000004  c_w.l(rtentry4.o)
    0x08000232   0x00000000   Code   RO         3758    .ARM.Collect$$rtentry$$00000009  c_w.l(rtentry2.o)
    0x08000232   0x00000004   Code   RO         3759    .ARM.Collect$$rtentry$$0000000A  c_w.l(rtentry2.o)
    0x08000236   0x00000000   Code   RO         3761    .ARM.Collect$$rtentry$$0000000C  c_w.l(rtentry2.o)
    0x08000236   0x00000008   Code   RO         3762    .ARM.Collect$$rtentry$$0000000D  c_w.l(rtentry2.o)
    0x0800023e   0x00000002   Code   RO         3783    .ARM.Collect$$rtexit$$00000000  c_w.l(rtexit.o)
    0x08000240   0x00000000   Code   RO         3829    .ARM.Collect$$rtexit$$00000002  c_w.l(rtexit2.o)
    0x08000240   0x00000004   Code   RO         3830    .ARM.Collect$$rtexit$$00000003  c_w.l(rtexit2.o)
    0x08000244   0x00000006   Code   RO         3831    .ARM.Collect$$rtexit$$00000004  c_w.l(rtexit2.o)
    0x0800024a   0x00000002   PAD
    0x0800024c   0x00000040   Code   RO          355  * .text               startup_stm32f429_439xx.o
    0x0800028c   0x00000006   Code   RO         3750    .text               c_w.l(heapauxi.o)
    0x08000292   0x0000004a   Code   RO         3770    .text               c_w.l(sys_stackheap_outer.o)
    0x080002dc   0x0000000c   Code   RO         3772    .text               c_w.l(exit.o)
    0x080002e8   0x00000008   Code   RO         3780    .text               c_w.l(libspace.o)
    0x080002f0   0x0000000c   Code   RO         3839    .text               c_w.l(sys_exit.o)
    0x080002fc   0x00000002   Code   RO         3850    .text               c_w.l(use_no_semi.o)
    0x080002fe   0x00000000   Code   RO         3852    .text               c_w.l(indicate_semi.o)
    0x080002fe   0x00000004   Code   RO          215    i.BusFault_Handler  stm32f4xx_it.o
    0x08000302   0x00000002   PAD
    0x08000304   0x00000040   Code   RO         3679    i.DMA1_Stream2_IRQHandler  stm32f429i_discovery_i2c_ee.o
    0x08000344   0x0000006c   Code   RO         3680    i.DMA1_Stream4_IRQHandler  stm32f429i_discovery_i2c_ee.o
    0x080003b0   0x00000034   Code   RO          647    i.DMA_ClearFlag     stm32f4xx_dma.o
    0x080003e4   0x00000016   Code   RO          649    i.DMA_Cmd           stm32f4xx_dma.o
    0x080003fa   0x00000002   PAD
    0x080003fc   0x00000040   Code   RO          658    i.DMA_GetFlagStatus  stm32f4xx_dma.o
    0x0800043c   0x00000002   Code   RO          216    i.DebugMon_Handler  stm32f4xx_it.o
    0x0800043e   0x00000002   PAD
    0x08000440   0x00000054   Code   RO          217    i.EXTI0_IRQHandler  stm32f4xx_it.o
    0x08000494   0x0000005c   Code   RO          219    i.EXTI15_10_IRQHandler  stm32f4xx_it.o
    0x080004f0   0x00000054   Code   RO          220    i.EXTI2_IRQHandler  stm32f4xx_it.o
    0x08000544   0x00000080   Code   RO            3    i.EXTILine1_Config  main.o
    0x080005c4   0x00000084   Code   RO            4    i.EXTILine2_Config  main.o
    0x08000648   0x00000080   Code   RO            5    i.EXTILine3_Config  main.o
    0x080006c8   0x0000000c   Code   RO          904    i.EXTI_ClearITPendingBit  stm32f4xx_exti.o
    0x080006d4   0x00000094   Code   RO          909    i.EXTI_Init         stm32f4xx_exti.o
    0x08000768   0x0000004c   Code   RO          968    i.FMC_GetFlagStatus  stm32f4xx_fmc.o
    0x080007b4   0x00000020   Code   RO          985    i.FMC_SDRAMCmdConfig  stm32f4xx_fmc.o
    0x080007d4   0x000000fc   Code   RO          987    i.FMC_SDRAMInit     stm32f4xx_fmc.o
    0x080008d0   0x00000018   Code   RO          991    i.FMC_SetRefreshCount  stm32f4xx_fmc.o
    0x080008e8   0x00000038   Code   RO            6    i.GPIO_Config       main.o
    0x08000920   0x00000090   Code   RO         1142    i.GPIO_Init         stm32f4xx_gpio.o
    0x080009b0   0x00000046   Code   RO         1143    i.GPIO_PinAFConfig  stm32f4xx_gpio.o
    0x080009f6   0x00000004   Code   RO         1149    i.GPIO_ResetBits    stm32f4xx_gpio.o
    0x080009fa   0x00000004   Code   RO         1150    i.GPIO_SetBits      stm32f4xx_gpio.o
    0x080009fe   0x0000000a   Code   RO         1154    i.GPIO_WriteBit     stm32f4xx_gpio.o
    0x08000a08   0x00000004   Code   RO          221    i.HardFault_Handler  stm32f4xx_it.o
    0x08000a0c   0x00000018   Code   RO         1255    i.I2C_GenerateSTOP  stm32f4xx_i2c.o
    0x08000a24   0x0000003a   Code   RO         1256    i.I2C_GetFlagStatus  stm32f4xx_i2c.o
    0x08000a5e   0x00000002   PAD
    0x08000a60   0x00000168   Code   RO         3304    i.LCD_AF_GPIOConfig  stm32f429i_discovery_lcd.o
    0x08000bc8   0x00000020   Code   RO         3305    i.LCD_ChipSelect    stm32f429i_discovery_lcd.o
    0x08000be8   0x00000020   Code   RO         3306    i.LCD_Clear         stm32f429i_discovery_lcd.o
    0x08000c08   0x00000050   Code   RO         3310    i.LCD_CtrlLinesConfig  stm32f429i_discovery_lcd.o
    0x08000c58   0x00000014   Code   RO         3311    i.LCD_CtrlLinesWrite  stm32f429i_discovery_lcd.o
    0x08000c6c   0x0000009a   Code   RO         3331    i.LCD_Init          stm32f429i_discovery_lcd.o
    0x08000d06   0x00000002   PAD
    0x08000d08   0x000000a4   Code   RO         3332    i.LCD_LayerInit     stm32f429i_discovery_lcd.o
    0x08000dac   0x0000028c   Code   RO         3336    i.LCD_PowerOn       stm32f429i_discovery_lcd.o
    0x08001038   0x000000d4   Code   RO         3338    i.LCD_SPIConfig     stm32f429i_discovery_lcd.o
    0x0800110c   0x0000000c   Code   RO         3344    i.LCD_SetFont       stm32f429i_discovery_lcd.o
    0x08001118   0x0000002c   Code   RO         3345    i.LCD_SetLayer      stm32f429i_discovery_lcd.o
    0x08001144   0x0000004c   Code   RO         3351    i.LCD_WriteCommand  stm32f429i_discovery_lcd.o
    0x08001190   0x00000048   Code   RO         3352    i.LCD_WriteData     stm32f429i_discovery_lcd.o
    0x080011d8   0x00000010   Code   RO            7    i.LED_Config        main.o
    0x080011e8   0x00000024   Code   RO         1468    i.LTDC_Cmd          stm32f4xx_ltdc.o
    0x0800120c   0x00000024   Code   RO         1472    i.LTDC_DitherCmd    stm32f4xx_ltdc.o
    0x08001230   0x00000188   Code   RO         1479    i.LTDC_Init         stm32f4xx_ltdc.o
    0x080013b8   0x00000016   Code   RO         1483    i.LTDC_LayerCmd     stm32f4xx_ltdc.o
    0x080013ce   0x00000114   Code   RO         1484    i.LTDC_LayerInit    stm32f4xx_ltdc.o
    0x080014e2   0x00000002   PAD
    0x080014e4   0x0000000c   Code   RO         1491    i.LTDC_ReloadConfig  stm32f4xx_ltdc.o
    0x080014f0   0x00000004   Code   RO          222    i.MemManage_Handler  stm32f4xx_it.o
    0x080014f4   0x00000002   Code   RO          223    i.NMI_Handler       stm32f4xx_it.o
    0x080014f6   0x00000028   Code   RO            8    i.NVIC_Config       main.o
    0x0800151e   0x00000002   PAD
    0x08001520   0x00000078   Code   RO          361    i.NVIC_Init         misc.o
    0x08001598   0x0000000c   Code   RO            9    i.PB_Config         main.o
    0x080015a4   0x00000002   Code   RO          224    i.PendSV_Handler    stm32f4xx_it.o
    0x080015a6   0x00000002   PAD
    0x080015a8   0x00000020   Code   RO         1657    i.RCC_AHB1PeriphClockCmd  stm32f4xx_rcc.o
    0x080015c8   0x00000020   Code   RO         1663    i.RCC_AHB3PeriphClockCmd  stm32f4xx_rcc.o
    0x080015e8   0x00000020   Code   RO         1666    i.RCC_APB1PeriphClockCmd  stm32f4xx_rcc.o
    0x08001608   0x00000020   Code   RO         1668    i.RCC_APB1PeriphResetCmd  stm32f4xx_rcc.o
    0x08001628   0x00000020   Code   RO         1669    i.RCC_APB2PeriphClockCmd  stm32f4xx_rcc.o
    0x08001648   0x00000020   Code   RO         1671    i.RCC_APB2PeriphResetCmd  stm32f4xx_rcc.o
    0x08001668   0x00000040   Code   RO         1679    i.RCC_GetFlagStatus  stm32f4xx_rcc.o
    0x080016a8   0x00000018   Code   RO         1689    i.RCC_LTDCCLKDivConfig  stm32f4xx_rcc.o
    0x080016c0   0x0000000c   Code   RO         1698    i.RCC_PLLSAICmd     stm32f4xx_rcc.o
    0x080016cc   0x00000018   Code   RO         1699    i.RCC_PLLSAIConfig  stm32f4xx_rcc.o
    0x080016e4   0x00000204   Code   RO         3630    i.SDRAM_GPIOConfig  stm32f429i_discovery_sdram.o
    0x080018e8   0x00000068   Code   RO         3631    i.SDRAM_Init        stm32f429i_discovery_sdram.o
    0x08001950   0x000000c8   Code   RO         3632    i.SDRAM_InitSequence  stm32f429i_discovery_sdram.o
    0x08001a18   0x00000018   Code   RO         1991    i.SPI_Cmd           stm32f4xx_spi.o
    0x08001a30   0x000000b0   Code   RO         1998    i.SPI_I2S_DeInit    stm32f4xx_spi.o
    0x08001ae0   0x00000012   Code   RO         1999    i.SPI_I2S_GetFlagStatus  stm32f4xx_spi.o
    0x08001af2   0x00000004   Code   RO         2003    i.SPI_I2S_SendData  stm32f4xx_spi.o
    0x08001af6   0x0000003c   Code   RO         2004    i.SPI_Init          stm32f4xx_spi.o
    0x08001b32   0x00000002   PAD
    0x08001b34   0x0000004c   Code   RO         3231    i.STM_EVAL_LEDInit  stm32f429i_discovery.o
    0x08001b80   0x00000024   Code   RO         3234    i.STM_EVAL_LEDToggle  stm32f429i_discovery.o
    0x08001ba4   0x000000ac   Code   RO         3236    i.STM_EVAL_PBInit   stm32f429i_discovery.o
    0x08001c50   0x00000002   Code   RO          225    i.SVC_Handler       stm32f4xx_it.o
    0x08001c52   0x00000002   PAD
    0x08001c54   0x00000040   Code   RO         2152    i.SYSCFG_EXTILineConfig  stm32f4xx_syscfg.o
    0x08001c94   0x0000011c   Code   RO          317    i.SetSysClock       system_stm32f4xx.o
    0x08001db0   0x00000002   Code   RO          226    i.SysTick_Handler   stm32f4xx_it.o
    0x08001db2   0x00000002   PAD
    0x08001db4   0x00000068   Code   RO          319    i.SystemInit        system_stm32f4xx.o
    0x08001e1c   0x000001a8   Code   RO          227    i.TIM3_IRQHandler   stm32f4xx_it.o
    0x08001fc4   0x00000006   Code   RO         2216    i.TIM_ClearITPendingBit  stm32f4xx_tim.o
    0x08001fca   0x00000018   Code   RO         2221    i.TIM_Cmd           stm32f4xx_tim.o
    0x08001fe2   0x00000006   Code   RO         2236    i.TIM_GetCapture1   stm32f4xx_tim.o
    0x08001fe8   0x00000006   Code   RO         2240    i.TIM_GetCounter    stm32f4xx_tim.o
    0x08001fee   0x00000022   Code   RO         2242    i.TIM_GetITStatus   stm32f4xx_tim.o
    0x08002010   0x00000012   Code   RO         2246    i.TIM_ITConfig      stm32f4xx_tim.o
    0x08002022   0x00000002   PAD
    0x08002024   0x0000007c   Code   RO         2250    i.TIM_OC1Init       stm32f4xx_tim.o
    0x080020a0   0x00000012   Code   RO         2253    i.TIM_OC1PreloadConfig  stm32f4xx_tim.o
    0x080020b2   0x00000006   Code   RO         2270    i.TIM_PrescalerConfig  stm32f4xx_tim.o
    0x080020b8   0x00000004   Code   RO         2283    i.TIM_SetCompare1   stm32f4xx_tim.o
    0x080020bc   0x00000004   Code   RO         2287    i.TIM_SetCounter    stm32f4xx_tim.o
    0x080020c0   0x00000084   Code   RO         2293    i.TIM_TimeBaseInit  stm32f4xx_tim.o
    0x08002144   0x00000088   Code   RO           10    i.Timer_Config      main.o
    0x080021cc   0x00000004   Code   RO          228    i.UsageFault_Handler  stm32f4xx_it.o
    0x080021d0   0x0000001c   Code   RO         3354    i.delay             stm32f429i_discovery_lcd.o
    0x080021ec   0x00000024   Code   RO         3635    i.delay             stm32f429i_discovery_sdram.o
    0x08002210   0x00000218   Code   RO           11    i.main              main.o
    0x08002428   0x00000004   Code   RO         3684    i.sEE_TIMEOUT_UserCallback  stm32f429i_discovery_i2c_ee.o
    0x0800242c   0x0000000a   Code   RO         3837    x$fpl$fpinit        fz_wm.l(fpinit.o)
    0x08002436   0x00000002   PAD
    0x08002438   0x00000019   Data   RO         3241    .constdata          stm32f429i_discovery.o
    0x08002451   0x00000001   PAD
    0x08002452   0x000029d0   Data   RO         3355    .constdata          stm32f429i_discovery_lcd.o
    0x08004e22   0x00000002   PAD
    0x08004e24   0x00000020   Data   RO         3904    Region$$Table       anon$$obj.o


    Execution Region ER_RW (Base: 0x20000000, Size: 0x000000cc, Max: 0xffffffff, ABSOLUTE)

    Base Addr    Size         Type   Attr      Idx    E Section Name        Object

    0x20000000   0x0000005c   Data   RW           13    .data               main.o
    0x2000005c   0x00000008   Data   RW          229    .data               stm32f4xx_it.o
    0x20000064   0x00000014   Data   RW          320    .data               system_stm32f4xx.o
    0x20000078   0x00000010   Data   RW         3242    .data               stm32f429i_discovery.o
    0x20000088   0x00000030   Data   RW         3356    .data               stm32f429i_discovery_lcd.o
    0x200000b8   0x00000011   Data   RW         3688    .data               stm32f429i_discovery_i2c_ee.o


    Execution Region ER_ZI (Base: 0x200000cc, Size: 0x000006bc, Max: 0xffffffff, ABSOLUTE)

    Base Addr    Size         Type   Attr      Idx    E Section Name        Object

    0x200000cc   0x00000058   Zero   RW           12    .bss                main.o
    0x20000124   0x00000060   Zero   RW         3781    .bss                c_w.l(libspace.o)
    0x20000184   0x00000004   PAD
    0x20000188   0x00000200   Zero   RW          353    HEAP                startup_stm32f429_439xx.o
    0x20000388   0x00000400   Zero   RW          352    STACK               startup_stm32f429_439xx.o


==============================================================================

Image component sizes


      Code (inc. data)   RO Data    RW Data    ZI Data      Debug   Object Name

      1184         82          0         92         88     329024   main.o
       120         12          0          0          0       1340   misc.o
        64         26        428          0       1536        840   startup_stm32f429_439xx.o
       284         54         25         16          0       3696   stm32f429i_discovery.o
       176         38          0         17          0       3125   stm32f429i_discovery_i2c_ee.o
      1938        104      10704         48          0      13229   stm32f429i_discovery_lcd.o
       856         28          0          0          0       3865   stm32f429i_discovery_sdram.o
       138         26          0          0          0       3682   stm32f4xx_dma.o
       160         12          0          0          0       1973   stm32f4xx_exti.o
       384         30          0          0          0       4175   stm32f4xx_fmc.o
       232          0          0          0          0       4347   stm32f4xx_gpio.o
        82          0          0          0          0       2187   stm32f4xx_i2c.o
       710         72          0          8          0       8032   stm32f4xx_it.o
       774         32          0          0          0       5153   stm32f4xx_ltdc.o
       316         58          0          0          0       7288   stm32f4xx_rcc.o
       282         24          0          0          0       4429   stm32f4xx_spi.o
        64          4          0          0          0        788   stm32f4xx_syscfg.o
       382         38          0          0          0       9639   stm32f4xx_tim.o
       388         32          0         20          0       1945   system_stm32f4xx.o

    ----------------------------------------------------------------------
      8558        672      11192        204       1624     408757   Object Totals
         0          0         32          0          0          0   (incl. Generated)
        24          0          3          3          0          0   (incl. Padding)

    ----------------------------------------------------------------------

      Code (inc. data)   RO Data    RW Data    ZI Data      Debug   Library Member Name

         8          0          0          0          0         68   __main.o
        52          8          0          0          0          0   __scatter.o
        26          0          0          0          0          0   __scatter_copy.o
        28          0          0          0          0          0   __scatter_zi.o
        12          0          0          0          0         72   exit.o
         6          0          0          0          0        152   heapauxi.o
         0          0          0          0          0          0   indicate_semi.o
         2          0          0          0          0          0   libinit.o
         6          0          0          0          0          0   libinit2.o
         2          0          0          0          0          0   libshutdown.o
         2          0          0          0          0          0   libshutdown2.o
         8          4          0          0         96         68   libspace.o
         0          0          0          0          0          0   rtentry.o
        12          0          0          0          0          0   rtentry2.o
         6          0          0          0          0          0   rtentry4.o
         2          0          0          0          0          0   rtexit.o
        10          0          0          0          0          0   rtexit2.o
        12          4          0          0          0         68   sys_exit.o
        74          0          0          0          0         80   sys_stackheap_outer.o
         2          0          0          0          0         68   use_no_semi.o
        10          0          0          0          0        116   fpinit.o

    ----------------------------------------------------------------------
       286         16          0          0        100        692   Library Totals
         6          0          0          0          4          0   (incl. Padding)

    ----------------------------------------------------------------------

      Code (inc. data)   RO Data    RW Data    ZI Data      Debug   Library Name

       270         16          0          0         96        576   c_w.l
        10          0          0          0          0        116   fz_wm.l

    ----------------------------------------------------------------------
       286         16          0          0        100        692   Library Totals

    ----------------------------------------------------------------------

==============================================================================


      Code (inc. data)   RO Data    RW Data    ZI Data      Debug   

      8844        688      11192        204       1724     399689   Grand Totals
      8844        688      11192        204       1724     399689   ELF Image Totals
      8844        688      11192        204          0          0   ROM Totals

==============================================================================

    Total RO  Size (Code + RO Data)                20036 (  19.57kB)
    Total RW  Size (RW Data + ZI Data)              1928 (   1.88kB)
    Total ROM Size (Code + RO Data + RW Data)      20240 (  19.77kB)

==============================================================================

