ARM Linker, 5.03 [Build 76] [MDK-ARM Lite]

==============================================================================

Section Cross References

    main.o(i.ADC3_CH12_DMA_Config) refers to stm32f4xx_rcc.o(i.RCC_AHB1PeriphClockCmd) for RCC_AHB1PeriphClockCmd
    main.o(i.ADC3_CH12_DMA_Config) refers to stm32f4xx_rcc.o(i.RCC_APB2PeriphClockCmd) for RCC_APB2PeriphClockCmd
    main.o(i.ADC3_CH12_DMA_Config) refers to stm32f4xx_dma.o(i.DMA_Init) for DMA_Init
    main.o(i.ADC3_CH12_DMA_Config) refers to stm32f4xx_dma.o(i.DMA_Cmd) for DMA_Cmd
    main.o(i.ADC3_CH12_DMA_Config) refers to stm32f4xx_gpio.o(i.GPIO_Init) for GPIO_Init
    main.o(i.ADC3_CH12_DMA_Config) refers to stm32f4xx_adc.o(i.ADC_CommonInit) for ADC_CommonInit
    main.o(i.ADC3_CH12_DMA_Config) refers to stm32f4xx_adc.o(i.ADC_Init) for ADC_Init
    main.o(i.ADC3_CH12_DMA_Config) refers to stm32f4xx_adc.o(i.ADC_RegularChannelConfig) for ADC_RegularChannelConfig
    main.o(i.ADC3_CH12_DMA_Config) refers to stm32f4xx_adc.o(i.ADC_DMARequestAfterLastTransferCmd) for ADC_DMARequestAfterLastTransferCmd
    main.o(i.ADC3_CH12_DMA_Config) refers to stm32f4xx_adc.o(i.ADC_DMACmd) for ADC_DMACmd
    main.o(i.ADC3_CH12_DMA_Config) refers to stm32f4xx_adc.o(i.ADC_Cmd) for ADC_Cmd
    main.o(i.ADC3_CH12_DMA_Config) refers to main.o(.data) for ADC3ConvertedValue
    main.o(i.BUT1OFF) refers to stm32f429i_discovery_lcd.o(i.LCD_GetFont) for LCD_GetFont
    main.o(i.BUT1OFF) refers to stm32f429i_discovery_lcd.o(i.LCD_DisplayStringLine) for LCD_DisplayStringLine
    main.o(i.BUT1OFF) refers to printfa.o(i.__0sprintf) for __2sprintf
    main.o(i.BUT1OFF) refers to main.o(.data) for external_button1
    main.o(i.BUT1OFF) refers to main.o(.bss) for set_temp
    main.o(i.BUT1ON) refers to stm32f429i_discovery_lcd.o(i.LCD_GetFont) for LCD_GetFont
    main.o(i.BUT1ON) refers to stm32f429i_discovery_lcd.o(i.LCD_DisplayStringLine) for LCD_DisplayStringLine
    main.o(i.BUT1ON) refers to dadd.o(.text) for __aeabi_dadd
    main.o(i.BUT1ON) refers to main.o(.data) for substate1
    main.o(i.BUT2OFF) refers to stm32f429i_discovery_lcd.o(i.LCD_GetFont) for LCD_GetFont
    main.o(i.BUT2OFF) refers to stm32f429i_discovery_lcd.o(i.LCD_DisplayStringLine) for LCD_DisplayStringLine
    main.o(i.BUT2OFF) refers to printfa.o(i.__0sprintf) for __2sprintf
    main.o(i.BUT2OFF) refers to main.o(.data) for external_button2
    main.o(i.BUT2OFF) refers to main.o(.bss) for set_temp
    main.o(i.BUT2ON) refers to stm32f429i_discovery_lcd.o(i.LCD_GetFont) for LCD_GetFont
    main.o(i.BUT2ON) refers to stm32f429i_discovery_lcd.o(i.LCD_DisplayStringLine) for LCD_DisplayStringLine
    main.o(i.BUT2ON) refers to dadd.o(.text) for __aeabi_dsub
    main.o(i.BUT2ON) refers to main.o(.data) for substate2
    main.o(i.EXTILine1_Config) refers to stm32f4xx_rcc.o(i.RCC_AHB1PeriphClockCmd) for RCC_AHB1PeriphClockCmd
    main.o(i.EXTILine1_Config) refers to stm32f4xx_rcc.o(i.RCC_APB2PeriphClockCmd) for RCC_APB2PeriphClockCmd
    main.o(i.EXTILine1_Config) refers to stm32f4xx_gpio.o(i.GPIO_Init) for GPIO_Init
    main.o(i.EXTILine1_Config) refers to stm32f4xx_syscfg.o(i.SYSCFG_EXTILineConfig) for SYSCFG_EXTILineConfig
    main.o(i.EXTILine1_Config) refers to stm32f4xx_exti.o(i.EXTI_Init) for EXTI_Init
    main.o(i.EXTILine1_Config) refers to misc.o(i.NVIC_Init) for NVIC_Init
    main.o(i.EXTILine2_Config) refers to stm32f4xx_rcc.o(i.RCC_AHB1PeriphClockCmd) for RCC_AHB1PeriphClockCmd
    main.o(i.EXTILine2_Config) refers to stm32f4xx_rcc.o(i.RCC_APB2PeriphClockCmd) for RCC_APB2PeriphClockCmd
    main.o(i.EXTILine2_Config) refers to stm32f4xx_gpio.o(i.GPIO_Init) for GPIO_Init
    main.o(i.EXTILine2_Config) refers to stm32f4xx_syscfg.o(i.SYSCFG_EXTILineConfig) for SYSCFG_EXTILineConfig
    main.o(i.EXTILine2_Config) refers to stm32f4xx_exti.o(i.EXTI_Init) for EXTI_Init
    main.o(i.EXTILine2_Config) refers to misc.o(i.NVIC_Init) for NVIC_Init
    main.o(i.GPIO_Config) refers to stm32f4xx_rcc.o(i.RCC_APB1PeriphClockCmd) for RCC_APB1PeriphClockCmd
    main.o(i.GPIO_Config) refers to stm32f4xx_rcc.o(i.RCC_AHB1PeriphClockCmd) for RCC_AHB1PeriphClockCmd
    main.o(i.GPIO_Config) refers to stm32f4xx_gpio.o(i.GPIO_Init) for GPIO_Init
    main.o(i.GPIO_Config) refers to stm32f4xx_gpio.o(i.GPIO_PinAFConfig) for GPIO_PinAFConfig
    main.o(i.LED_Config) refers to stm32f429i_discovery.o(i.STM_EVAL_LEDInit) for STM_EVAL_LEDInit
    main.o(i.NVIC_Config) refers to stm32f4xx_rcc.o(i.RCC_APB1PeriphClockCmd) for RCC_APB1PeriphClockCmd
    main.o(i.NVIC_Config) refers to misc.o(i.NVIC_Init) for NVIC_Init
    main.o(i.PB_Config) refers to stm32f429i_discovery.o(i.STM_EVAL_PBInit) for STM_EVAL_PBInit
    main.o(i.PWM_Config) refers to stm32f4xx_tim.o(i.TIM_TimeBaseInit) for TIM_TimeBaseInit
    main.o(i.PWM_Config) refers to stm32f4xx_tim.o(i.TIM_OC1Init) for TIM_OC1Init
[...]
    Removing stm32f4xx_pwr.o(.rev16_text), (4 bytes).
    Removing stm32f4xx_pwr.o(.revsh_text), (4 bytes).
    Removing stm32f4xx_pwr.o(i.PWR_BackupAccessCmd), (12 bytes).
    Removing stm32f4xx_pwr.o(i.PWR_BackupRegulatorCmd), (12 bytes).
    Removing stm32f4xx_pwr.o(i.PWR_ClearFlag), (40 bytes).
    Removing stm32f4xx_pwr.o(i.PWR_DeInit), (22 bytes).
    Removing stm32f4xx_pwr.o(i.PWR_EnterSTANDBYMode), (52 bytes).
    Removing stm32f4xx_pwr.o(i.PWR_EnterSTOPMode), (68 bytes).
    Removing stm32f4xx_pwr.o(i.PWR_EnterUnderDriveSTOPMode), (68 bytes).
    Removing stm32f4xx_pwr.o(i.PWR_FlashPowerDownCmd), (12 bytes).
    Removing stm32f4xx_pwr.o(i.PWR_GetFlagStatus), (24 bytes).
    Removing stm32f4xx_pwr.o(i.PWR_MainRegulatorModeConfig), (24 bytes).
    Removing stm32f4xx_pwr.o(i.PWR_OverDriveCmd), (12 bytes).
    Removing stm32f4xx_pwr.o(i.PWR_OverDriveSWCmd), (12 bytes).
    Removing stm32f4xx_pwr.o(i.PWR_PVDCmd), (12 bytes).
    Removing stm32f4xx_pwr.o(i.PWR_PVDLevelConfig), (24 bytes).
    Removing stm32f4xx_pwr.o(i.PWR_UnderDriveCmd), (36 bytes).
    Removing stm32f4xx_pwr.o(i.PWR_WakeUpPinCmd), (12 bytes).
    Removing stm32f4xx_fmc.o(.rev16_text), (4 bytes).
    Removing stm32f4xx_fmc.o(.revsh_text), (4 bytes).
    Removing stm32f4xx_fmc.o(i.FMC_ClearFlag), (100 bytes).
    Removing stm32f4xx_fmc.o(i.FMC_ClearITPendingBit), (100 bytes).
    Removing stm32f4xx_fmc.o(i.FMC_GetECC), (28 bytes).
    Removing stm32f4xx_fmc.o(i.FMC_GetITStatus), (108 bytes).
    Removing stm32f4xx_fmc.o(i.FMC_GetModeStatus), (36 bytes).
    Removing stm32f4xx_fmc.o(i.FMC_ITConfig), (188 bytes).
    Removing stm32f4xx_fmc.o(i.FMC_NANDCmd), (92 bytes).
    Removing stm32f4xx_fmc.o(i.FMC_NANDDeInit), (72 bytes).
    Removing stm32f4xx_fmc.o(i.FMC_NANDECCCmd), (92 bytes).
    Removing stm32f4xx_fmc.o(i.FMC_NANDInit), (140 bytes).
    Removing stm32f4xx_fmc.o(i.FMC_NANDStructInit), (58 bytes).
    Removing stm32f4xx_fmc.o(i.FMC_NORSRAMCmd), (52 bytes).
    Removing stm32f4xx_fmc.o(i.FMC_NORSRAMDeInit), (56 bytes).
    Removing stm32f4xx_fmc.o(i.FMC_NORSRAMInit), (292 bytes).
    Removing stm32f4xx_fmc.o(i.FMC_NORSRAMStructInit), (120 bytes).
    Removing stm32f4xx_fmc.o(i.FMC_PCCARDCmd), (48 bytes).
    Removing stm32f4xx_fmc.o(i.FMC_PCCARDDeInit), (48 bytes).
    Removing stm32f4xx_fmc.o(i.FMC_PCCARDInit), (136 bytes).
    Removing stm32f4xx_fmc.o(i.FMC_PCCARDStructInit), (60 bytes).
    Removing stm32f4xx_fmc.o(i.FMC_SDRAMDeInit), (56 bytes).
    Removing stm32f4xx_fmc.o(i.FMC_SDRAMStructInit), (64 bytes).
    Removing stm32f4xx_fmc.o(i.FMC_SDRAMWriteProtectionConfig), (64 bytes).
    Removing stm32f4xx_fmc.o(i.FMC_SetAutoRefresh_Number), (24 bytes).
    Removing stm32f4xx_ltdc.o(.rev16_text), (4 bytes).
    Removing stm32f4xx_ltdc.o(.revsh_text), (4 bytes).
    Removing stm32f4xx_ltdc.o(i.LTDC_CLUTCmd), (32 bytes).
    Removing stm32f4xx_ltdc.o(i.LTDC_CLUTInit), (32 bytes).
    Removing stm32f4xx_ltdc.o(i.LTDC_CLUTStructInit), (12 bytes).
    Removing stm32f4xx_ltdc.o(i.LTDC_ClearFlag), (12 bytes).
    Removing stm32f4xx_ltdc.o(i.LTDC_ClearITPendingBit), (12 bytes).
    Removing stm32f4xx_ltdc.o(i.LTDC_ColorKeyingConfig), (68 bytes).
    Removing stm32f4xx_ltdc.o(i.LTDC_ColorKeyingStructInit), (10 bytes).
    Removing stm32f4xx_ltdc.o(i.LTDC_DeInit), (22 bytes).
    Removing stm32f4xx_ltdc.o(i.LTDC_GetCDStatus), (24 bytes).
    Removing stm32f4xx_ltdc.o(i.LTDC_GetFlagStatus), (24 bytes).
    Removing stm32f4xx_ltdc.o(i.LTDC_GetITStatus), (44 bytes).
    Removing stm32f4xx_ltdc.o(i.LTDC_GetPosStatus), (44 bytes).
    Removing stm32f4xx_ltdc.o(i.LTDC_GetRGBWidth), (64 bytes).
    Removing stm32f4xx_ltdc.o(i.LTDC_ITConfig), (32 bytes).
    Removing stm32f4xx_ltdc.o(i.LTDC_LIPConfig), (12 bytes).
    Removing stm32f4xx_ltdc.o(i.LTDC_LayerAddress), (4 bytes).
    Removing stm32f4xx_ltdc.o(i.LTDC_LayerAlpha), (4 bytes).
    Removing stm32f4xx_ltdc.o(i.LTDC_LayerPixelFormat), (106 bytes).
    Removing stm32f4xx_ltdc.o(i.LTDC_LayerPosition), (160 bytes).
    Removing stm32f4xx_ltdc.o(i.LTDC_LayerSize), (116 bytes).
    Removing stm32f4xx_ltdc.o(i.LTDC_LayerStructInit), (48 bytes).
    Removing stm32f4xx_ltdc.o(i.LTDC_PosStructInit), (8 bytes).
    Removing stm32f4xx_ltdc.o(i.LTDC_RGBStructInit), (10 bytes).
    Removing stm32f4xx_ltdc.o(i.LTDC_StructInit), (34 bytes).
    Removing stm32f4xx_i2c.o(.rev16_text), (4 bytes).
    Removing stm32f4xx_i2c.o(.revsh_text), (4 bytes).
    Removing stm32f4xx_i2c.o(i.I2C_ARPCmd), (24 bytes).
    Removing stm32f4xx_i2c.o(i.I2C_AcknowledgeConfig), (24 bytes).
    Removing stm32f4xx_i2c.o(i.I2C_AnalogFilterCmd), (24 bytes).
    Removing stm32f4xx_i2c.o(i.I2C_CalculatePEC), (24 bytes).
    Removing stm32f4xx_i2c.o(i.I2C_CheckEvent), (42 bytes).
    Removing stm32f4xx_i2c.o(i.I2C_ClearFlag), (12 bytes).
    Removing stm32f4xx_i2c.o(i.I2C_ClearITPendingBit), (12 bytes).
    Removing stm32f4xx_i2c.o(i.I2C_Cmd), (24 bytes).
    Removing stm32f4xx_i2c.o(i.I2C_DMACmd), (24 bytes).
    Removing stm32f4xx_i2c.o(i.I2C_DMALastTransferCmd), (24 bytes).
    Removing stm32f4xx_i2c.o(i.I2C_DeInit), (96 bytes).
    Removing stm32f4xx_i2c.o(i.I2C_DigitalFilterConfig), (22 bytes).
    Removing stm32f4xx_i2c.o(i.I2C_DualAddressCmd), (24 bytes).
    Removing stm32f4xx_i2c.o(i.I2C_FastModeDutyCycleConfig), (28 bytes).
    Removing stm32f4xx_i2c.o(i.I2C_GeneralCallCmd), (24 bytes).
    Removing stm32f4xx_i2c.o(i.I2C_GenerateSTART), (24 bytes).
    Removing stm32f4xx_i2c.o(i.I2C_GenerateSTOP), (24 bytes).
    Removing stm32f4xx_i2c.o(i.I2C_GetFlagStatus), (58 bytes).
    Removing stm32f4xx_i2c.o(i.I2C_GetITStatus), (38 bytes).
    Removing stm32f4xx_i2c.o(i.I2C_GetLastEvent), (26 bytes).
    Removing stm32f4xx_i2c.o(i.I2C_GetPEC), (8 bytes).
    Removing stm32f4xx_i2c.o(i.I2C_ITConfig), (18 bytes).
    Removing stm32f4xx_i2c.o(i.I2C_Init), (232 bytes).
    Removing stm32f4xx_i2c.o(i.I2C_NACKPositionConfig), (28 bytes).
    Removing stm32f4xx_i2c.o(i.I2C_OwnAddress2Config), (22 bytes).
    Removing stm32f4xx_i2c.o(i.I2C_PECPositionConfig), (28 bytes).
    Removing stm32f4xx_i2c.o(i.I2C_ReadRegister), (22 bytes).
    Removing stm32f4xx_i2c.o(i.I2C_ReceiveData), (8 bytes).
    Removing stm32f4xx_i2c.o(i.I2C_SMBusAlertConfig), (28 bytes).
    Removing stm32f4xx_i2c.o(i.I2C_Send7bitAddress), (16 bytes).
    Removing stm32f4xx_i2c.o(i.I2C_SendData), (4 bytes).
    Removing stm32f4xx_i2c.o(i.I2C_SoftwareResetCmd), (22 bytes).
    Removing stm32f4xx_i2c.o(i.I2C_StretchClockCmd), (24 bytes).
    Removing stm32f4xx_i2c.o(i.I2C_StructInit), (30 bytes).
    Removing stm32f4xx_i2c.o(i.I2C_TransmitPEC), (24 bytes).
    Removing startup_stm32f429_439xx.o(HEAP), (512 bytes).

441 unused section(s) (total 20698 bytes) removed from the image.

==============================================================================

Image Symbol Table

    Local Symbols

    Symbol Name                              Value     Ov Type        Size  Object(Section)

    ../clib/microlib/division.c              0x00000000   Number         0  uidiv.o ABSOLUTE
    ../clib/microlib/division.c              0x00000000   Number         0  uldiv.o ABSOLUTE
    ../clib/microlib/init/entry.s            0x00000000   Number         0  entry11a.o ABSOLUTE
    ../clib/microlib/init/entry.s            0x00000000   Number         0  entry11b.o ABSOLUTE
    ../clib/microlib/init/entry.s            0x00000000   Number         0  entry8a.o ABSOLUTE
    ../clib/microlib/init/entry.s            0x00000000   Number         0  entry10b.o ABSOLUTE
    ../clib/microlib/init/entry.s            0x00000000   Number         0  entry7b.o ABSOLUTE
    ../clib/microlib/init/entry.s            0x00000000   Number         0  entry10a.o ABSOLUTE
    ../clib/microlib/init/entry.s            0x00000000   Number         0  entry.o ABSOLUTE
    ../clib/microlib/init/entry.s            0x00000000   Number         0  entry9b.o ABSOLUTE
    ../clib/microlib/init/entry.s            0x00000000   Number         0  entry9a.o ABSOLUTE
    ../clib/microlib/init/entry.s            0x00000000   Number         0  entry8b.o ABSOLUTE
    ../clib/microlib/init/entry.s            0x00000000   Number         0  entry7a.o ABSOLUTE
    ../clib/microlib/init/entry.s            0x00000000   Number         0  entry2.o ABSOLUTE
    ../clib/microlib/init/entry.s            0x00000000   Number         0  entry5.o ABSOLUTE
    ../clib/microlib/longlong.c              0x00000000   Number         0  llushr.o ABSOLUTE
    ../clib/microlib/longlong.c              0x00000000   Number         0  llsshr.o ABSOLUTE
    ../clib/microlib/longlong.c              0x00000000   Number         0  llshl.o ABSOLUTE
    ../clib/microlib/printf/printf.c         0x00000000   Number         0  printf6.o ABSOLUTE
    ../clib/microlib/printf/printf.c         0x00000000   Number         0  printf5.o ABSOLUTE
    ../clib/microlib/printf/printf.c         0x00000000   Number         0  printfb.o ABSOLUTE
    ../clib/microlib/printf/printf.c         0x00000000   Number         0  printf1.o ABSOLUTE
    ../clib/microlib/printf/printf.c         0x00000000   Number         0  printf2.o ABSOLUTE
    ../clib/microlib/printf/printf.c         0x00000000   Number         0  printf3.o ABSOLUTE
    ../clib/microlib/printf/printf.c         0x00000000   Number         0  printf4.o ABSOLUTE
    ../clib/microlib/printf/printf.c         0x00000000   Number         0  printf0.o ABSOLUTE
    ../clib/microlib/printf/printf.c         0x00000000   Number         0  printfa.o ABSOLUTE
    ../clib/microlib/printf/printf.c         0x00000000   Number         0  printf8.o ABSOLUTE
    ../clib/microlib/printf/printf.c         0x00000000   Number         0  printf7.o ABSOLUTE
    ../clib/microlib/printf/stubs.s          0x00000000   Number         0  stubs.o ABSOLUTE
    ../clib/microlib/stdio/fputc.c           0x00000000   Number         0  fputc.o ABSOLUTE
    ../clib/microlib/stdio/semi.s            0x00000000   Number         0  semi.o ABSOLUTE
    ../clib/microlib/stdio/streams.c         0x00000000   Number         0  stdout.o ABSOLUTE
    ../clib/microlib/stubs.s                 0x00000000   Number         0  iusefp.o ABSOLUTE
    ../clib/microlib/stubs.s                 0x00000000   Number         0  iusesemip.o ABSOLUTE
    ../fplib/microlib/d2f.c                  0x00000000   Number         0  d2f.o ABSOLUTE
    ../fplib/microlib/fpadd.c                0x00000000   Number         0  dadd.o ABSOLUTE
    ../fplib/microlib/fpdiv.c                0x00000000   Number         0  ddiv.o ABSOLUTE
    ../fplib/microlib/fpepilogue.c           0x00000000   Number         0  depilogue.o ABSOLUTE
    ../fplib/microlib/fpepilogue.c           0x00000000   Number         0  fepilogue.o ABSOLUTE
    ../fplib/microlib/fpfix.c                0x00000000   Number         0  dfixul.o ABSOLUTE
    ../fplib/microlib/fpflt.c                0x00000000   Number         0  dfltui.o ABSOLUTE
    ../fplib/microlib/fpmul.c                0x00000000   Number         0  dmul.o ABSOLUTE
    ..\STM32F429I-Discovery_FW_V1.0.1\Libraries\STM32F4xx_StdPeriph_Driver\src\misc.c 0x00000000   Number         0  misc.o ABSOLUTE
    ..\STM32F429I-Discovery_FW_V1.0.1\Libraries\STM32F4xx_StdPeriph_Driver\src\stm32f4xx_adc.c 0x00000000   Number         0  stm32f4xx_adc.o ABSOLUTE
    ..\STM32F429I-Discovery_FW_V1.0.1\Libraries\STM32F4xx_StdPeriph_Driver\src\stm32f4xx_dac.c 0x00000000   Number         0  stm32f4xx_dac.o ABSOLUTE
    ..\STM32F429I-Discovery_FW_V1.0.1\Libraries\STM32F4xx_StdPeriph_Driver\src\stm32f4xx_dma.c 0x00000000   Number         0  stm32f4xx_dma.o ABSOLUTE
    ..\STM32F429I-Discovery_FW_V1.0.1\Libraries\STM32F4xx_StdPeriph_Driver\src\stm32f4xx_dma2d.c 0x00000000   Number         0  stm32f4xx_dma2d.o ABSOLUTE
    ..\STM32F429I-Discovery_FW_V1.0.1\Libraries\STM32F4xx_StdPeriph_Driver\src\stm32f4xx_exti.c 0x00000000   Number         0  stm32f4xx_exti.o ABSOLUTE
    ..\STM32F429I-Discovery_FW_V1.0.1\Libraries\STM32F4xx_StdPeriph_Driver\src\stm32f4xx_fmc.c 0x00000000   Number         0  stm32f4xx_fmc.o ABSOLUTE
    ..\STM32F429I-Discovery_FW_V1.0.1\Libraries\STM32F4xx_StdPeriph_Driver\src\stm32f4xx_gpio.c 0x00000000   Number         0  stm32f4xx_gpio.o ABSOLUTE
    ..\STM32F429I-Discovery_FW_V1.0.1\Libraries\STM32F4xx_StdPeriph_Driver\src\stm32f4xx_i2c.c 0x00000000   Number         0  stm32f4xx_i2c.o ABSOLUTE
    ..\STM32F429I-Discovery_FW_V1.0.1\Libraries\STM32F4xx_StdPeriph_Driver\src\stm32f4xx_ltdc.c 0x00000000   Number         0  stm32f4xx_ltdc.o ABSOLUTE
    ..\STM32F429I-Discovery_FW_V1.0.1\Libraries\STM32F4xx_StdPeriph_Driver\src\stm32f4xx_pwr.c 0x00000000   Number         0  stm32f4xx_pwr.o ABSOLUTE
    ..\STM32F429I-Discovery_FW_V1.0.1\Libraries\STM32F4xx_StdPeriph_Driver\src\stm32f4xx_rcc.c 0x00000000   Number         0  stm32f4xx_rcc.o ABSOLUTE
    ..\STM32F429I-Discovery_FW_V1.0.1\Libraries\STM32F4xx_StdPeriph_Driver\src\stm32f4xx_spi.c 0x00000000   Number         0  stm32f4xx_spi.o ABSOLUTE
    ..\STM32F429I-Discovery_FW_V1.0.1\Libraries\STM32F4xx_StdPeriph_Driver\src\stm32f4xx_syscfg.c 0x00000000   Number         0  stm32f4xx_syscfg.o ABSOLUTE
    ..\STM32F429I-Discovery_FW_V1.0.1\Libraries\STM32F4xx_StdPeriph_Driver\src\stm32f4xx_tim.c 0x00000000   Number         0  stm32f4xx_tim.o ABSOLUTE
    ..\STM32F429I-Discovery_FW_V1.0.1\Utilities\STM32F429I-Discovery\stm32f429i_discovery.c 0x00000000   Number         0  stm32f429i_discovery.o ABSOLUTE
    ..\STM32F429I-Discovery_FW_V1.0.1\Utilities\STM32F429I-Discovery\stm32f429i_discovery_lcd.c 0x00000000   Number         0  stm32f429i_discovery_lcd.o ABSOLUTE
    ..\STM32F429I-Discovery_FW_V1.0.1\Utilities\STM32F429I-Discovery\stm32f429i_discovery_sdram.c 0x00000000   Number         0  stm32f429i_discovery_sdram.o ABSOLUTE
    ..\\STM32F429I-Discovery_FW_V1.0.1\\Libraries\\STM32F4xx_StdPeriph_Driver\\src\\misc.c 0x00000000   Number         0  misc.o ABSOLUTE
    ..\\STM32F429I-Discovery_FW_V1.0.1\\Libraries\\STM32F4xx_StdPeriph_Driver\\src\\stm32f4xx_adc.c 0x00000000   Number         0  stm32f4xx_adc.o ABSOLUTE
    ..\\STM32F429I-Discovery_FW_V1.0.1\\Libraries\\STM32F4xx_StdPeriph_Driver\\src\\stm32f4xx_dac.c 0x00000000   Number         0  stm32f4xx_dac.o ABSOLUTE
    ..\\STM32F429I-Discovery_FW_V1.0.1\\Libraries\\STM32F4xx_StdPeriph_Driver\\src\\stm32f4xx_dma.c 0x00000000   Number         0  stm32f4xx_dma.o ABSOLUTE
    ..\\STM32F429I-Discovery_FW_V1.0.1\\Libraries\\STM32F4xx_StdPeriph_Driver\\src\\stm32f4xx_dma2d.c 0x00000000   Number         0  stm32f4xx_dma2d.o ABSOLUTE
    ..\\STM32F429I-Discovery_FW_V1.0.1\\Libraries\\STM32F4xx_StdPeriph_Driver\\src\\stm32f4xx_exti.c 0x00000000   Number         0  stm32f4xx_exti.o ABSOLUTE
    ..\\STM32F429I-Discovery_FW_V1.0.1\\Libraries\\STM32F4xx_StdPeriph_Driver\\src\\stm32f4xx_fmc.c 0x00000000   Number         0  stm32f4xx_fmc.o ABSOLUTE
    ..\\STM32F429I-Discovery_FW_V1.0.1\\Libraries\\STM32F4xx_StdPeriph_Driver\\src\\stm32f4xx_gpio.c 0x00000000   Number         0  stm32f4xx_gpio.o ABSOLUTE
    ..\\STM32F429I-Discovery_FW_V1.0.1\\Libraries\\STM32F4xx_StdPeriph_Driver\\src\\stm32f4xx_i2c.c 0x00000000   Number         0  stm32f4xx_i2c.o ABSOLUTE
    ..\\STM32F429I-Discovery_FW_V1.0.1\\Libraries\\STM32F4xx_StdPeriph_Driver\\src\\stm32f4xx_ltdc.c 0x00000000   Number         0  stm32f4xx_ltdc.o ABSOLUTE
    ..\\STM32F429I-Discovery_FW_V1.0.1\\Libraries\\STM32F4xx_StdPeriph_Driver\\src\\stm32f4xx_pwr.c 0x00000000   Number         0  stm32f4xx_pwr.o ABSOLUTE
    ..\\STM32F429I-Discovery_FW_V1.0.1\\Libraries\\STM32F4xx_StdPeriph_Driver\\src\\stm32f4xx_rcc.c 0x00000000   Number         0  stm32f4xx_rcc.o ABSOLUTE
    ..\\STM32F429I-Discovery_FW_V1.0.1\\Libraries\\STM32F4xx_StdPeriph_Driver\\src\\stm32f4xx_spi.c 0x00000000   Number         0  stm32f4xx_spi.o ABSOLUTE
    ..\\STM32F429I-Discovery_FW_V1.0.1\\Libraries\\STM32F4xx_StdPeriph_Driver\\src\\stm32f4xx_syscfg.c 0x00000000   Number         0  stm32f4xx_syscfg.o ABSOLUTE
    ..\\STM32F429I-Discovery_FW_V1.0.1\\Libraries\\STM32F4xx_StdPeriph_Driver\\src\\stm32f4xx_tim.c 0x00000000   Number         0  stm32f4xx_tim.o ABSOLUTE
    ..\\STM32F429I-Discovery_FW_V1.0.1\\Utilities\\STM32F429I-Discovery\\stm32f429i_discovery.c 0x00000000   Number         0  stm32f429i_discovery.o ABSOLUTE
    ..\\STM32F429I-Discovery_FW_V1.0.1\\Utilities\\STM32F429I-Discovery\\stm32f429i_discovery_lcd.c 0x00000000   Number         0  stm32f429i_discovery_lcd.o ABSOLUTE
    ..\\STM32F429I-Discovery_FW_V1.0.1\\Utilities\\STM32F429I-Discovery\\stm32f429i_discovery_sdram.c 0x00000000   Number         0  stm32f429i_discovery_sdram.o ABSOLUTE
    cdrcmple.s                               0x00000000   Number         0  cdrcmple.o ABSOLUTE
    dc.s                                     0x00000000   Number         0  dc.o ABSOLUTE
    handlers.s                               0x00000000   Number         0  handlers.o ABSOLUTE
    init.s                                   0x00000000   Number         0  init.o ABSOLUTE
    src\\main.c                              0x00000000   Number         0  main.o ABSOLUTE
    src\\stm32f4xx_it.c                      0x00000000   Number         0  stm32f4xx_it.o ABSOLUTE
    src\\system_stm32f4xx.c                  0x00000000   Number         0  system_stm32f4xx.o ABSOLUTE
    src\main.c                               0x00000000   Number         0  main.o ABSOLUTE
    src\stm32f4xx_it.c                       0x00000000   Number         0  stm32f4xx_it.o ABSOLUTE
    src\system_stm32f4xx.c                   0x00000000   Number         0  system_stm32f4xx.o ABSOLUTE
    src\util.c                               0x00000000   Number         0  util.o ABSOLUTE
    startup_stm32f429_439xx.s                0x00000000   Number         0  startup_stm32f429_439xx.o ABSOLUTE
    RESET                                    0x08000000   Section      428  startup_stm32f429_439xx.o(RESET)
    .ARM.Collect$$$$00000000                 0x080001ac   Section        0  entry.o(.ARM.Collect$$$$00000000)
    .ARM.Collect$$$$00000001                 0x080001ac   Section        4  entry2.o(.ARM.Collect$$$$00000001)
    .ARM.Collect$$$$00000004                 0x080001b0   Section        4  entry5.o(.ARM.Collect$$$$00000004)
    .ARM.Collect$$$$00000008                 0x080001b4   Section        0  entry7b.o(.ARM.Collect$$$$00000008)
    .ARM.Collect$$$$0000000A                 0x080001b4   Section        0  entry8b.o(.ARM.Collect$$$$0000000A)
    .ARM.Collect$$$$0000000B                 0x080001b4   Section        8  entry9a.o(.ARM.Collect$$$$0000000B)
    .ARM.Collect$$$$0000000D                 0x080001bc   Section        0  entry10a.o(.ARM.Collect$$$$0000000D)
    .ARM.Collect$$$$0000000F                 0x080001bc   Section        0  entry11a.o(.ARM.Collect$$$$0000000F)
    .ARM.Collect$$$$00002712                 0x080001bc   Section        4  entry2.o(.ARM.Collect$$$$00002712)
    __lit__00000000                          0x080001bc   Data           4  entry2.o(.ARM.Collect$$$$00002712)
    .text                                    0x080001c0   Section       36  startup_stm32f429_439xx.o(.text)
    $v0                                      0x080001c0   Number         0  startup_stm32f429_439xx.o(.text)
    .text                                    0x080001e4   Section        0  dadd.o(.text)
    .text                                    0x08000332   Section        0  dmul.o(.text)
    .text                                    0x08000416   Section        0  ddiv.o(.text)
    .text                                    0x080004f4   Section        0  dfltui.o(.text)
    .text                                    0x0800050e   Section        0  d2f.o(.text)
    .text                                    0x08000546   Section        0  uidiv.o(.text)
    .text                                    0x08000572   Section        0  uldiv.o(.text)
    .text                                    0x080005d4   Section        0  llshl.o(.text)
    .text                                    0x080005f2   Section        0  llsshr.o(.text)
    .text                                    0x08000616   Section        0  iusefp.o(.text)
    .text                                    0x08000616   Section        0  fepilogue.o(.text)
    .text                                    0x08000682   Section        0  depilogue.o(.text)
    .text                                    0x08000740   Section        0  dfixul.o(.text)
    .text                                    0x08000770   Section       40  cdrcmple.o(.text)
    .text                                    0x08000798   Section       36  init.o(.text)
    .text                                    0x080007bc   Section        0  llushr.o(.text)
    i.ADC3_CH12_DMA_Config                   0x080007dc   Section        0  main.o(i.ADC3_CH12_DMA_Config)
    i.ADC_Cmd                                0x080008cc   Section        0  stm32f4xx_adc.o(i.ADC_Cmd)
    i.ADC_CommonInit                         0x080008e4   Section        0  stm32f4xx_adc.o(i.ADC_CommonInit)
    i.ADC_DMACmd                             0x0800091c   Section        0  stm32f4xx_adc.o(i.ADC_DMACmd)
    i.ADC_DMARequestAfterLastTransferCmd     0x08000932   Section        0  stm32f4xx_adc.o(i.ADC_DMARequestAfterLastTransferCmd)
    i.ADC_IRQHandler                         0x08000948   Section        0  stm32f4xx_it.o(i.ADC_IRQHandler)
    i.ADC_Init                               0x0800094c   Section        0  stm32f4xx_adc.o(i.ADC_Init)
    i.ADC_RegularChannelConfig               0x080009a0   Section        0  stm32f4xx_adc.o(i.ADC_RegularChannelConfig)
    i.ADC_SoftwareStartConv                  0x08000a58   Section        0  stm32f4xx_adc.o(i.ADC_SoftwareStartConv)
    i.BUT1OFF                                0x08000a64   Section        0  main.o(i.BUT1OFF)
    i.BUT1ON                                 0x08000aec   Section        0  main.o(i.BUT1ON)
    i.BUT2OFF                                0x08000b70   Section        0  main.o(i.BUT2OFF)
    i.BUT2ON                                 0x08000bfc   Section        0  main.o(i.BUT2ON)
    i.BusFault_Handler                       0x08000c88   Section        0  stm32f4xx_it.o(i.BusFault_Handler)
    i.DMA_Cmd                                0x08000c8c   Section        0  stm32f4xx_dma.o(i.DMA_Cmd)
    i.DMA_Init                               0x08000ca4   Section        0  stm32f4xx_dma.o(i.DMA_Init)
    i.DebugMon_Handler                       0x08000cfc   Section        0  stm32f4xx_it.o(i.DebugMon_Handler)
    i.EXTI15_10_IRQHandler                   0x08000d00   Section        0  stm32f4xx_it.o(i.EXTI15_10_IRQHandler)
    i.EXTI2_IRQHandler                       0x08000d40   Section        0  stm32f4xx_it.o(i.EXTI2_IRQHandler)
    i.EXTILine1_Config                       0x08000d7c   Section        0  main.o(i.EXTILine1_Config)
    i.EXTILine2_Config                       0x08000dfc   Section        0  main.o(i.EXTILine2_Config)
    i.EXTI_ClearITPendingBit                 0x08000e80   Section        0  stm32f4xx_exti.o(i.EXTI_ClearITPendingBit)
    i.EXTI_GetITStatus                       0x08000e8c   Section        0  stm32f4xx_exti.o(i.EXTI_GetITStatus)
    i.EXTI_Init                              0x08000ea4   Section        0  stm32f4xx_exti.o(i.EXTI_Init)
    i.FMC_GetFlagStatus                      0x08000f38   Section        0  stm32f4xx_fmc.o(i.FMC_GetFlagStatus)
    i.FMC_SDRAMCmdConfig                     0x08000f84   Section        0  stm32f4xx_fmc.o(i.FMC_SDRAMCmdConfig)
    i.FMC_SDRAMInit                          0x08000fa4   Section        0  stm32f4xx_fmc.o(i.FMC_SDRAMInit)
    i.FMC_SetRefreshCount                    0x080010a0   Section        0  stm32f4xx_fmc.o(i.FMC_SetRefreshCount)
    i.GPIO_Config                            0x080010b8   Section        0  main.o(i.GPIO_Config)
    i.GPIO_Init                              0x08001100   Section        0  stm32f4xx_gpio.o(i.GPIO_Init)
    i.GPIO_PinAFConfig                       0x08001190   Section        0  stm32f4xx_gpio.o(i.GPIO_PinAFConfig)
    i.GPIO_ResetBits                         0x080011d6   Section        0  stm32f4xx_gpio.o(i.GPIO_ResetBits)
    i.GPIO_SetBits                           0x080011da   Section        0  stm32f4xx_gpio.o(i.GPIO_SetBits)
    i.GPIO_WriteBit                          0x080011de   Section        0  stm32f4xx_gpio.o(i.GPIO_WriteBit)
    i.HardFault_Handler                      0x080011e8   Section        0  stm32f4xx_it.o(i.HardFault_Handler)
    i.LCD_AF_GPIOConfig                      0x080011ec   Section        0  stm32f429i_discovery_lcd.o(i.LCD_AF_GPIOConfig)
    LCD_AF_GPIOConfig                        0x080011ed   Thumb Code   334  stm32f429i_discovery_lcd.o(i.LCD_AF_GPIOConfig)
    i.LCD_ChipSelect                         0x08001354   Section        0  stm32f429i_discovery_lcd.o(i.LCD_ChipSelect)
    i.LCD_Clear                              0x08001374   Section        0  stm32f429i_discovery_lcd.o(i.LCD_Clear)
    i.LCD_CtrlLinesConfig                    0x08001394   Section        0  stm32f429i_discovery_lcd.o(i.LCD_CtrlLinesConfig)
    i.LCD_CtrlLinesWrite                     0x080013e4   Section        0  stm32f429i_discovery_lcd.o(i.LCD_CtrlLinesWrite)
    i.LCD_DisplayChar                        0x080013f8   Section        0  stm32f429i_discovery_lcd.o(i.LCD_DisplayChar)
    i.LCD_DisplayStringLine                  0x08001428   Section        0  stm32f429i_discovery_lcd.o(i.LCD_DisplayStringLine)
    i.LCD_DrawChar                           0x0800147c   Section        0  stm32f429i_discovery_lcd.o(i.LCD_DrawChar)
    i.LCD_GetFont                            0x08001554   Section        0  stm32f429i_discovery_lcd.o(i.LCD_GetFont)
    i.LCD_Init                               0x08001560   Section        0  stm32f429i_discovery_lcd.o(i.LCD_Init)
    i.LCD_LayerInit                          0x080015fc   Section        0  stm32f429i_discovery_lcd.o(i.LCD_LayerInit)
    i.LCD_PowerOn                            0x080016a0   Section        0  stm32f429i_discovery_lcd.o(i.LCD_PowerOn)
    i.LCD_SPIConfig                          0x0800192c   Section        0  stm32f429i_discovery_lcd.o(i.LCD_SPIConfig)
    i.LCD_SetBackColor                       0x08001a00   Section        0  stm32f429i_discovery_lcd.o(i.LCD_SetBackColor)
    i.LCD_SetFont                            0x08001a0c   Section        0  stm32f429i_discovery_lcd.o(i.LCD_SetFont)
    i.LCD_SetLayer                           0x08001a18   Section        0  stm32f429i_discovery_lcd.o(i.LCD_SetLayer)
    i.LCD_SetTextColor                       0x08001a44   Section        0  stm32f429i_discovery_lcd.o(i.LCD_SetTextColor)
    i.LCD_WriteCommand                       0x08001a50   Section        0  stm32f429i_discovery_lcd.o(i.LCD_WriteCommand)
    i.LCD_WriteData                          0x08001a9c   Section        0  stm32f429i_discovery_lcd.o(i.LCD_WriteData)
    i.LED_Config                             0x08001ae4   Section        0  main.o(i.LED_Config)
    i.LTDC_Cmd                               0x08001af4   Section        0  stm32f4xx_ltdc.o(i.LTDC_Cmd)
    i.LTDC_DitherCmd                         0x08001b18   Section        0  stm32f4xx_ltdc.o(i.LTDC_DitherCmd)
    i.LTDC_Init                              0x08001b3c   Section        0  stm32f4xx_ltdc.o(i.LTDC_Init)
    i.LTDC_LayerCmd                          0x08001cc4   Section        0  stm32f4xx_ltdc.o(i.LTDC_LayerCmd)
    i.LTDC_LayerInit                         0x08001cda   Section        0  stm32f4xx_ltdc.o(i.LTDC_LayerInit)
    i.LTDC_ReloadConfig                      0x08001df0   Section        0  stm32f4xx_ltdc.o(i.LTDC_ReloadConfig)
    i.MemManage_Handler                      0x08001dfc   Section        0  stm32f4xx_it.o(i.MemManage_Handler)
    i.NMI_Handler                            0x08001e00   Section        0  stm32f4xx_it.o(i.NMI_Handler)
    i.NVIC_Config                            0x08001e02   Section        0  main.o(i.NVIC_Config)
    i.NVIC_Init                              0x08001e2c   Section        0  misc.o(i.NVIC_Init)
    i.PB_Config                              0x08001ea4   Section        0  main.o(i.PB_Config)
    i.PWM_Config                             0x08001eb0   Section        0  main.o(i.PWM_Config)
    i.PendSV_Handler                         0x08001f30   Section        0  stm32f4xx_it.o(i.PendSV_Handler)
    i.RCC_AHB1PeriphClockCmd                 0x08001f34   Section        0  stm32f4xx_rcc.o(i.RCC_AHB1PeriphClockCmd)
    i.RCC_AHB3PeriphClockCmd                 0x08001f54   Section        0  stm32f4xx_rcc.o(i.RCC_AHB3PeriphClockCmd)
    i.RCC_APB1PeriphClockCmd                 0x08001f74   Section        0  stm32f4xx_rcc.o(i.RCC_APB1PeriphClockCmd)
    i.RCC_APB1PeriphResetCmd                 0x08001f94   Section        0  stm32f4xx_rcc.o(i.RCC_APB1PeriphResetCmd)
    i.RCC_APB2PeriphClockCmd                 0x08001fb4   Section        0  stm32f4xx_rcc.o(i.RCC_APB2PeriphClockCmd)
    i.RCC_APB2PeriphResetCmd                 0x08001fd4   Section        0  stm32f4xx_rcc.o(i.RCC_APB2PeriphResetCmd)
    i.RCC_GetFlagStatus                      0x08001ff4   Section        0  stm32f4xx_rcc.o(i.RCC_GetFlagStatus)
    i.RCC_LTDCCLKDivConfig                   0x08002034   Section        0  stm32f4xx_rcc.o(i.RCC_LTDCCLKDivConfig)
    i.RCC_PLLSAICmd                          0x0800204c   Section        0  stm32f4xx_rcc.o(i.RCC_PLLSAICmd)
    i.RCC_PLLSAIConfig                       0x08002058   Section        0  stm32f4xx_rcc.o(i.RCC_PLLSAIConfig)
    i.SDRAM_GPIOConfig                       0x08002070   Section        0  stm32f429i_discovery_sdram.o(i.SDRAM_GPIOConfig)
    i.SDRAM_Init                             0x08002274   Section        0  stm32f429i_discovery_sdram.o(i.SDRAM_Init)
    i.SDRAM_InitSequence                     0x080022dc   Section        0  stm32f429i_discovery_sdram.o(i.SDRAM_InitSequence)
    i.SPI_Cmd                                0x080023a4   Section        0  stm32f4xx_spi.o(i.SPI_Cmd)
    i.SPI_I2S_DeInit                         0x080023bc   Section        0  stm32f4xx_spi.o(i.SPI_I2S_DeInit)
    i.SPI_I2S_GetFlagStatus                  0x0800246c   Section        0  stm32f4xx_spi.o(i.SPI_I2S_GetFlagStatus)
    i.SPI_I2S_SendData                       0x0800247e   Section        0  stm32f4xx_spi.o(i.SPI_I2S_SendData)
    i.SPI_Init                               0x08002482   Section        0  stm32f4xx_spi.o(i.SPI_Init)
    i.STM_EVAL_LEDInit                       0x080024c0   Section        0  stm32f429i_discovery.o(i.STM_EVAL_LEDInit)
    i.STM_EVAL_LEDOff                        0x0800250c   Section        0  stm32f429i_discovery.o(i.STM_EVAL_LEDOff)
    i.STM_EVAL_LEDOn                         0x08002524   Section        0  stm32f429i_discovery.o(i.STM_EVAL_LEDOn)
    i.STM_EVAL_PBInit                        0x0800253c   Section        0  stm32f429i_discovery.o(i.STM_EVAL_PBInit)
    i.SVC_Handler                            0x080025e8   Section        0  stm32f4xx_it.o(i.SVC_Handler)
    i.SYSCFG_EXTILineConfig                  0x080025ec   Section        0  stm32f4xx_syscfg.o(i.SYSCFG_EXTILineConfig)
    i.SetSysClock                            0x0800262c   Section        0  system_stm32f4xx.o(i.SetSysClock)
    SetSysClock                              0x0800262d   Thumb Code   268  system_stm32f4xx.o(i.SetSysClock)
    i.SysTick_Handler                        0x08002748   Section        0  stm32f4xx_it.o(i.SysTick_Handler)
    i.SystemInit                             0x0800274c   Section        0  system_stm32f4xx.o(i.SystemInit)
    i.TIM2_Config                            0x080027b4   Section        0  main.o(i.TIM2_Config)
    i.TIM3_IRQHandler                        0x08002840   Section        0  stm32f4xx_it.o(i.TIM3_IRQHandler)
    i.TIM_ARRPreloadConfig                   0x08002842   Section        0  stm32f4xx_tim.o(i.TIM_ARRPreloadConfig)
    i.TIM_Cmd                                0x0800285a   Section        0  stm32f4xx_tim.o(i.TIM_Cmd)
    i.TIM_ITConfig                           0x08002872   Section        0  stm32f4xx_tim.o(i.TIM_ITConfig)
    i.TIM_OC1Init                            0x08002884   Section        0  stm32f4xx_tim.o(i.TIM_OC1Init)
    i.TIM_OC1PreloadConfig                   0x08002900   Section        0  stm32f4xx_tim.o(i.TIM_OC1PreloadConfig)
    i.TIM_PrescalerConfig                    0x08002912   Section        0  stm32f4xx_tim.o(i.TIM_PrescalerConfig)
    i.TIM_TimeBaseInit                       0x08002918   Section        0  stm32f4xx_tim.o(i.TIM_TimeBaseInit)
    i.UsageFault_Handler                     0x0800299c   Section        0  stm32f4xx_it.o(i.UsageFault_Handler)
    i.__0sprintf                             0x080029a0   Section        0  printfa.o(i.__0sprintf)
    i.__scatterload_copy                     0x080029c8   Section       14  handlers.o(i.__scatterload_copy)
    i.__scatterload_null                     0x080029d6   Section        2  handlers.o(i.__scatterload_null)
    i.__scatterload_zeroinit                 0x080029d8   Section       14  handlers.o(i.__scatterload_zeroinit)
    i._fp_digits                             0x080029e8   Section        0  printfa.o(i._fp_digits)
    _fp_digits                               0x080029e9   Thumb Code   326  printfa.o(i._fp_digits)
    i._printf_core                           0x08002b44   Section        0  printfa.o(i._printf_core)
    _printf_core                             0x08002b45   Thumb Code  1762  printfa.o(i._printf_core)
    i._printf_post_padding                   0x08003234   Section        0  printfa.o(i._printf_post_padding)
    _printf_post_padding                     0x08003235   Thumb Code    38  printfa.o(i._printf_post_padding)
    i._printf_pre_padding                    0x0800325a   Section        0  printfa.o(i._printf_pre_padding)
    _printf_pre_padding                      0x0800325b   Thumb Code    48  printfa.o(i._printf_pre_padding)
    i._sputc                                 0x0800328a   Section        0  printfa.o(i._sputc)
    _sputc                                   0x0800328b   Thumb Code    10  printfa.o(i._sputc)
    i.delay                                  0x08003294   Section        0  stm32f429i_discovery_lcd.o(i.delay)
    delay                                    0x08003295   Thumb Code    28  stm32f429i_discovery_lcd.o(i.delay)
    i.delay                                  0x080032b0   Section        0  stm32f429i_discovery_sdram.o(i.delay)
    delay                                    0x080032b1   Thumb Code    32  stm32f429i_discovery_sdram.o(i.delay)
    i.main                                   0x080032d4   Section        0  main.o(i.main)
    .constdata                               0x080036c4   Section       25  stm32f429i_discovery.o(.constdata)
    .constdata                               0x080036de   Section    10704  stm32f429i_discovery_lcd.o(.constdata)
    .data                                    0x20000000   Section      136  main.o(.data)
    .data                                    0x20000088   Section       20  system_stm32f4xx.o(.data)
    .data                                    0x2000009c   Section       16  stm32f429i_discovery.o(.data)
    .data                                    0x200000ac   Section       48  stm32f429i_discovery_lcd.o(.data)
    CurrentTextColor                         0x200000cc   Data           2  stm32f429i_discovery_lcd.o(.data)
    CurrentBackColor                         0x200000ce   Data           2  stm32f429i_discovery_lcd.o(.data)
    CurrentFrameBuffer                       0x200000d0   Data           4  stm32f429i_discovery_lcd.o(.data)
    CurrentLayer                             0x200000d4   Data           4  stm32f429i_discovery_lcd.o(.data)
    LCD_Currentfonts                         0x200000d8   Data           4  stm32f429i_discovery_lcd.o(.data)
    .bss                                     0x200000dc   Section      188  main.o(.bss)
    STACK                                    0x20000198   Section     1024  startup_stm32f429_439xx.o(STACK)

    Global Symbols

    Symbol Name                              Value     Ov Type        Size  Object(Section)

    BuildAttributes$$THM_ISAv4$E$P$D$K$B$S$7EM$VFPi3$EXTD16$VFPS$VFMA$PE$A:L22UL41UL21$X:L11$S22US41US21$IEEE1$IW$USESV6$~STKCKD$USESV7$~SHL$OTIME$ROPI$EBA8$MICROLIB$REQ8$PRES8$EABIv2 0x00000000   Number         0  anon$$obj.o ABSOLUTE
    __ARM_use_no_argv                        0x00000000   Number         0  main.o ABSOLUTE
    _printf_a                                0x00000000   Number         0  stubs.o ABSOLUTE
    _printf_c                                0x00000000   Number         0  stubs.o ABSOLUTE
    _printf_charcount                        0x00000000   Number         0  stubs.o ABSOLUTE
    _printf_d                                0x00000000   Number         0  stubs.o ABSOLUTE
    _printf_e                                0x00000000   Number         0  stubs.o ABSOLUTE
    _printf_f                                0x00000000   Number         0  stubs.o ABSOLUTE
    _printf_flags                            0x00000000   Number         0  stubs.o ABSOLUTE
    _printf_fp_dec                           0x00000000   Number         0  stubs.o ABSOLUTE
    _printf_fp_hex                           0x00000000   Number         0  stubs.o ABSOLUTE
    _printf_g                                0x00000000   Number         0  stubs.o ABSOLUTE
    _printf_i                                0x00000000   Number         0  stubs.o ABSOLUTE
    _printf_int_dec                          0x00000000   Number         0  stubs.o ABSOLUTE
    _printf_l                                0x00000000   Number         0  stubs.o ABSOLUTE
    _printf_lc                               0x00000000   Number         0  stubs.o ABSOLUTE
    _printf_ll                               0x00000000   Number         0  stubs.o ABSOLUTE
    _printf_lld                              0x00000000   Number         0  stubs.o ABSOLUTE
    _printf_lli                              0x00000000   Number         0  stubs.o ABSOLUTE
    _printf_llo                              0x00000000   Number         0  stubs.o ABSOLUTE
    _printf_llu                              0x00000000   Number         0  stubs.o ABSOLUTE
    _printf_llx                              0x00000000   Number         0  stubs.o ABSOLUTE
    _printf_longlong_dec                     0x00000000   Number         0  stubs.o ABSOLUTE
    _printf_longlong_hex                     0x00000000   Number         0  stubs.o ABSOLUTE
    _printf_longlong_oct                     0x00000000   Number         0  stubs.o ABSOLUTE
    _printf_ls                               0x00000000   Number         0  stubs.o ABSOLUTE
    _printf_mbtowc                           0x00000000   Number         0  stubs.o ABSOLUTE
    _printf_n                                0x00000000   Number         0  stubs.o ABSOLUTE
    _printf_o                                0x00000000   Number         0  stubs.o ABSOLUTE
    _printf_p                                0x00000000   Number         0  stubs.o ABSOLUTE
    _printf_percent                          0x00000000   Number         0  stubs.o ABSOLUTE
    _printf_pre_padding                      0x00000000   Number         0  stubs.o ABSOLUTE
    _printf_return_value                     0x00000000   Number         0  stubs.o ABSOLUTE
    _printf_s                                0x00000000   Number         0  stubs.o ABSOLUTE
    _printf_sizespec                         0x00000000   Number         0  stubs.o ABSOLUTE
    _printf_str                              0x00000000   Number         0  stubs.o ABSOLUTE
    _printf_truncate_signed                  0x00000000   Number         0  stubs.o ABSOLUTE
    _printf_truncate_unsigned                0x00000000   Number         0  stubs.o ABSOLUTE
    _printf_u                                0x00000000   Number         0  stubs.o ABSOLUTE
    _printf_wc                               0x00000000   Number         0  stubs.o ABSOLUTE
    _printf_wctomb                           0x00000000   Number         0  stubs.o ABSOLUTE
    _printf_widthprec                        0x00000000   Number         0  stubs.o ABSOLUTE
    _printf_x                                0x00000000   Number         0  stubs.o ABSOLUTE
    __cpp_initialize__aeabi_                  - Undefined Weak Reference
    __cxa_finalize                            - Undefined Weak Reference
    __decompress                              - Undefined Weak Reference
    _clock_init                               - Undefined Weak Reference
    _microlib_exit                            - Undefined Weak Reference
    __Vectors_Size                           0x000001ac   Number         0  startup_stm32f429_439xx.o ABSOLUTE
    __Vectors                                0x08000000   Data           4  startup_stm32f429_439xx.o(RESET)
    __Vectors_End                            0x080001ac   Data           0  startup_stm32f429_439xx.o(RESET)
    __main                                   0x080001ad   Thumb Code     0  entry.o(.ARM.Collect$$$$00000000)
    _main_stk                                0x080001ad   Thumb Code     0  entry2.o(.ARM.Collect$$$$00000001)
    _main_scatterload                        0x080001b1   Thumb Code     0  entry5.o(.ARM.Collect$$$$00000004)
    __main_after_scatterload                 0x080001b5   Thumb Code     0  entry5.o(.ARM.Collect$$$$00000004)
    _main_clock                              0x080001b5   Thumb Code     0  entry7b.o(.ARM.Collect$$$$00000008)
    _main_cpp_init                           0x080001b5   Thumb Code     0  entry8b.o(.ARM.Collect$$$$0000000A)
    _main_init                               0x080001b5   Thumb Code     0  entry9a.o(.ARM.Collect$$$$0000000B)
    __rt_final_cpp                           0x080001bd   Thumb Code     0  entry10a.o(.ARM.Collect$$$$0000000D)
    __rt_final_exit                          0x080001bd   Thumb Code     0  entry11a.o(.ARM.Collect$$$$0000000F)
    Reset_Handler                            0x080001c1   Thumb Code     8  startup_stm32f429_439xx.o(.text)
    CAN1_RX0_IRQHandler                      0x080001db   Thumb Code     0  startup_stm32f429_439xx.o(.text)
    CAN1_RX1_IRQHandler                      0x080001db   Thumb Code     0  startup_stm32f429_439xx.o(.text)
    CAN1_SCE_IRQHandler                      0x080001db   Thumb Code     0  startup_stm32f429_439xx.o(.text)
    CAN1_TX_IRQHandler                       0x080001db   Thumb Code     0  startup_stm32f429_439xx.o(.text)
    CAN2_RX0_IRQHandler                      0x080001db   Thumb Code     0  startup_stm32f429_439xx.o(.text)
    CAN2_RX1_IRQHandler                      0x080001db   Thumb Code     0  startup_stm32f429_439xx.o(.text)
    CAN2_SCE_IRQHandler                      0x080001db   Thumb Code     0  startup_stm32f429_439xx.o(.text)
    CAN2_TX_IRQHandler                       0x080001db   Thumb Code     0  startup_stm32f429_439xx.o(.text)
    CRYP_IRQHandler                          0x080001db   Thumb Code     0  startup_stm32f429_439xx.o(.text)
    DCMI_IRQHandler                          0x080001db   Thumb Code     0  startup_stm32f429_439xx.o(.text)
    DMA1_Stream0_IRQHandler                  0x080001db   Thumb Code     0  startup_stm32f429_439xx.o(.text)
    DMA1_Stream1_IRQHandler                  0x080001db   Thumb Code     0  startup_stm32f429_439xx.o(.text)
    DMA1_Stream2_IRQHandler                  0x080001db   Thumb Code     0  startup_stm32f429_439xx.o(.text)
    DMA1_Stream3_IRQHandler                  0x080001db   Thumb Code     0  startup_stm32f429_439xx.o(.text)
    DMA1_Stream4_IRQHandler                  0x080001db   Thumb Code     0  startup_stm32f429_439xx.o(.text)
    DMA1_Stream5_IRQHandler                  0x080001db   Thumb Code     0  startup_stm32f429_439xx.o(.text)
    DMA1_Stream6_IRQHandler                  0x080001db   Thumb Code     0  startup_stm32f429_439xx.o(.text)
    DMA1_Stream7_IRQHandler                  0x080001db   Thumb Code     0  startup_stm32f429_439xx.o(.text)
    DMA2D_IRQHandler                         0x080001db   Thumb Code     0  startup_stm32f429_439xx.o(.text)
    DMA2_Stream0_IRQHandler                  0x080001db   Thumb Code     0  startup_stm32f429_439xx.o(.text)
    DMA2_Stream1_IRQHandler                  0x080001db   Thumb Code     0  startup_stm32f429_439xx.o(.text)
    DMA2_Stream2_IRQHandler                  0x080001db   Thumb Code     0  startup_stm32f429_439xx.o(.text)
    DMA2_Stream3_IRQHandler                  0x080001db   Thumb Code     0  startup_stm32f429_439xx.o(.text)
    DMA2_Stream4_IRQHandler                  0x080001db   Thumb Code     0  startup_stm32f429_439xx.o(.text)
    DMA2_Stream5_IRQHandler                  0x080001db   Thumb Code     0  startup_stm32f429_439xx.o(.text)
    DMA2_Stream6_IRQHandler                  0x080001db   Thumb Code     0  startup_stm32f429_439xx.o(.text)
    DMA2_Stream7_IRQHandler                  0x080001db   Thumb Code     0  startup_stm32f429_439xx.o(.text)
    ETH_IRQHandler                           0x080001db   Thumb Code     0  startup_stm32f429_439xx.o(.text)
    ETH_WKUP_IRQHandler                      0x080001db   Thumb Code     0  startup_stm32f429_439xx.o(.text)
    EXTI0_IRQHandler                         0x080001db   Thumb Code     0  startup_stm32f429_439xx.o(.text)
    EXTI1_IRQHandler                         0x080001db   Thumb Code     0  startup_stm32f429_439xx.o(.text)
    EXTI3_IRQHandler                         0x080001db   Thumb Code     0  startup_stm32f429_439xx.o(.text)
    EXTI4_IRQHandler                         0x080001db   Thumb Code     0  startup_stm32f429_439xx.o(.text)
    EXTI9_5_IRQHandler                       0x080001db   Thumb Code     0  startup_stm32f429_439xx.o(.text)
    FLASH_IRQHandler                         0x080001db   Thumb Code     0  startup_stm32f429_439xx.o(.text)
    FMC_IRQHandler                           0x080001db   Thumb Code     0  startup_stm32f429_439xx.o(.text)
    FPU_IRQHandler                           0x080001db   Thumb Code     0  startup_stm32f429_439xx.o(.text)
    HASH_RNG_IRQHandler                      0x080001db   Thumb Code     0  startup_stm32f429_439xx.o(.text)
    I2C1_ER_IRQHandler                       0x080001db   Thumb Code     0  startup_stm32f429_439xx.o(.text)
    I2C1_EV_IRQHandler                       0x080001db   Thumb Code     0  startup_stm32f429_439xx.o(.text)
    I2C2_ER_IRQHandler                       0x080001db   Thumb Code     0  startup_stm32f429_439xx.o(.text)
    I2C2_EV_IRQHandler                       0x080001db   Thumb Code     0  startup_stm32f429_439xx.o(.text)
    I2C3_ER_IRQHandler                       0x080001db   Thumb Code     0  startup_stm32f429_439xx.o(.text)
    I2C3_EV_IRQHandler                       0x080001db   Thumb Code     0  startup_stm32f429_439xx.o(.text)
    LTDC_ER_IRQHandler                       0x080001db   Thumb Code     0  startup_stm32f429_439xx.o(.text)
    LTDC_IRQHandler                          0x080001db   Thumb Code     0  startup_stm32f429_439xx.o(.text)
    OTG_FS_IRQHandler                        0x080001db   Thumb Code     0  startup_stm32f429_439xx.o(.text)
    OTG_FS_WKUP_IRQHandler                   0x080001db   Thumb Code     0  startup_stm32f429_439xx.o(.text)
    OTG_HS_EP1_IN_IRQHandler                 0x080001db   Thumb Code     0  startup_stm32f429_439xx.o(.text)
    OTG_HS_EP1_OUT_IRQHandler                0x080001db   Thumb Code     0  startup_stm32f429_439xx.o(.text)
    OTG_HS_IRQHandler                        0x080001db   Thumb Code     0  startup_stm32f429_439xx.o(.text)
    OTG_HS_WKUP_IRQHandler                   0x080001db   Thumb Code     0  startup_stm32f429_439xx.o(.text)
    PVD_IRQHandler                           0x080001db   Thumb Code     0  startup_stm32f429_439xx.o(.text)
    RCC_IRQHandler                           0x080001db   Thumb Code     0  startup_stm32f429_439xx.o(.text)
    RTC_Alarm_IRQHandler                     0x080001db   Thumb Code     0  startup_stm32f429_439xx.o(.text)
    RTC_WKUP_IRQHandler                      0x080001db   Thumb Code     0  startup_stm32f429_439xx.o(.text)
    SAI1_IRQHandler                          0x080001db   Thumb Code     0  startup_stm32f429_439xx.o(.text)
    SDIO_IRQHandler                          0x080001db   Thumb Code     0  startup_stm32f429_439xx.o(.text)
    SPI1_IRQHandler                          0x080001db   Thumb Code     0  startup_stm32f429_439xx.o(.text)
    SPI2_IRQHandler                          0x080001db   Thumb Code     0  startup_stm32f429_439xx.o(.text)
    SPI3_IRQHandler                          0x080001db   Thumb Code     0  startup_stm32f429_439xx.o(.text)
    SPI4_IRQHandler                          0x080001db   Thumb Code     0  startup_stm32f429_439xx.o(.text)
    SPI5_IRQHandler                          0x080001db   Thumb Code     0  startup_stm32f429_439xx.o(.text)
    SPI6_IRQHandler                          0x080001db   Thumb Code     0  startup_stm32f429_439xx.o(.text)
    TAMP_STAMP_IRQHandler                    0x080001db   Thumb Code     0  startup_stm32f429_439xx.o(.text)
    TIM1_BRK_TIM9_IRQHandler                 0x080001db   Thumb Code     0  startup_stm32f429_439xx.o(.text)
    TIM1_CC_IRQHandler                       0x080001db   Thumb Code     0  startup_stm32f429_439xx.o(.text)
    TIM1_TRG_COM_TIM11_IRQHandler            0x080001db   Thumb Code     0  startup_stm32f429_439xx.o(.text)
    TIM1_UP_TIM10_IRQHandler                 0x080001db   Thumb Code     0  startup_stm32f429_439xx.o(.text)
    TIM2_IRQHandler                          0x080001db   Thumb Code     0  startup_stm32f429_439xx.o(.text)
    TIM4_IRQHandler                          0x080001db   Thumb Code     0  startup_stm32f429_439xx.o(.text)
    TIM5_IRQHandler                          0x080001db   Thumb Code     0  startup_stm32f429_439xx.o(.text)
    TIM6_DAC_IRQHandler                      0x080001db   Thumb Code     0  startup_stm32f429_439xx.o(.text)
    TIM7_IRQHandler                          0x080001db   Thumb Code     0  startup_stm32f429_439xx.o(.text)
    TIM8_BRK_TIM12_IRQHandler                0x080001db   Thumb Code     0  startup_stm32f429_439xx.o(.text)
    TIM8_CC_IRQHandler                       0x080001db   Thumb Code     0  startup_stm32f429_439xx.o(.text)
    TIM8_TRG_COM_TIM14_IRQHandler            0x080001db   Thumb Code     0  startup_stm32f429_439xx.o(.text)
    TIM8_UP_TIM13_IRQHandler                 0x080001db   Thumb Code     0  startup_stm32f429_439xx.o(.text)
    UART4_IRQHandler                         0x080001db   Thumb Code     0  startup_stm32f429_439xx.o(.text)
    UART5_IRQHandler                         0x080001db   Thumb Code     0  startup_stm32f429_439xx.o(.text)
    UART7_IRQHandler                         0x080001db   Thumb Code     0  startup_stm32f429_439xx.o(.text)
    UART8_IRQHandler                         0x080001db   Thumb Code     0  startup_stm32f429_439xx.o(.text)
    USART1_IRQHandler                        0x080001db   Thumb Code     0  startup_stm32f429_439xx.o(.text)
    USART2_IRQHandler                        0x080001db   Thumb Code     0  startup_stm32f429_439xx.o(.text)
    USART3_IRQHandler                        0x080001db   Thumb Code     0  startup_stm32f429_439xx.o(.text)
    USART6_IRQHandler                        0x080001db   Thumb Code     0  startup_stm32f429_439xx.o(.text)
    WWDG_IRQHandler                          0x080001db   Thumb Code     0  startup_stm32f429_439xx.o(.text)
    __aeabi_dadd                             0x080001e5   Thumb Code   322  dadd.o(.text)
    __aeabi_dsub                             0x08000327   Thumb Code     6  dadd.o(.text)
    __aeabi_drsub                            0x0800032d   Thumb Code     6  dadd.o(.text)
    __aeabi_dmul                             0x08000333   Thumb Code   228  dmul.o(.text)
    __aeabi_ddiv                             0x08000417   Thumb Code   222  ddiv.o(.text)
    __aeabi_ui2d                             0x080004f5   Thumb Code    26  dfltui.o(.text)
    __aeabi_d2f                              0x0800050f   Thumb Code    56  d2f.o(.text)
    __aeabi_uidiv                            0x08000547   Thumb Code     0  uidiv.o(.text)
    __aeabi_uidivmod                         0x08000547   Thumb Code    44  uidiv.o(.text)
    __aeabi_uldivmod                         0x08000573   Thumb Code    98  uldiv.o(.text)
    __aeabi_llsl                             0x080005d5   Thumb Code    30  llshl.o(.text)
    _ll_shift_l                              0x080005d5   Thumb Code     0  llshl.o(.text)
    __aeabi_lasr                             0x080005f3   Thumb Code    36  llsshr.o(.text)
    _ll_sshift_r                             0x080005f3   Thumb Code     0  llsshr.o(.text)
    __I$use$fp                               0x08000617   Thumb Code     0  iusefp.o(.text)
    _float_round                             0x08000617   Thumb Code    18  fepilogue.o(.text)
    _float_epilogue                          0x08000629   Thumb Code    90  fepilogue.o(.text)
    _double_round                            0x08000683   Thumb Code    26  depilogue.o(.text)
    _double_epilogue                         0x0800069d   Thumb Code   164  depilogue.o(.text)
    __aeabi_d2ulz                            0x08000741   Thumb Code    48  dfixul.o(.text)
    __aeabi_cdrcmple                         0x08000771   Thumb Code    38  cdrcmple.o(.text)
    __scatterload                            0x08000799   Thumb Code    28  init.o(.text)
    __scatterload_rt2                        0x08000799   Thumb Code     0  init.o(.text)
    __aeabi_llsr                             0x080007bd   Thumb Code    32  llushr.o(.text)
    _ll_ushift_r                             0x080007bd   Thumb Code     0  llushr.o(.text)
    ADC3_CH12_DMA_Config                     0x080007dd   Thumb Code   220  main.o(i.ADC3_CH12_DMA_Config)
    ADC_Cmd                                  0x080008cd   Thumb Code    22  stm32f4xx_adc.o(i.ADC_Cmd)
    ADC_CommonInit                           0x080008e5   Thumb Code    44  stm32f4xx_adc.o(i.ADC_CommonInit)
    ADC_DMACmd                               0x0800091d   Thumb Code    22  stm32f4xx_adc.o(i.ADC_DMACmd)
    ADC_DMARequestAfterLastTransferCmd       0x08000933   Thumb Code    22  stm32f4xx_adc.o(i.ADC_DMARequestAfterLastTransferCmd)
    ADC_IRQHandler                           0x08000949   Thumb Code     2  stm32f4xx_it.o(i.ADC_IRQHandler)
    ADC_Init                                 0x0800094d   Thumb Code    74  stm32f4xx_adc.o(i.ADC_Init)
    ADC_RegularChannelConfig                 0x080009a1   Thumb Code   184  stm32f4xx_adc.o(i.ADC_RegularChannelConfig)
    ADC_SoftwareStartConv                    0x08000a59   Thumb Code    10  stm32f4xx_adc.o(i.ADC_SoftwareStartConv)
    BUT1OFF                                  0x08000a65   Thumb Code    76  main.o(i.BUT1OFF)
    BUT1ON                                   0x08000aed   Thumb Code    92  main.o(i.BUT1ON)
    BUT2OFF                                  0x08000b71   Thumb Code    78  main.o(i.BUT2OFF)
    BUT2ON                                   0x08000bfd   Thumb Code   100  main.o(i.BUT2ON)
    BusFault_Handler                         0x08000c89   Thumb Code     4  stm32f4xx_it.o(i.BusFault_Handler)
    DMA_Cmd                                  0x08000c8d   Thumb Code    22  stm32f4xx_dma.o(i.DMA_Cmd)
    DMA_Init                                 0x08000ca5   Thumb Code    82  stm32f4xx_dma.o(i.DMA_Init)
    DebugMon_Handler                         0x08000cfd   Thumb Code     2  stm32f4xx_it.o(i.DebugMon_Handler)
    EXTI15_10_IRQHandler                     0x08000d01   Thumb Code    54  stm32f4xx_it.o(i.EXTI15_10_IRQHandler)
    EXTI2_IRQHandler                         0x08000d41   Thumb Code    50  stm32f4xx_it.o(i.EXTI2_IRQHandler)
    EXTILine1_Config                         0x08000d7d   Thumb Code   122  main.o(i.EXTILine1_Config)
    EXTILine2_Config                         0x08000dfd   Thumb Code   126  main.o(i.EXTILine2_Config)
    EXTI_ClearITPendingBit                   0x08000e81   Thumb Code     6  stm32f4xx_exti.o(i.EXTI_ClearITPendingBit)
    EXTI_GetITStatus                         0x08000e8d   Thumb Code    20  stm32f4xx_exti.o(i.EXTI_GetITStatus)
    EXTI_Init                                0x08000ea5   Thumb Code   142  stm32f4xx_exti.o(i.EXTI_Init)
    FMC_GetFlagStatus                        0x08000f39   Thumb Code    64  stm32f4xx_fmc.o(i.FMC_GetFlagStatus)
    FMC_SDRAMCmdConfig                       0x08000f85   Thumb Code    28  stm32f4xx_fmc.o(i.FMC_SDRAMCmdConfig)
    FMC_SDRAMInit                            0x08000fa5   Thumb Code   244  stm32f4xx_fmc.o(i.FMC_SDRAMInit)
    FMC_SetRefreshCount                      0x080010a1   Thumb Code    18  stm32f4xx_fmc.o(i.FMC_SetRefreshCount)
    GPIO_Config                              0x080010b9   Thumb Code    66  main.o(i.GPIO_Config)
    GPIO_Init                                0x08001101   Thumb Code   144  stm32f4xx_gpio.o(i.GPIO_Init)
    GPIO_PinAFConfig                         0x08001191   Thumb Code    70  stm32f4xx_gpio.o(i.GPIO_PinAFConfig)
    GPIO_ResetBits                           0x080011d7   Thumb Code     4  stm32f4xx_gpio.o(i.GPIO_ResetBits)
    GPIO_SetBits                             0x080011db   Thumb Code     4  stm32f4xx_gpio.o(i.GPIO_SetBits)
    GPIO_WriteBit                            0x080011df   Thumb Code    10  stm32f4xx_gpio.o(i.GPIO_WriteBit)
    HardFault_Handler                        0x080011e9   Thumb Code     4  stm32f4xx_it.o(i.HardFault_Handler)
    LCD_ChipSelect                           0x08001355   Thumb Code    26  stm32f429i_discovery_lcd.o(i.LCD_ChipSelect)
    LCD_Clear                                0x08001375   Thumb Code    26  stm32f429i_discovery_lcd.o(i.LCD_Clear)
    LCD_CtrlLinesConfig                      0x08001395   Thumb Code    70  stm32f429i_discovery_lcd.o(i.LCD_CtrlLinesConfig)
    LCD_CtrlLinesWrite                       0x080013e5   Thumb Code    20  stm32f429i_discovery_lcd.o(i.LCD_CtrlLinesWrite)
    LCD_DisplayChar                          0x080013f9   Thumb Code    42  stm32f429i_discovery_lcd.o(i.LCD_DisplayChar)
    LCD_DisplayStringLine                    0x08001429   Thumb Code    78  stm32f429i_discovery_lcd.o(i.LCD_DisplayStringLine)
    LCD_DrawChar                             0x0800147d   Thumb Code   200  stm32f429i_discovery_lcd.o(i.LCD_DrawChar)
    LCD_GetFont                              0x08001555   Thumb Code     6  stm32f429i_discovery_lcd.o(i.LCD_GetFont)
    LCD_Init                                 0x08001561   Thumb Code   154  stm32f429i_discovery_lcd.o(i.LCD_Init)
    LCD_LayerInit                            0x080015fd   Thumb Code   152  stm32f429i_discovery_lcd.o(i.LCD_LayerInit)
    LCD_PowerOn                              0x080016a1   Thumb Code   652  stm32f429i_discovery_lcd.o(i.LCD_PowerOn)
    LCD_SPIConfig                            0x0800192d   Thumb Code   204  stm32f429i_discovery_lcd.o(i.LCD_SPIConfig)
    LCD_SetBackColor                         0x08001a01   Thumb Code     6  stm32f429i_discovery_lcd.o(i.LCD_SetBackColor)
    LCD_SetFont                              0x08001a0d   Thumb Code     6  stm32f429i_discovery_lcd.o(i.LCD_SetFont)
    LCD_SetLayer                             0x08001a19   Thumb Code    32  stm32f429i_discovery_lcd.o(i.LCD_SetLayer)
    LCD_SetTextColor                         0x08001a45   Thumb Code     6  stm32f429i_discovery_lcd.o(i.LCD_SetTextColor)
    LCD_WriteCommand                         0x08001a51   Thumb Code    66  stm32f429i_discovery_lcd.o(i.LCD_WriteCommand)
    LCD_WriteData                            0x08001a9d   Thumb Code    64  stm32f429i_discovery_lcd.o(i.LCD_WriteData)
    LED_Config                               0x08001ae5   Thumb Code    16  main.o(i.LED_Config)
    LTDC_Cmd                                 0x08001af5   Thumb Code    30  stm32f4xx_ltdc.o(i.LTDC_Cmd)
    LTDC_DitherCmd                           0x08001b19   Thumb Code    30  stm32f4xx_ltdc.o(i.LTDC_DitherCmd)
    LTDC_Init                                0x08001b3d   Thumb Code   378  stm32f4xx_ltdc.o(i.LTDC_Init)
    LTDC_LayerCmd                            0x08001cc5   Thumb Code    22  stm32f4xx_ltdc.o(i.LTDC_LayerCmd)
    LTDC_LayerInit                           0x08001cdb   Thumb Code   276  stm32f4xx_ltdc.o(i.LTDC_LayerInit)
    LTDC_ReloadConfig                        0x08001df1   Thumb Code     6  stm32f4xx_ltdc.o(i.LTDC_ReloadConfig)
    MemManage_Handler                        0x08001dfd   Thumb Code     4  stm32f4xx_it.o(i.MemManage_Handler)
    NMI_Handler                              0x08001e01   Thumb Code     2  stm32f4xx_it.o(i.NMI_Handler)
    NVIC_Config                              0x08001e03   Thumb Code    40  main.o(i.NVIC_Config)
    NVIC_Init                                0x08001e2d   Thumb Code   108  misc.o(i.NVIC_Init)
    PB_Config                                0x08001ea5   Thumb Code    12  main.o(i.PB_Config)
    PWM_Config                               0x08001eb1   Thumb Code   104  main.o(i.PWM_Config)
    PendSV_Handler                           0x08001f31   Thumb Code     2  stm32f4xx_it.o(i.PendSV_Handler)
    RCC_AHB1PeriphClockCmd                   0x08001f35   Thumb Code    26  stm32f4xx_rcc.o(i.RCC_AHB1PeriphClockCmd)
    RCC_AHB3PeriphClockCmd                   0x08001f55   Thumb Code    26  stm32f4xx_rcc.o(i.RCC_AHB3PeriphClockCmd)
    RCC_APB1PeriphClockCmd                   0x08001f75   Thumb Code    26  stm32f4xx_rcc.o(i.RCC_APB1PeriphClockCmd)
    RCC_APB1PeriphResetCmd                   0x08001f95   Thumb Code    26  stm32f4xx_rcc.o(i.RCC_APB1PeriphResetCmd)
    RCC_APB2PeriphClockCmd                   0x08001fb5   Thumb Code    26  stm32f4xx_rcc.o(i.RCC_APB2PeriphClockCmd)
    RCC_APB2PeriphResetCmd                   0x08001fd5   Thumb Code    26  stm32f4xx_rcc.o(i.RCC_APB2PeriphResetCmd)
    RCC_GetFlagStatus                        0x08001ff5   Thumb Code    60  stm32f4xx_rcc.o(i.RCC_GetFlagStatus)
    RCC_LTDCCLKDivConfig                     0x08002035   Thumb Code    18  stm32f4xx_rcc.o(i.RCC_LTDCCLKDivConfig)
    RCC_PLLSAICmd                            0x0800204d   Thumb Code     6  stm32f4xx_rcc.o(i.RCC_PLLSAICmd)
    RCC_PLLSAIConfig                         0x08002059   Thumb Code    18  stm32f4xx_rcc.o(i.RCC_PLLSAIConfig)
    SDRAM_GPIOConfig                         0x08002071   Thumb Code   492  stm32f429i_discovery_sdram.o(i.SDRAM_GPIOConfig)
    SDRAM_Init                               0x08002275   Thumb Code   104  stm32f429i_discovery_sdram.o(i.SDRAM_Init)
    SDRAM_InitSequence                       0x080022dd   Thumb Code   200  stm32f429i_discovery_sdram.o(i.SDRAM_InitSequence)
    SPI_Cmd                                  0x080023a5   Thumb Code    24  stm32f4xx_spi.o(i.SPI_Cmd)
    SPI_I2S_DeInit                           0x080023bd   Thumb Code   152  stm32f4xx_spi.o(i.SPI_I2S_DeInit)
    SPI_I2S_GetFlagStatus                    0x0800246d   Thumb Code    18  stm32f4xx_spi.o(i.SPI_I2S_GetFlagStatus)
    SPI_I2S_SendData                         0x0800247f   Thumb Code     4  stm32f4xx_spi.o(i.SPI_I2S_SendData)
    SPI_Init                                 0x08002483   Thumb Code    60  stm32f4xx_spi.o(i.SPI_Init)
    STM_EVAL_LEDInit                         0x080024c1   Thumb Code    62  stm32f429i_discovery.o(i.STM_EVAL_LEDInit)
    STM_EVAL_LEDOff                          0x0800250d   Thumb Code    16  stm32f429i_discovery.o(i.STM_EVAL_LEDOff)
    STM_EVAL_LEDOn                           0x08002525   Thumb Code    16  stm32f429i_discovery.o(i.STM_EVAL_LEDOn)
    STM_EVAL_PBInit                          0x0800253d   Thumb Code   142  stm32f429i_discovery.o(i.STM_EVAL_PBInit)
    SVC_Handler                              0x080025e9   Thumb Code     2  stm32f4xx_it.o(i.SVC_Handler)
    SYSCFG_EXTILineConfig                    0x080025ed   Thumb Code    60  stm32f4xx_syscfg.o(i.SYSCFG_EXTILineConfig)
    SysTick_Handler                          0x08002749   Thumb Code     2  stm32f4xx_it.o(i.SysTick_Handler)
    SystemInit                               0x0800274d   Thumb Code    88  system_stm32f4xx.o(i.SystemInit)
    TIM2_Config                              0x080027b5   Thumb Code   114  main.o(i.TIM2_Config)
    TIM3_IRQHandler                          0x08002841   Thumb Code     2  stm32f4xx_it.o(i.TIM3_IRQHandler)
    TIM_ARRPreloadConfig                     0x08002843   Thumb Code    24  stm32f4xx_tim.o(i.TIM_ARRPreloadConfig)
    TIM_Cmd                                  0x0800285b   Thumb Code    24  stm32f4xx_tim.o(i.TIM_Cmd)
    TIM_ITConfig                             0x08002873   Thumb Code    18  stm32f4xx_tim.o(i.TIM_ITConfig)
    TIM_OC1Init                              0x08002885   Thumb Code   114  stm32f4xx_tim.o(i.TIM_OC1Init)
    TIM_OC1PreloadConfig                     0x08002901   Thumb Code    18  stm32f4xx_tim.o(i.TIM_OC1PreloadConfig)
    TIM_PrescalerConfig                      0x08002913   Thumb Code     6  stm32f4xx_tim.o(i.TIM_PrescalerConfig)
    TIM_TimeBaseInit                         0x08002919   Thumb Code   104  stm32f4xx_tim.o(i.TIM_TimeBaseInit)
    UsageFault_Handler                       0x0800299d   Thumb Code     4  stm32f4xx_it.o(i.UsageFault_Handler)
    __0sprintf                               0x080029a1   Thumb Code    34  printfa.o(i.__0sprintf)
    __1sprintf                               0x080029a1   Thumb Code     0  printfa.o(i.__0sprintf)
    __2sprintf                               0x080029a1   Thumb Code     0  printfa.o(i.__0sprintf)
    __c89sprintf                             0x080029a1   Thumb Code     0  printfa.o(i.__0sprintf)
    sprintf                                  0x080029a1   Thumb Code     0  printfa.o(i.__0sprintf)
    __scatterload_copy                       0x080029c9   Thumb Code    14  handlers.o(i.__scatterload_copy)
    __scatterload_null                       0x080029d7   Thumb Code     2  handlers.o(i.__scatterload_null)
    __scatterload_zeroinit                   0x080029d9   Thumb Code    14  handlers.o(i.__scatterload_zeroinit)
    main                                     0x080032d5   Thumb Code   788  main.o(i.main)
    GPIO_PIN                                 0x080036c4   Data           4  stm32f429i_discovery.o(.constdata)
    GPIO_CLK                                 0x080036c8   Data           8  stm32f429i_discovery.o(.constdata)
    BUTTON_PIN                               0x080036d0   Data           2  stm32f429i_discovery.o(.constdata)
    BUTTON_CLK                               0x080036d4   Data           4  stm32f429i_discovery.o(.constdata)
    BUTTON_EXTI_LINE                         0x080036d8   Data           2  stm32f429i_discovery.o(.constdata)
    BUTTON_PORT_SOURCE                       0x080036da   Data           1  stm32f429i_discovery.o(.constdata)
    BUTTON_PIN_SOURCE                        0x080036db   Data           1  stm32f429i_discovery.o(.constdata)
    BUTTON_IRQn                              0x080036dc   Data           1  stm32f429i_discovery.o(.constdata)
    ASCII16x24_Table                         0x080036de   Data        4560  stm32f429i_discovery_lcd.o(.constdata)
    ASCII12x12_Table                         0x080048ae   Data        2304  stm32f429i_discovery_lcd.o(.constdata)
    ASCII8x12_Table                          0x080051ae   Data        2304  stm32f429i_discovery_lcd.o(.constdata)
    ASCII8x8_Table                           0x08005aae   Data        1536  stm32f429i_discovery_lcd.o(.constdata)
    Region$$Table$$Base                      0x080060b0   Number         0  anon$$obj.o(Region$$Table)
    Region$$Table$$Limit                     0x080060d0   Number         0  anon$$obj.o(Region$$Table)
    external_button1                         0x20000000   Data           4  main.o(.data)
    external_button2                         0x20000004   Data           4  main.o(.data)
    banana1                                  0x20000008   Data           4  main.o(.data)
    banana2                                  0x2000000c   Data           4  main.o(.data)
    state                                    0x20000010   Data           4  main.o(.data)
    counter0                                 0x20000014   Data           4  main.o(.data)
    fan                                      0x20000018   Data           4  main.o(.data)
    counter1                                 0x2000001c   Data           4  main.o(.data)
    counter2                                 0x20000020   Data           4  main.o(.data)
    counter3                                 0x20000024   Data           4  main.o(.data)
    counter4                                 0x20000028   Data           4  main.o(.data)
    substate                                 0x2000002c   Data           4  main.o(.data)
    substate1                                0x20000030   Data           4  main.o(.data)
    substate2                                0x20000034   Data           4  main.o(.data)
    user_button                              0x20000038   Data           4  main.o(.data)
    countup                                  0x2000003c   Data           4  main.o(.data)
    countdown                                0x20000040   Data           4  main.o(.data)
    temperature                              0x20000048   Data           8  main.o(.data)
    settemperature                           0x20000050   Data           8  main.o(.data)
    tempdiff                                 0x20000058   Data           4  main.o(.data)
    ADC3ConvertedTemperature                 0x20000060   Data           8  main.o(.data)
    temp1                                    0x20000068   Data           2  main.o(.data)
    temp2                                    0x2000006a   Data           2  main.o(.data)
    PrescalerValue                           0x2000006c   Data           2  main.o(.data)
    PrescalerValue_TIM3                      0x2000006e   Data           1  main.o(.data)
    Fan_Speed                                0x2000006f   Data           1  main.o(.data)
    ADC3ConvertedValue                       0x20000070   Data           2  main.o(.data)
    CCR1_Val                                 0x20000072   Data           2  main.o(.data)
    UBPressed                                0x20000074   Data           1  main.o(.data)
    EXTI_InitStructure                       0x20000078   Data           8  main.o(.data)
    GPIO_InitStructure                       0x20000080   Data           8  main.o(.data)
    SystemCoreClock                          0x20000088   Data           4  system_stm32f4xx.o(.data)
    AHBPrescTable                            0x2000008c   Data          16  system_stm32f4xx.o(.data)
    GPIO_PORT                                0x2000009c   Data           8  stm32f429i_discovery.o(.data)
    BUTTON_PORT                              0x200000a4   Data           4  stm32f429i_discovery.o(.data)
    NVIC_InitStructure                       0x200000a8   Data           4  stm32f429i_discovery.o(.data)
    Font16x24                                0x200000ac   Data           8  stm32f429i_discovery_lcd.o(.data)
    Font12x12                                0x200000b4   Data           8  stm32f429i_discovery_lcd.o(.data)
    Font8x12                                 0x200000bc   Data           8  stm32f429i_discovery_lcd.o(.data)
    Font8x8                                  0x200000c4   Data           8  stm32f429i_discovery_lcd.o(.data)
    lcd_buffer_1                             0x200000dc   Data          14  main.o(.bss)
    lcd_buffer_2                             0x200000ea   Data          14  main.o(.bss)
    view_temp                                0x200000f8   Data          14  main.o(.bss)
    set_temp                                 0x20000106   Data          14  main.o(.bss)
    TIM_TimeBaseStructure                    0x20000114   Data          12  main.o(.bss)
    TIM_OCInitStructure                      0x20000120   Data          20  main.o(.bss)
    ADC_InitStructure                        0x20000134   Data          24  main.o(.bss)
    ADC_CommonInitStructure                  0x2000014c   Data          16  main.o(.bss)
    DMA_InitStructure                        0x2000015c   Data          60  main.o(.bss)
    __initial_sp                             0x20000598   Data           0  startup_stm32f429_439xx.o(STACK)



==============================================================================

Memory Map of the image

  Image Entry point : 0x080001ad

  Load Region LR_IROM1 (Base: 0x08000000, Size: 0x000061ac, Max: 0x00200000, ABSOLUTE)

    Execution Region ER_IROM1 (Base: 0x08000000, Size: 0x000060d0, Max: 0x00200000, ABSOLUTE)

    Base Addr    Size         Type   Attr      Idx    E Section Name        Object

    0x08000000   0x000001ac   Data   RO         3481    RESET               startup_stm32f429_439xx.o
    0x080001ac   0x00000000   Code   RO         3486  * .ARM.Collect$$$$00000000  mc_w.l(entry.o)
    0x080001ac   0x00000004   Code   RO         3760    .ARM.Collect$$$$00000001  mc_w.l(entry2.o)
    0x080001b0   0x00000004   Code   RO         3763    .ARM.Collect$$$$00000004  mc_w.l(entry5.o)
    0x080001b4   0x00000000   Code   RO         3765    .ARM.Collect$$$$00000008  mc_w.l(entry7b.o)
    0x080001b4   0x00000000   Code   RO         3767    .ARM.Collect$$$$0000000A  mc_w.l(entry8b.o)
    0x080001b4   0x00000008   Code   RO         3768    .ARM.Collect$$$$0000000B  mc_w.l(entry9a.o)
    0x080001bc   0x00000000   Code   RO         3770    .ARM.Collect$$$$0000000D  mc_w.l(entry10a.o)
    0x080001bc   0x00000000   Code   RO         3772    .ARM.Collect$$$$0000000F  mc_w.l(entry11a.o)
    0x080001bc   0x00000004   Code   RO         3761    .ARM.Collect$$$$00002712  mc_w.l(entry2.o)
    0x080001c0   0x00000024   Code   RO         3482    .text               startup_stm32f429_439xx.o
    0x080001e4   0x0000014e   Code   RO         3750    .text               mf_w.l(dadd.o)
    0x08000332   0x000000e4   Code   RO         3752    .text               mf_w.l(dmul.o)
    0x08000416   0x000000de   Code   RO         3754    .text               mf_w.l(ddiv.o)
    0x080004f4   0x0000001a   Code   RO         3756    .text               mf_w.l(dfltui.o)
    0x0800050e   0x00000038   Code   RO         3758    .text               mf_w.l(d2f.o)
    0x08000546   0x0000002c   Code   RO         3777    .text               mc_w.l(uidiv.o)
    0x08000572   0x00000062   Code   RO         3779    .text               mc_w.l(uldiv.o)
    0x080005d4   0x0000001e   Code   RO         3781    .text               mc_w.l(llshl.o)
    0x080005f2   0x00000024   Code   RO         3783    .text               mc_w.l(llsshr.o)
    0x08000616   0x00000000   Code   RO         3785    .text               mc_w.l(iusefp.o)
    0x08000616   0x0000006c   Code   RO         3786    .text               mf_w.l(fepilogue.o)
    0x08000682   0x000000be   Code   RO         3788    .text               mf_w.l(depilogue.o)
    0x08000740   0x00000030   Code   RO         3790    .text               mf_w.l(dfixul.o)
    0x08000770   0x00000028   Code   RO         3792    .text               mf_w.l(cdrcmple.o)
    0x08000798   0x00000024   Code   RO         3794    .text               mc_w.l(init.o)
    0x080007bc   0x00000020   Code   RO         3797    .text               mc_w.l(llushr.o)
    0x080007dc   0x000000f0   Code   RO            3    i.ADC3_CH12_DMA_Config  main.o
    0x080008cc   0x00000016   Code   RO          899    i.ADC_Cmd           stm32f4xx_adc.o
    0x080008e2   0x00000002   PAD
    0x080008e4   0x00000038   Code   RO          900    i.ADC_CommonInit    stm32f4xx_adc.o
    0x0800091c   0x00000016   Code   RO          903    i.ADC_DMACmd        stm32f4xx_adc.o
    0x08000932   0x00000016   Code   RO          904    i.ADC_DMARequestAfterLastTransferCmd  stm32f4xx_adc.o
    0x08000948   0x00000002   Code   RO          241    i.ADC_IRQHandler    stm32f4xx_it.o
    0x0800094a   0x00000002   PAD
    0x0800094c   0x00000054   Code   RO          919    i.ADC_Init          stm32f4xx_adc.o
    0x080009a0   0x000000b8   Code   RO          924    i.ADC_RegularChannelConfig  stm32f4xx_adc.o
    0x08000a58   0x0000000a   Code   RO          926    i.ADC_SoftwareStartConv  stm32f4xx_adc.o
    0x08000a62   0x00000002   PAD
    0x08000a64   0x00000088   Code   RO            4    i.BUT1OFF           main.o
    0x08000aec   0x00000084   Code   RO            5    i.BUT1ON            main.o
    0x08000b70   0x0000008c   Code   RO            6    i.BUT2OFF           main.o
    0x08000bfc   0x0000008c   Code   RO            7    i.BUT2ON            main.o
    0x08000c88   0x00000004   Code   RO          242    i.BusFault_Handler  stm32f4xx_it.o
    0x08000c8c   0x00000016   Code   RO         2243    i.DMA_Cmd           stm32f4xx_dma.o
    0x08000ca2   0x00000002   PAD
    0x08000ca4   0x00000058   Code   RO         2255    i.DMA_Init          stm32f4xx_dma.o
    0x08000cfc   0x00000002   Code   RO          243    i.DebugMon_Handler  stm32f4xx_it.o
    0x08000cfe   0x00000002   PAD
    0x08000d00   0x00000040   Code   RO          244    i.EXTI15_10_IRQHandler  stm32f4xx_it.o
    0x08000d40   0x0000003c   Code   RO          245    i.EXTI2_IRQHandler  stm32f4xx_it.o
    0x08000d7c   0x00000080   Code   RO            8    i.EXTILine1_Config  main.o
    0x08000dfc   0x00000084   Code   RO            9    i.EXTILine2_Config  main.o
    0x08000e80   0x0000000c   Code   RO         2180    i.EXTI_ClearITPendingBit  stm32f4xx_exti.o
    0x08000e8c   0x00000018   Code   RO         2184    i.EXTI_GetITStatus  stm32f4xx_exti.o
    0x08000ea4   0x00000094   Code   RO         2185    i.EXTI_Init         stm32f4xx_exti.o
    0x08000f38   0x0000004c   Code   RO         2890    i.FMC_GetFlagStatus  stm32f4xx_fmc.o
    0x08000f84   0x00000020   Code   RO         2907    i.FMC_SDRAMCmdConfig  stm32f4xx_fmc.o
    0x08000fa4   0x000000fc   Code   RO         2909    i.FMC_SDRAMInit     stm32f4xx_fmc.o
    0x080010a0   0x00000018   Code   RO         2913    i.FMC_SetRefreshCount  stm32f4xx_fmc.o
    0x080010b8   0x00000048   Code   RO           10    i.GPIO_Config       main.o
    0x08001100   0x00000090   Code   RO         2082    i.GPIO_Init         stm32f4xx_gpio.o
    0x08001190   0x00000046   Code   RO         2083    i.GPIO_PinAFConfig  stm32f4xx_gpio.o
    0x080011d6   0x00000004   Code   RO         2089    i.GPIO_ResetBits    stm32f4xx_gpio.o
    0x080011da   0x00000004   Code   RO         2090    i.GPIO_SetBits      stm32f4xx_gpio.o
    0x080011de   0x0000000a   Code   RO         2094    i.GPIO_WriteBit     stm32f4xx_gpio.o
    0x080011e8   0x00000004   Code   RO          246    i.HardFault_Handler  stm32f4xx_it.o
    0x080011ec   0x00000168   Code   RO          474    i.LCD_AF_GPIOConfig  stm32f429i_discovery_lcd.o
    0x08001354   0x00000020   Code   RO          475    i.LCD_ChipSelect    stm32f429i_discovery_lcd.o
    0x08001374   0x00000020   Code   RO          476    i.LCD_Clear         stm32f429i_discovery_lcd.o
    0x08001394   0x00000050   Code   RO          480    i.LCD_CtrlLinesConfig  stm32f429i_discovery_lcd.o
    0x080013e4   0x00000014   Code   RO          481    i.LCD_CtrlLinesWrite  stm32f429i_discovery_lcd.o
    0x080013f8   0x00000030   Code   RO          483    i.LCD_DisplayChar   stm32f429i_discovery_lcd.o
    0x08001428   0x00000054   Code   RO          486    i.LCD_DisplayStringLine  stm32f429i_discovery_lcd.o
    0x0800147c   0x000000d8   Code   RO          487    i.LCD_DrawChar      stm32f429i_discovery_lcd.o
    0x08001554   0x0000000c   Code   RO          500    i.LCD_GetFont       stm32f429i_discovery_lcd.o
    0x08001560   0x0000009a   Code   RO          501    i.LCD_Init          stm32f429i_discovery_lcd.o
    0x080015fa   0x00000002   PAD
    0x080015fc   0x000000a4   Code   RO          502    i.LCD_LayerInit     stm32f429i_discovery_lcd.o
    0x080016a0   0x0000028c   Code   RO          506    i.LCD_PowerOn       stm32f429i_discovery_lcd.o
    0x0800192c   0x000000d4   Code   RO          508    i.LCD_SPIConfig     stm32f429i_discovery_lcd.o
    0x08001a00   0x0000000c   Code   RO          509    i.LCD_SetBackColor  stm32f429i_discovery_lcd.o
    0x08001a0c   0x0000000c   Code   RO          514    i.LCD_SetFont       stm32f429i_discovery_lcd.o
    0x08001a18   0x0000002c   Code   RO          515    i.LCD_SetLayer      stm32f429i_discovery_lcd.o
    0x08001a44   0x0000000c   Code   RO          516    i.LCD_SetTextColor  stm32f429i_discovery_lcd.o
    0x08001a50   0x0000004c   Code   RO          521    i.LCD_WriteCommand  stm32f429i_discovery_lcd.o
    0x08001a9c   0x00000048   Code   RO          522    i.LCD_WriteData     stm32f429i_discovery_lcd.o
    0x08001ae4   0x00000010   Code   RO           11    i.LED_Config        main.o
    0x08001af4   0x00000024   Code   RO         3068    i.LTDC_Cmd          stm32f4xx_ltdc.o
    0x08001b18   0x00000024   Code   RO         3072    i.LTDC_DitherCmd    stm32f4xx_ltdc.o
    0x08001b3c   0x00000188   Code   RO         3079    i.LTDC_Init         stm32f4xx_ltdc.o
    0x08001cc4   0x00000016   Code   RO         3083    i.LTDC_LayerCmd     stm32f4xx_ltdc.o
    0x08001cda   0x00000114   Code   RO         3084    i.LTDC_LayerInit    stm32f4xx_ltdc.o
    0x08001dee   0x00000002   PAD
    0x08001df0   0x0000000c   Code   RO         3091    i.LTDC_ReloadConfig  stm32f4xx_ltdc.o
    0x08001dfc   0x00000004   Code   RO          247    i.MemManage_Handler  stm32f4xx_it.o
    0x08001e00   0x00000002   Code   RO          248    i.NMI_Handler       stm32f4xx_it.o
    0x08001e02   0x00000028   Code   RO           12    i.NVIC_Config       main.o
    0x08001e2a   0x00000002   PAD
    0x08001e2c   0x00000078   Code   RO          849    i.NVIC_Init         misc.o
    0x08001ea4   0x0000000c   Code   RO           13    i.PB_Config         main.o
    0x08001eb0   0x00000080   Code   RO           14    i.PWM_Config        main.o
    0x08001f30   0x00000002   Code   RO          249    i.PendSV_Handler    stm32f4xx_it.o
    0x08001f32   0x00000002   PAD
    0x08001f34   0x00000020   Code   RO         1135    i.RCC_AHB1PeriphClockCmd  stm32f4xx_rcc.o
    0x08001f54   0x00000020   Code   RO         1141    i.RCC_AHB3PeriphClockCmd  stm32f4xx_rcc.o
    0x08001f74   0x00000020   Code   RO         1144    i.RCC_APB1PeriphClockCmd  stm32f4xx_rcc.o
    0x08001f94   0x00000020   Code   RO         1146    i.RCC_APB1PeriphResetCmd  stm32f4xx_rcc.o
    0x08001fb4   0x00000020   Code   RO         1147    i.RCC_APB2PeriphClockCmd  stm32f4xx_rcc.o
    0x08001fd4   0x00000020   Code   RO         1149    i.RCC_APB2PeriphResetCmd  stm32f4xx_rcc.o
    0x08001ff4   0x00000040   Code   RO         1157    i.RCC_GetFlagStatus  stm32f4xx_rcc.o
    0x08002034   0x00000018   Code   RO         1167    i.RCC_LTDCCLKDivConfig  stm32f4xx_rcc.o
    0x0800204c   0x0000000c   Code   RO         1176    i.RCC_PLLSAICmd     stm32f4xx_rcc.o
    0x08002058   0x00000018   Code   RO         1177    i.RCC_PLLSAIConfig  stm32f4xx_rcc.o
    0x08002070   0x00000204   Code   RO          800    i.SDRAM_GPIOConfig  stm32f429i_discovery_sdram.o
    0x08002274   0x00000068   Code   RO          801    i.SDRAM_Init        stm32f429i_discovery_sdram.o
    0x080022dc   0x000000c8   Code   RO          802    i.SDRAM_InitSequence  stm32f429i_discovery_sdram.o
    0x080023a4   0x00000018   Code   RO         2619    i.SPI_Cmd           stm32f4xx_spi.o
    0x080023bc   0x000000b0   Code   RO         2626    i.SPI_I2S_DeInit    stm32f4xx_spi.o
    0x0800246c   0x00000012   Code   RO         2627    i.SPI_I2S_GetFlagStatus  stm32f4xx_spi.o
    0x0800247e   0x00000004   Code   RO         2631    i.SPI_I2S_SendData  stm32f4xx_spi.o
    0x08002482   0x0000003c   Code   RO         2632    i.SPI_Init          stm32f4xx_spi.o
    0x080024be   0x00000002   PAD
    0x080024c0   0x0000004c   Code   RO          401    i.STM_EVAL_LEDInit  stm32f429i_discovery.o
    0x0800250c   0x00000018   Code   RO          402    i.STM_EVAL_LEDOff   stm32f429i_discovery.o
    0x08002524   0x00000018   Code   RO          403    i.STM_EVAL_LEDOn    stm32f429i_discovery.o
    0x0800253c   0x000000ac   Code   RO          406    i.STM_EVAL_PBInit   stm32f429i_discovery.o
    0x080025e8   0x00000002   Code   RO          250    i.SVC_Handler       stm32f4xx_it.o
    0x080025ea   0x00000002   PAD
    0x080025ec   0x00000040   Code   RO         1466    i.SYSCFG_EXTILineConfig  stm32f4xx_syscfg.o
    0x0800262c   0x0000011c   Code   RO          334    i.SetSysClock       system_stm32f4xx.o
    0x08002748   0x00000002   Code   RO          251    i.SysTick_Handler   stm32f4xx_it.o
    0x0800274a   0x00000002   PAD
    0x0800274c   0x00000068   Code   RO          336    i.SystemInit        system_stm32f4xx.o
    0x080027b4   0x0000008c   Code   RO           15    i.TIM2_Config       main.o
    0x08002840   0x00000002   Code   RO          252    i.TIM3_IRQHandler   stm32f4xx_it.o
    0x08002842   0x00000018   Code   RO         1523    i.TIM_ARRPreloadConfig  stm32f4xx_tim.o
    0x0800285a   0x00000018   Code   RO         1535    i.TIM_Cmd           stm32f4xx_tim.o
    0x08002872   0x00000012   Code   RO         1560    i.TIM_ITConfig      stm32f4xx_tim.o
    0x08002884   0x0000007c   Code   RO         1564    i.TIM_OC1Init       stm32f4xx_tim.o
    0x08002900   0x00000012   Code   RO         1567    i.TIM_OC1PreloadConfig  stm32f4xx_tim.o
    0x08002912   0x00000006   Code   RO         1584    i.TIM_PrescalerConfig  stm32f4xx_tim.o
    0x08002918   0x00000084   Code   RO         1607    i.TIM_TimeBaseInit  stm32f4xx_tim.o
    0x0800299c   0x00000004   Code   RO          253    i.UsageFault_Handler  stm32f4xx_it.o
    0x080029a0   0x00000028   Code   RO         3724    i.__0sprintf        mc_w.l(printfa.o)
    0x080029c8   0x0000000e   Code   RO         3802    i.__scatterload_copy  mc_w.l(handlers.o)
    0x080029d6   0x00000002   Code   RO         3803    i.__scatterload_null  mc_w.l(handlers.o)
    0x080029d8   0x0000000e   Code   RO         3804    i.__scatterload_zeroinit  mc_w.l(handlers.o)
    0x080029e6   0x00000002   PAD
    0x080029e8   0x0000015c   Code   RO         3729    i._fp_digits        mc_w.l(printfa.o)
    0x08002b44   0x000006f0   Code   RO         3730    i._printf_core      mc_w.l(printfa.o)
    0x08003234   0x00000026   Code   RO         3731    i._printf_post_padding  mc_w.l(printfa.o)
    0x0800325a   0x00000030   Code   RO         3732    i._printf_pre_padding  mc_w.l(printfa.o)
    0x0800328a   0x0000000a   Code   RO         3734    i._sputc            mc_w.l(printfa.o)
    0x08003294   0x0000001c   Code   RO          524    i.delay             stm32f429i_discovery_lcd.o
    0x080032b0   0x00000024   Code   RO          805    i.delay             stm32f429i_discovery_sdram.o
    0x080032d4   0x000003f0   Code   RO           16    i.main              main.o
    0x080036c4   0x00000019   Data   RO          411    .constdata          stm32f429i_discovery.o
    0x080036dd   0x00000001   PAD
    0x080036de   0x000029d0   Data   RO          525    .constdata          stm32f429i_discovery_lcd.o
    0x080060ae   0x00000002   PAD
    0x080060b0   0x00000020   Data   RO         3800    Region$$Table       anon$$obj.o


    Execution Region RW_IRAM1 (Base: 0x20000000, Size: 0x00000598, Max: 0x00030000, ABSOLUTE)

    Base Addr    Size         Type   Attr      Idx    E Section Name        Object

    0x20000000   0x00000088   Data   RW           18    .data               main.o
    0x20000088   0x00000014   Data   RW          337    .data               system_stm32f4xx.o
    0x2000009c   0x00000010   Data   RW          412    .data               stm32f429i_discovery.o
    0x200000ac   0x00000030   Data   RW          526    .data               stm32f429i_discovery_lcd.o
    0x200000dc   0x000000bc   Zero   RW           17    .bss                main.o
    0x20000198   0x00000400   Zero   RW         3479    STACK               startup_stm32f429_439xx.o


==============================================================================

Image component sizes


      Code (inc. data)   RO Data    RW Data    ZI Data      Debug   Object Name

      2464        510          0        136        188     355665   main.o
       120         12          0          0          0       1340   misc.o
        36          8        428          0       1024        832   startup_stm32f429_439xx.o
       296         60         25         16          0       4338   stm32f429i_discovery.o
      2322        150      10704         48          0      17682   stm32f429i_discovery_lcd.o
       856         28          0          0          0       3865   stm32f429i_discovery_sdram.o
       400         22          0          0          0       6619   stm32f4xx_adc.o
       110          6          0          0          0       2829   stm32f4xx_dma.o
       184         16          0          0          0       2696   stm32f4xx_exti.o
       384         30          0          0          0       4175   stm32f4xx_fmc.o
       232          0          0          0          0       4347   stm32f4xx_gpio.o
       154         20          0          0          0       6295   stm32f4xx_it.o
       774         32          0          0          0       5153   stm32f4xx_ltdc.o
       316         58          0          0          0       7288   stm32f4xx_rcc.o
       282         24          0          0          0       4429   stm32f4xx_spi.o
        64          4          0          0          0        788   stm32f4xx_syscfg.o
       346         38          0          0          0       6078   stm32f4xx_tim.o
       388         32          0         20          0       1897   system_stm32f4xx.o

    ----------------------------------------------------------------------
      9752       1050      11192        220       1212     436316   Object Totals
         0          0         32          0          0          0   (incl. Generated)
        24          0          3          0          0          0   (incl. Padding)

    ----------------------------------------------------------------------

      Code (inc. data)   RO Data    RW Data    ZI Data      Debug   Library Member Name

         0          0          0          0          0          0   entry.o
         0          0          0          0          0          0   entry10a.o
         0          0          0          0          0          0   entry11a.o
         8          4          0          0          0          0   entry2.o
         4          0          0          0          0          0   entry5.o
         0          0          0          0          0          0   entry7b.o
         0          0          0          0          0          0   entry8b.o
         8          4          0          0          0          0   entry9a.o
        30          0          0          0          0          0   handlers.o
        36          8          0          0          0         68   init.o
         0          0          0          0          0          0   iusefp.o
        30          0          0          0          0         68   llshl.o
        36          0          0          0          0         68   llsshr.o
        32          0          0          0          0         68   llushr.o
      2260         86          0          0          0        512   printfa.o
        44          0          0          0          0         80   uidiv.o
        98          0          0          0          0         92   uldiv.o
        40          2          0          0          0         68   cdrcmple.o
        56          0          0          0          0         88   d2f.o
       334          0          0          0          0        148   dadd.o
       222          0          0          0          0        100   ddiv.o
       190          0          0          0          0        176   depilogue.o
        48          0          0          0          0         68   dfixul.o
        26          0          0          0          0         76   dfltui.o
       228          0          0          0          0         96   dmul.o
       108          0          0          0          0        168   fepilogue.o

    ----------------------------------------------------------------------
      3840        104          0          0          0       1944   Library Totals
         2          0          0          0          0          0   (incl. Padding)

    ----------------------------------------------------------------------

      Code (inc. data)   RO Data    RW Data    ZI Data      Debug   Library Name

      2586        102          0          0          0        956   mc_w.l
      1252          2          0          0          0        988   mf_w.l

    ----------------------------------------------------------------------
      3840        104          0          0          0       1944   Library Totals

    ----------------------------------------------------------------------

==============================================================================


      Code (inc. data)   RO Data    RW Data    ZI Data      Debug   

     13592       1154      11192        220       1212     427072   Grand Totals
     13592       1154      11192        220       1212     427072   ELF Image Totals
     13592       1154      11192        220          0          0   ROM Totals

==============================================================================

    Total RO  Size (Code + RO Data)                24784 (  24.20kB)
    Total RW  Size (RW Data + ZI Data)              1432 (   1.40kB)
    Total ROM Size (Code + RO Data + RW Data)      25004 (  24.42kB)

==============================================================================

