<html>
<body>
<pre>
<h1>µVision Build Log</h1>
<h2>Project:</h2>
C:\Users\Mostafa\Desktop\3YT1ME\MECHTRON 3TA4\LABS\Intro to STM32F4-Discovery.html\labs\lab1\lab4starter\lab4.uvproj
Project File Date:  11/10/2015

<h2>Output:</h2>
Build target 'lab4'
linking...
Program Size: Code=13592 RO-data=11192 RW-data=220 ZI-data=1212  
FromELF: creating hex file...
".\lab4.axf" - 0 Error(s), 0 Warning(s).
Load "C:\\Users\\Mostafa\\Desktop\\3YT1ME\\MECHTRON 3TA4\\LABS\\Intro to STM32F4-Discovery.html\\labs\\lab1\\lab4starter\\lab4.axf" 
Erase Done.
Programming Done.
Verify OK.
</pre>
</body>
</html>
