ARM Linker, 5.03 [Build 76] [MDK-ARM Lite]

==============================================================================

Section Cross References

    main.o(i.EBHELD) refers to _printf_percent.o(.ARM.Collect$$_printf_percent$$00000000) for _printf_percent
    main.o(i.EBHELD) refers to _printf_d.o(.ARM.Collect$$_printf_percent$$00000009) for _printf_d
    main.o(i.EBHELD) refers to _printf_dec.o(.text) for _printf_int_dec
    main.o(i.EBHELD) refers to stm32f429i_discovery_i2c_ee.o(i.sEE_ReadBuffer) for sEE_ReadBuffer
    main.o(i.EBHELD) refers to noretval__2snprintf.o(.text) for __2snprintf
    main.o(i.EBHELD) refers to stm32f429i_discovery_lcd.o(i.LCD_GetFont) for LCD_GetFont
    main.o(i.EBHELD) refers to stm32f429i_discovery_lcd.o(i.LCD_DisplayStringLine) for LCD_DisplayStringLine
    main.o(i.EBHELD) refers to main.o(.data) for sEE_WRITE_ADDRESS
    main.o(i.EBHELD) refers to main.o(.bss) for lcd_buffer_1
    main.o(i.EXTButton_1) refers to stm32f4xx_rcc.o(i.RCC_AHB1PeriphClockCmd) for RCC_AHB1PeriphClockCmd
    main.o(i.EXTButton_1) refers to stm32f4xx_rcc.o(i.RCC_APB2PeriphClockCmd) for RCC_APB2PeriphClockCmd
    main.o(i.EXTButton_1) refers to stm32f4xx_gpio.o(i.GPIO_Init) for GPIO_Init
    main.o(i.EXTButton_1) refers to stm32f4xx_syscfg.o(i.SYSCFG_EXTILineConfig) for SYSCFG_EXTILineConfig
    main.o(i.EXTButton_1) refers to stm32f4xx_exti.o(i.EXTI_Init) for EXTI_Init
    main.o(i.EXTButton_1) refers to misc.o(i.NVIC_Init) for NVIC_Init
    main.o(i.EXTButton_2) refers to stm32f4xx_rcc.o(i.RCC_AHB1PeriphClockCmd) for RCC_AHB1PeriphClockCmd
    main.o(i.EXTButton_2) refers to stm32f4xx_rcc.o(i.RCC_APB2PeriphClockCmd) for RCC_APB2PeriphClockCmd
    main.o(i.EXTButton_2) refers to stm32f4xx_gpio.o(i.GPIO_Init) for GPIO_Init
    main.o(i.EXTButton_2) refers to stm32f4xx_syscfg.o(i.SYSCFG_EXTILineConfig) for SYSCFG_EXTILineConfig
    main.o(i.EXTButton_2) refers to stm32f4xx_exti.o(i.EXTI_Init) for EXTI_Init
    main.o(i.EXTButton_2) refers to misc.o(i.NVIC_Init) for NVIC_Init
    main.o(i.PB_Config) refers to stm32f429i_discovery.o(i.STM_EVAL_PBInit) for STM_EVAL_PBInit
    main.o(i.RTC_Config) refers to stm32f4xx_rcc.o(i.RCC_APB1PeriphClockCmd) for RCC_APB1PeriphClockCmd
    main.o(i.RTC_Config) refers to stm32f4xx_pwr.o(i.PWR_BackupAccessCmd) for PWR_BackupAccessCmd
    main.o(i.RTC_Config) refers to stm32f4xx_rcc.o(i.RCC_LSICmd) for RCC_LSICmd
    main.o(i.RTC_Config) refers to stm32f4xx_rcc.o(i.RCC_GetFlagStatus) for RCC_GetFlagStatus
    main.o(i.RTC_Config) refers to stm32f4xx_rcc.o(i.RCC_RTCCLKConfig) for RCC_RTCCLKConfig
    main.o(i.RTC_Config) refers to stm32f4xx_rcc.o(i.RCC_RTCCLKCmd) for RCC_RTCCLKCmd
    main.o(i.RTC_Config) refers to stm32f4xx_rtc.o(i.RTC_WaitForSynchro) for RTC_WaitForSynchro
    main.o(i.RTC_Config) refers to stm32f4xx_exti.o(i.EXTI_ClearITPendingBit) for EXTI_ClearITPendingBit
    main.o(i.RTC_Config) refers to stm32f4xx_exti.o(i.EXTI_Init) for EXTI_Init
    main.o(i.RTC_Config) refers to misc.o(i.NVIC_Init) for NVIC_Init
    main.o(i.RTC_Config) refers to stm32f4xx_rtc.o(i.RTC_ITConfig) for RTC_ITConfig
    main.o(i.RTC_Config) refers to stm32f4xx_rtc.o(i.RTC_AlarmCmd) for RTC_AlarmCmd
    main.o(i.RTC_Config) refers to main.o(.data) for SynchPrediv
    main.o(i.RTC_Config) refers to stm32f429i_discovery.o(.data) for NVIC_InitStructure
    main.o(i.RTC_DateShow) refers to _printf_percent.o(.ARM.Collect$$_printf_percent$$00000000) for _printf_percent
    main.o(i.RTC_DateShow) refers to _printf_d.o(.ARM.Collect$$_printf_percent$$00000009) for _printf_d
    main.o(i.RTC_DateShow) refers to _printf_dec.o(.text) for _printf_int_dec
    main.o(i.RTC_DateShow) refers to stm32f4xx_rtc.o(i.RTC_GetDate) for RTC_GetDate
    main.o(i.RTC_DateShow) refers to noretval__2snprintf.o(.text) for __2snprintf
    main.o(i.RTC_DateShow) refers to stm32f429i_discovery_lcd.o(i.LCD_GetFont) for LCD_GetFont
    main.o(i.RTC_DateShow) refers to stm32f429i_discovery_lcd.o(i.LCD_DisplayStringLine) for LCD_DisplayStringLine
    main.o(i.RTC_DateShow) refers to main.o(.data) for RTC_DateStructure
    main.o(i.RTC_DateShow) refers to main.o(.bss) for datebuffer
    main.o(i.RTC_TimeShow) refers to _printf_percent.o(.ARM.Collect$$_printf_percent$$00000000) for _printf_percent
    main.o(i.RTC_TimeShow) refers to _printf_d.o(.ARM.Collect$$_printf_percent$$00000009) for _printf_d
    main.o(i.RTC_TimeShow) refers to _printf_dec.o(.text) for _printf_int_dec
    main.o(i.RTC_TimeShow) refers to stm32f4xx_rtc.o(i.RTC_GetTime) for RTC_GetTime
    main.o(i.RTC_TimeShow) refers to noretval__2snprintf.o(.text) for __2snprintf
    main.o(i.RTC_TimeShow) refers to stm32f429i_discovery_lcd.o(i.LCD_GetFont) for LCD_GetFont
    main.o(i.RTC_TimeShow) refers to stm32f429i_discovery_lcd.o(i.LCD_DisplayStringLine) for LCD_DisplayStringLine
    main.o(i.RTC_TimeShow) refers to main.o(.data) for RTC_TimeStructure
[...]
    .ARM.Collect$$libinit$$0000001B          0x08000230   Section        0  libinit2.o(.ARM.Collect$$libinit$$0000001B)
    .ARM.Collect$$libinit$$0000001D          0x08000230   Section        0  libinit2.o(.ARM.Collect$$libinit$$0000001D)
    .ARM.Collect$$libinit$$0000001F          0x08000230   Section        0  libinit2.o(.ARM.Collect$$libinit$$0000001F)
    .ARM.Collect$$libinit$$00000021          0x08000230   Section        0  libinit2.o(.ARM.Collect$$libinit$$00000021)
    .ARM.Collect$$libinit$$00000023          0x08000230   Section        0  libinit2.o(.ARM.Collect$$libinit$$00000023)
    .ARM.Collect$$libinit$$0000002A          0x08000230   Section        0  libinit2.o(.ARM.Collect$$libinit$$0000002A)
    .ARM.Collect$$libinit$$0000002C          0x08000230   Section        0  libinit2.o(.ARM.Collect$$libinit$$0000002C)
    .ARM.Collect$$libinit$$0000002E          0x08000230   Section        0  libinit2.o(.ARM.Collect$$libinit$$0000002E)
    .ARM.Collect$$libinit$$00000030          0x08000230   Section        0  libinit2.o(.ARM.Collect$$libinit$$00000030)
    .ARM.Collect$$libinit$$00000031          0x08000230   Section        2  libinit2.o(.ARM.Collect$$libinit$$00000031)
    .ARM.Collect$$libshutdown$$00000000      0x08000232   Section        2  libshutdown.o(.ARM.Collect$$libshutdown$$00000000)
    .ARM.Collect$$libshutdown$$00000003      0x08000234   Section        0  libshutdown2.o(.ARM.Collect$$libshutdown$$00000003)
    .ARM.Collect$$libshutdown$$00000006      0x08000234   Section        0  libshutdown2.o(.ARM.Collect$$libshutdown$$00000006)
    .ARM.Collect$$libshutdown$$00000009      0x08000234   Section        0  libshutdown2.o(.ARM.Collect$$libshutdown$$00000009)
    .ARM.Collect$$libshutdown$$0000000B      0x08000234   Section        0  libshutdown2.o(.ARM.Collect$$libshutdown$$0000000B)
    .ARM.Collect$$libshutdown$$0000000E      0x08000234   Section        0  libshutdown2.o(.ARM.Collect$$libshutdown$$0000000E)
    .ARM.Collect$$libshutdown$$0000000F      0x08000234   Section        2  libshutdown2.o(.ARM.Collect$$libshutdown$$0000000F)
    .ARM.Collect$$rtentry$$00000000          0x08000236   Section        0  rtentry.o(.ARM.Collect$$rtentry$$00000000)
    .ARM.Collect$$rtentry$$00000002          0x08000236   Section        0  rtentry2.o(.ARM.Collect$$rtentry$$00000002)
    .ARM.Collect$$rtentry$$00000004          0x08000236   Section        6  rtentry4.o(.ARM.Collect$$rtentry$$00000004)
    .ARM.Collect$$rtentry$$00000009          0x0800023c   Section        0  rtentry2.o(.ARM.Collect$$rtentry$$00000009)
    .ARM.Collect$$rtentry$$0000000A          0x0800023c   Section        4  rtentry2.o(.ARM.Collect$$rtentry$$0000000A)
    .ARM.Collect$$rtentry$$0000000C          0x08000240   Section        0  rtentry2.o(.ARM.Collect$$rtentry$$0000000C)
    .ARM.Collect$$rtentry$$0000000D          0x08000240   Section        8  rtentry2.o(.ARM.Collect$$rtentry$$0000000D)
    .ARM.Collect$$rtexit$$00000000           0x08000248   Section        2  rtexit.o(.ARM.Collect$$rtexit$$00000000)
    .ARM.Collect$$rtexit$$00000002           0x0800024a   Section        0  rtexit2.o(.ARM.Collect$$rtexit$$00000002)
    .ARM.Collect$$rtexit$$00000003           0x0800024a   Section        4  rtexit2.o(.ARM.Collect$$rtexit$$00000003)
    .ARM.Collect$$rtexit$$00000004           0x0800024e   Section        6  rtexit2.o(.ARM.Collect$$rtexit$$00000004)
    .text                                    0x08000254   Section       64  startup_stm32f429_439xx.o(.text)
    $v0                                      0x08000254   Number         0  startup_stm32f429_439xx.o(.text)
    .text                                    0x08000294   Section        0  noretval__2snprintf.o(.text)
    .text                                    0x080002c8   Section        0  __printf.o(.text)
    .text                                    0x08000330   Section        0  _printf_dec.o(.text)
    .text                                    0x080003a8   Section        0  heapauxi.o(.text)
    .text                                    0x080003ae   Section        0  _printf_intcommon.o(.text)
    .text                                    0x08000468   Section        0  _printf_char_common.o(.text)
    _printf_input_char                       0x08000469   Thumb Code    10  _printf_char_common.o(.text)
    .text                                    0x08000498   Section        0  _sputc.o(.text)
    .text                                    0x080004a2   Section        0  _snputc.o(.text)
    .text                                    0x080004b2   Section       74  sys_stackheap_outer.o(.text)
    .text                                    0x080004fc   Section        0  exit.o(.text)
    .text                                    0x08000508   Section        8  libspace.o(.text)
    .text                                    0x08000510   Section        0  sys_exit.o(.text)
    .text                                    0x0800051c   Section        2  use_no_semi.o(.text)
    .text                                    0x0800051e   Section        0  indicate_semi.o(.text)
    i.BusFault_Handler                       0x0800051e   Section        0  stm32f4xx_it.o(i.BusFault_Handler)
    i.DMA1_Stream2_IRQHandler                0x08000524   Section        0  stm32f429i_discovery_i2c_ee.o(i.DMA1_Stream2_IRQHandler)
    i.DMA1_Stream4_IRQHandler                0x08000564   Section        0  stm32f429i_discovery_i2c_ee.o(i.DMA1_Stream4_IRQHandler)
    i.DMA_ClearFlag                          0x080005d0   Section        0  stm32f4xx_dma.o(i.DMA_ClearFlag)
    i.DMA_Cmd                                0x08000604   Section        0  stm32f4xx_dma.o(i.DMA_Cmd)
    i.DMA_DeInit                             0x0800061c   Section        0  stm32f4xx_dma.o(i.DMA_DeInit)
    i.DMA_GetFlagStatus                      0x08000774   Section        0  stm32f4xx_dma.o(i.DMA_GetFlagStatus)
    i.DMA_ITConfig                           0x080007b4   Section        0  stm32f4xx_dma.o(i.DMA_ITConfig)
    i.DMA_Init                               0x080007f0   Section        0  stm32f4xx_dma.o(i.DMA_Init)
    i.DebugMon_Handler                       0x08000848   Section        0  stm32f4xx_it.o(i.DebugMon_Handler)
    i.EBHELD                                 0x0800084c   Section        0  main.o(i.EBHELD)
    i.EXTButton_1                            0x080009e4   Section        0  main.o(i.EXTButton_1)
    i.EXTButton_2                            0x08000a64   Section        0  main.o(i.EXTButton_2)
    i.EXTI0_IRQHandler                       0x08000ae8   Section        0  stm32f4xx_it.o(i.EXTI0_IRQHandler)
    i.EXTI15_10_IRQHandler                   0x08000afc   Section        0  stm32f4xx_it.o(i.EXTI15_10_IRQHandler)
    i.EXTI2_IRQHandler                       0x08000b1c   Section        0  stm32f4xx_it.o(i.EXTI2_IRQHandler)
    i.EXTI_ClearITPendingBit                 0x08000b38   Section        0  stm32f4xx_exti.o(i.EXTI_ClearITPendingBit)
    i.EXTI_GetITStatus                       0x08000b44   Section        0  stm32f4xx_exti.o(i.EXTI_GetITStatus)
    i.EXTI_Init                              0x08000b5c   Section        0  stm32f4xx_exti.o(i.EXTI_Init)
    i.FMC_GetFlagStatus                      0x08000bf0   Section        0  stm32f4xx_fmc.o(i.FMC_GetFlagStatus)
    i.FMC_SDRAMCmdConfig                     0x08000c3c   Section        0  stm32f4xx_fmc.o(i.FMC_SDRAMCmdConfig)
    i.FMC_SDRAMInit                          0x08000c5c   Section        0  stm32f4xx_fmc.o(i.FMC_SDRAMInit)
    i.FMC_SetRefreshCount                    0x08000d58   Section        0  stm32f4xx_fmc.o(i.FMC_SetRefreshCount)
    i.GPIO_Init                              0x08000d70   Section        0  stm32f4xx_gpio.o(i.GPIO_Init)
    i.GPIO_PinAFConfig                       0x08000e00   Section        0  stm32f4xx_gpio.o(i.GPIO_PinAFConfig)
    i.GPIO_ReadInputDataBit                  0x08000e46   Section        0  stm32f4xx_gpio.o(i.GPIO_ReadInputDataBit)
    i.GPIO_ResetBits                         0x08000e58   Section        0  stm32f4xx_gpio.o(i.GPIO_ResetBits)
    i.GPIO_SetBits                           0x08000e5c   Section        0  stm32f4xx_gpio.o(i.GPIO_SetBits)
    i.GPIO_WriteBit                          0x08000e60   Section        0  stm32f4xx_gpio.o(i.GPIO_WriteBit)
    i.HardFault_Handler                      0x08000e6a   Section        0  stm32f4xx_it.o(i.HardFault_Handler)
    i.I2C_AcknowledgeConfig                  0x08000e6e   Section        0  stm32f4xx_i2c.o(i.I2C_AcknowledgeConfig)
    i.I2C_CheckEvent                         0x08000e86   Section        0  stm32f4xx_i2c.o(i.I2C_CheckEvent)
    i.I2C_ClearFlag                          0x08000eb0   Section        0  stm32f4xx_i2c.o(i.I2C_ClearFlag)
    i.I2C_Cmd                                0x08000ebc   Section        0  stm32f4xx_i2c.o(i.I2C_Cmd)
    i.I2C_DMACmd                             0x08000ed4   Section        0  stm32f4xx_i2c.o(i.I2C_DMACmd)
    i.I2C_DMALastTransferCmd                 0x08000eec   Section        0  stm32f4xx_i2c.o(i.I2C_DMALastTransferCmd)
    i.I2C_GenerateSTART                      0x08000f04   Section        0  stm32f4xx_i2c.o(i.I2C_GenerateSTART)
    i.I2C_GenerateSTOP                       0x08000f1c   Section        0  stm32f4xx_i2c.o(i.I2C_GenerateSTOP)
    i.I2C_GetFlagStatus                      0x08000f34   Section        0  stm32f4xx_i2c.o(i.I2C_GetFlagStatus)
    i.I2C_Init                               0x08000f70   Section        0  stm32f4xx_i2c.o(i.I2C_Init)
    i.I2C_ReceiveData                        0x08001058   Section        0  stm32f4xx_i2c.o(i.I2C_ReceiveData)
    i.I2C_Send7bitAddress                    0x08001060   Section        0  stm32f4xx_i2c.o(i.I2C_Send7bitAddress)
    i.I2C_SendData                           0x08001070   Section        0  stm32f4xx_i2c.o(i.I2C_SendData)
    i.LCD_AF_GPIOConfig                      0x08001074   Section        0  stm32f429i_discovery_lcd.o(i.LCD_AF_GPIOConfig)
    LCD_AF_GPIOConfig                        0x08001075   Thumb Code   334  stm32f429i_discovery_lcd.o(i.LCD_AF_GPIOConfig)
    i.LCD_ChipSelect                         0x080011dc   Section        0  stm32f429i_discovery_lcd.o(i.LCD_ChipSelect)
    i.LCD_Clear                              0x080011fc   Section        0  stm32f429i_discovery_lcd.o(i.LCD_Clear)
    i.LCD_CtrlLinesConfig                    0x0800121c   Section        0  stm32f429i_discovery_lcd.o(i.LCD_CtrlLinesConfig)
    i.LCD_CtrlLinesWrite                     0x0800126c   Section        0  stm32f429i_discovery_lcd.o(i.LCD_CtrlLinesWrite)
    i.LCD_DisplayChar                        0x08001280   Section        0  stm32f429i_discovery_lcd.o(i.LCD_DisplayChar)
    i.LCD_DisplayStringLine                  0x080012b0   Section        0  stm32f429i_discovery_lcd.o(i.LCD_DisplayStringLine)
    i.LCD_DrawChar                           0x08001304   Section        0  stm32f429i_discovery_lcd.o(i.LCD_DrawChar)
    i.LCD_GetFont                            0x080013dc   Section        0  stm32f429i_discovery_lcd.o(i.LCD_GetFont)
    i.LCD_Init                               0x080013e8   Section        0  stm32f429i_discovery_lcd.o(i.LCD_Init)
    i.LCD_LayerInit                          0x08001484   Section        0  stm32f429i_discovery_lcd.o(i.LCD_LayerInit)
    i.LCD_PowerOn                            0x08001528   Section        0  stm32f429i_discovery_lcd.o(i.LCD_PowerOn)
    i.LCD_SPIConfig                          0x080017b4   Section        0  stm32f429i_discovery_lcd.o(i.LCD_SPIConfig)
    i.LCD_SetBackColor                       0x08001888   Section        0  stm32f429i_discovery_lcd.o(i.LCD_SetBackColor)
    i.LCD_SetFont                            0x08001894   Section        0  stm32f429i_discovery_lcd.o(i.LCD_SetFont)
    i.LCD_SetLayer                           0x080018a0   Section        0  stm32f429i_discovery_lcd.o(i.LCD_SetLayer)
    i.LCD_SetTextColor                       0x080018cc   Section        0  stm32f429i_discovery_lcd.o(i.LCD_SetTextColor)
    i.LCD_WriteCommand                       0x080018d8   Section        0  stm32f429i_discovery_lcd.o(i.LCD_WriteCommand)
    i.LCD_WriteData                          0x08001924   Section        0  stm32f429i_discovery_lcd.o(i.LCD_WriteData)
    i.LTDC_Cmd                               0x0800196c   Section        0  stm32f4xx_ltdc.o(i.LTDC_Cmd)
    i.LTDC_DitherCmd                         0x08001990   Section        0  stm32f4xx_ltdc.o(i.LTDC_DitherCmd)
    i.LTDC_Init                              0x080019b4   Section        0  stm32f4xx_ltdc.o(i.LTDC_Init)
    i.LTDC_LayerCmd                          0x08001b3c   Section        0  stm32f4xx_ltdc.o(i.LTDC_LayerCmd)
    i.LTDC_LayerInit                         0x08001b52   Section        0  stm32f4xx_ltdc.o(i.LTDC_LayerInit)
    i.LTDC_ReloadConfig                      0x08001c68   Section        0  stm32f4xx_ltdc.o(i.LTDC_ReloadConfig)
    i.MemManage_Handler                      0x08001c74   Section        0  stm32f4xx_it.o(i.MemManage_Handler)
    i.NMI_Handler                            0x08001c78   Section        0  stm32f4xx_it.o(i.NMI_Handler)
    i.NVIC_Init                              0x08001c7c   Section        0  misc.o(i.NVIC_Init)
    i.PB_Config                              0x08001cf4   Section        0  main.o(i.PB_Config)
    i.PWR_BackupAccessCmd                    0x08001d00   Section        0  stm32f4xx_pwr.o(i.PWR_BackupAccessCmd)
    i.PendSV_Handler                         0x08001d0c   Section        0  stm32f4xx_it.o(i.PendSV_Handler)
    i.RCC_AHB1PeriphClockCmd                 0x08001d10   Section        0  stm32f4xx_rcc.o(i.RCC_AHB1PeriphClockCmd)
    i.RCC_AHB3PeriphClockCmd                 0x08001d30   Section        0  stm32f4xx_rcc.o(i.RCC_AHB3PeriphClockCmd)
    i.RCC_APB1PeriphClockCmd                 0x08001d50   Section        0  stm32f4xx_rcc.o(i.RCC_APB1PeriphClockCmd)
    i.RCC_APB1PeriphResetCmd                 0x08001d70   Section        0  stm32f4xx_rcc.o(i.RCC_APB1PeriphResetCmd)
    i.RCC_APB2PeriphClockCmd                 0x08001d90   Section        0  stm32f4xx_rcc.o(i.RCC_APB2PeriphClockCmd)
    i.RCC_APB2PeriphResetCmd                 0x08001db0   Section        0  stm32f4xx_rcc.o(i.RCC_APB2PeriphResetCmd)
    i.RCC_GetClocksFreq                      0x08001dd0   Section        0  stm32f4xx_rcc.o(i.RCC_GetClocksFreq)
    i.RCC_GetFlagStatus                      0x08001eb8   Section        0  stm32f4xx_rcc.o(i.RCC_GetFlagStatus)
    i.RCC_LSICmd                             0x08001ef8   Section        0  stm32f4xx_rcc.o(i.RCC_LSICmd)
    i.RCC_LTDCCLKDivConfig                   0x08001f04   Section        0  stm32f4xx_rcc.o(i.RCC_LTDCCLKDivConfig)
    i.RCC_PLLSAICmd                          0x08001f1c   Section        0  stm32f4xx_rcc.o(i.RCC_PLLSAICmd)
    i.RCC_PLLSAIConfig                       0x08001f28   Section        0  stm32f4xx_rcc.o(i.RCC_PLLSAIConfig)
    i.RCC_RTCCLKCmd                          0x08001f40   Section        0  stm32f4xx_rcc.o(i.RCC_RTCCLKCmd)
    i.RCC_RTCCLKConfig                       0x08001f4c   Section        0  stm32f4xx_rcc.o(i.RCC_RTCCLKConfig)
    i.RTC_AlarmCmd                           0x08001f88   Section        0  stm32f4xx_rtc.o(i.RTC_AlarmCmd)
    i.RTC_Alarm_IRQHandler                   0x08001ffc   Section        0  stm32f4xx_it.o(i.RTC_Alarm_IRQHandler)
    i.RTC_Bcd2ToByte                         0x0800201a   Section        0  stm32f4xx_rtc.o(i.RTC_Bcd2ToByte)
    RTC_Bcd2ToByte                           0x0800201b   Thumb Code    22  stm32f4xx_rtc.o(i.RTC_Bcd2ToByte)
    i.RTC_ByteToBcd2                         0x08002030   Section        0  stm32f4xx_rtc.o(i.RTC_ByteToBcd2)
    RTC_ByteToBcd2                           0x08002031   Thumb Code    28  stm32f4xx_rtc.o(i.RTC_ByteToBcd2)
    i.RTC_ClearITPendingBit                  0x0800204c   Section        0  stm32f4xx_rtc.o(i.RTC_ClearITPendingBit)
    i.RTC_Config                             0x0800206c   Section        0  main.o(i.RTC_Config)
    i.RTC_DateShow                           0x08002108   Section        0  main.o(i.RTC_DateShow)
    i.RTC_EnterInitMode                      0x08002188   Section        0  stm32f4xx_rtc.o(i.RTC_EnterInitMode)
    i.RTC_ExitInitMode                       0x080021d8   Section        0  stm32f4xx_rtc.o(i.RTC_ExitInitMode)
    i.RTC_GetDate                            0x080021ec   Section        0  stm32f4xx_rtc.o(i.RTC_GetDate)
    i.RTC_GetITStatus                        0x08002238   Section        0  stm32f4xx_rtc.o(i.RTC_GetITStatus)
    i.RTC_GetTime                            0x08002278   Section        0  stm32f4xx_rtc.o(i.RTC_GetTime)
    i.RTC_ITConfig                           0x080022c8   Section        0  stm32f4xx_rtc.o(i.RTC_ITConfig)
    i.RTC_SetDate                            0x0800232c   Section        0  stm32f4xx_rtc.o(i.RTC_SetDate)
    i.RTC_SetTime                            0x080023f4   Section        0  stm32f4xx_rtc.o(i.RTC_SetTime)
    i.RTC_TimeShow                           0x080024c4   Section        0  main.o(i.RTC_TimeShow)
    i.RTC_WaitForSynchro                     0x0800253c   Section        0  stm32f4xx_rtc.o(i.RTC_WaitForSynchro)
    i.RTC_changedate                         0x0800259c   Section        0  main.o(i.RTC_changedate)
    i.RTC_changetime                         0x08002610   Section        0  main.o(i.RTC_changetime)
    i.SDRAM_GPIOConfig                       0x080026d8   Section        0  stm32f429i_discovery_sdram.o(i.SDRAM_GPIOConfig)
    i.SDRAM_Init                             0x080028dc   Section        0  stm32f429i_discovery_sdram.o(i.SDRAM_Init)
    i.SDRAM_InitSequence                     0x08002944   Section        0  stm32f429i_discovery_sdram.o(i.SDRAM_InitSequence)
    i.SPI_Cmd                                0x08002a0c   Section        0  stm32f4xx_spi.o(i.SPI_Cmd)
    i.SPI_I2S_DeInit                         0x08002a24   Section        0  stm32f4xx_spi.o(i.SPI_I2S_DeInit)
    i.SPI_I2S_GetFlagStatus                  0x08002ad4   Section        0  stm32f4xx_spi.o(i.SPI_I2S_GetFlagStatus)
    i.SPI_I2S_SendData                       0x08002ae6   Section        0  stm32f4xx_spi.o(i.SPI_I2S_SendData)
    i.SPI_Init                               0x08002aea   Section        0  stm32f4xx_spi.o(i.SPI_Init)
    i.STM_EVAL_PBInit                        0x08002b28   Section        0  stm32f429i_discovery.o(i.STM_EVAL_PBInit)
    i.SVC_Handler                            0x08002bd4   Section        0  stm32f4xx_it.o(i.SVC_Handler)
    i.SYSCFG_EXTILineConfig                  0x08002bd8   Section        0  stm32f4xx_syscfg.o(i.SYSCFG_EXTILineConfig)
    i.SetSysClock                            0x08002c18   Section        0  system_stm32f4xx.o(i.SetSysClock)
    SetSysClock                              0x08002c19   Thumb Code   268  system_stm32f4xx.o(i.SetSysClock)
    i.SysTick_Handler                        0x08002d34   Section        0  stm32f4xx_it.o(i.SysTick_Handler)
    i.SystemInit                             0x08002d38   Section        0  system_stm32f4xx.o(i.SystemInit)
    i.TIM3_IRQHandler                        0x08002da0   Section        0  stm32f4xx_it.o(i.TIM3_IRQHandler)
    i.UBHELD                                 0x08002da4   Section        0  main.o(i.UBHELD)
    i.UBRELEASED                             0x08002e5c   Section        0  main.o(i.UBRELEASED)
    i.UsageFault_Handler                     0x08002ec4   Section        0  stm32f4xx_it.o(i.UsageFault_Handler)
    i.delay                                  0x08002ec8   Section        0  stm32f429i_discovery_lcd.o(i.delay)
    delay                                    0x08002ec9   Thumb Code    28  stm32f429i_discovery_lcd.o(i.delay)
    i.delay                                  0x08002ee4   Section        0  stm32f429i_discovery_sdram.o(i.delay)
    delay                                    0x08002ee5   Thumb Code    32  stm32f429i_discovery_sdram.o(i.delay)
    i.main                                   0x08002f08   Section        0  main.o(i.main)
    i.sEE_Init                               0x080033c8   Section        0  stm32f429i_discovery_i2c_ee.o(i.sEE_Init)
    i.sEE_LowLevel_DMAConfig                 0x0800342c   Section        0  stm32f429i_discovery.o(i.sEE_LowLevel_DMAConfig)
    i.sEE_LowLevel_Init                      0x0800346c   Section        0  stm32f429i_discovery.o(i.sEE_LowLevel_Init)
    i.sEE_ReadBuffer                         0x080035c8   Section        0  stm32f429i_discovery_i2c_ee.o(i.sEE_ReadBuffer)
    i.sEE_TIMEOUT_UserCallback               0x08003800   Section        0  stm32f429i_discovery_i2c_ee.o(i.sEE_TIMEOUT_UserCallback)
    i.sEE_WaitEepromStandbyState             0x08003804   Section        0  stm32f429i_discovery_i2c_ee.o(i.sEE_WaitEepromStandbyState)
    i.sEE_WriteBuffer                        0x080038ec   Section        0  stm32f429i_discovery_i2c_ee.o(i.sEE_WriteBuffer)
    i.sEE_WritePage                          0x08003ba8   Section        0  stm32f429i_discovery_i2c_ee.o(i.sEE_WritePage)
    i.settimedate                            0x08003cd8   Section        0  main.o(i.settimedate)
    x$fpl$fpinit                             0x08003da8   Section       10  fpinit.o(x$fpl$fpinit)
    $v0                                      0x08003da8   Number         0  fpinit.o(x$fpl$fpinit)
    .constdata                               0x08003db4   Section       25  stm32f429i_discovery.o(.constdata)
    .constdata                               0x08003dce   Section    10704  stm32f429i_discovery_lcd.o(.constdata)
    .data                                    0x20000000   Section      112  main.o(.data)
    .data                                    0x20000070   Section       16  stm32f4xx_rcc.o(.data)
    APBAHBPrescTable                         0x20000070   Data          16  stm32f4xx_rcc.o(.data)
    .data                                    0x20000080   Section       16  stm32f429i_discovery.o(.data)
    .data                                    0x20000090   Section       48  stm32f429i_discovery_lcd.o(.data)
    CurrentTextColor                         0x200000b0   Data           2  stm32f429i_discovery_lcd.o(.data)
    CurrentBackColor                         0x200000b2   Data           2  stm32f429i_discovery_lcd.o(.data)
    CurrentFrameBuffer                       0x200000b4   Data           4  stm32f429i_discovery_lcd.o(.data)
    CurrentLayer                             0x200000b8   Data           4  stm32f429i_discovery_lcd.o(.data)
    LCD_Currentfonts                         0x200000bc   Data           4  stm32f429i_discovery_lcd.o(.data)
    .data                                    0x200000c0   Section       17  stm32f429i_discovery_i2c_ee.o(.data)
    .bss                                     0x200000d4   Section       84  main.o(.bss)
    .bss                                     0x20000128   Section       60  stm32f429i_discovery.o(.bss)
    .bss                                     0x20000164   Section       96  libspace.o(.bss)
    HEAP                                     0x200001c8   Section      512  startup_stm32f429_439xx.o(HEAP)
    Heap_Mem                                 0x200001c8   Data         512  startup_stm32f429_439xx.o(HEAP)
    STACK                                    0x200003c8   Section     1024  startup_stm32f429_439xx.o(STACK)
    Stack_Mem                                0x200003c8   Data        1024  startup_stm32f429_439xx.o(STACK)
    __initial_sp                             0x200007c8   Data           0  startup_stm32f429_439xx.o(STACK)

    Global Symbols

    Symbol Name                              Value     Ov Type        Size  Object(Section)

    BuildAttributes$$THM_ISAv4$E$P$D$K$B$S$7EM$VFPi3$EXTD16$VFPS$VFMA$PE$A:L22UL41UL21$X:L11$S22US41US21$IEEE1$IW$USESV6$~STKCKD$USESV7$~SHL$OSPACE$ROPI$EBA8$UX$STANDARDLIB$REQ8$PRES8$EABIv2 0x00000000   Number         0  anon$$obj.o ABSOLUTE
    __ARM_use_no_argv                        0x00000000   Number         0  main.o ABSOLUTE
    __ARM_exceptions_init                     - Undefined Weak Reference
    __alloca_initialize                       - Undefined Weak Reference
    __cpp_initialize__aeabi_                  - Undefined Weak Reference
    __cxa_finalize                            - Undefined Weak Reference
    __rt_locale                               - Undefined Weak Reference
    __sigvec_lookup                           - Undefined Weak Reference
    _atexit_init                              - Undefined Weak Reference
    _call_atexit_fns                          - Undefined Weak Reference
    _clock_init                               - Undefined Weak Reference
    _fp_trap_init                             - Undefined Weak Reference
    _fp_trap_shutdown                         - Undefined Weak Reference
    _get_lc_collate                           - Undefined Weak Reference
    _get_lc_ctype                             - Undefined Weak Reference
    _get_lc_monetary                          - Undefined Weak Reference
    _get_lc_numeric                           - Undefined Weak Reference
    _get_lc_time                              - Undefined Weak Reference
    _getenv_init                              - Undefined Weak Reference
    _handle_redirection                       - Undefined Weak Reference
    _init_alloc                               - Undefined Weak Reference
    _init_user_alloc                          - Undefined Weak Reference
    _initio                                   - Undefined Weak Reference
    _printf_post_padding                      - Undefined Weak Reference
    _printf_pre_padding                       - Undefined Weak Reference
    _printf_truncate_signed                   - Undefined Weak Reference
    _printf_truncate_unsigned                 - Undefined Weak Reference
    _rand_init                                - Undefined Weak Reference
    _signal_finish                            - Undefined Weak Reference
    _signal_init                              - Undefined Weak Reference
    _terminate_alloc                          - Undefined Weak Reference
    _terminate_user_alloc                     - Undefined Weak Reference
    _terminateio                              - Undefined Weak Reference
    __Vectors_Size                           0x000001ac   Number         0  startup_stm32f429_439xx.o ABSOLUTE
    __Vectors                                0x08000000   Data           4  startup_stm32f429_439xx.o(RESET)
    __Vectors_End                            0x080001ac   Data           0  startup_stm32f429_439xx.o(RESET)
    __main                                   0x080001ad   Thumb Code     8  __main.o(!!!main)
    __scatterload                            0x080001b5   Thumb Code     0  __scatter.o(!!!scatter)
    __scatterload_rt2                        0x080001b5   Thumb Code    44  __scatter.o(!!!scatter)
    __scatterload_rt2_thumb_only             0x080001b5   Thumb Code     0  __scatter.o(!!!scatter)
    __scatterload_null                       0x080001c3   Thumb Code     0  __scatter.o(!!!scatter)
    __scatterload_copy                       0x080001e9   Thumb Code    26  __scatter_copy.o(!!handler_copy)
    __scatterload_zeroinit                   0x08000205   Thumb Code    28  __scatter_zi.o(!!handler_zi)
    _printf_d                                0x08000221   Thumb Code     0  _printf_d.o(.ARM.Collect$$_printf_percent$$00000009)
    _printf_percent                          0x08000221   Thumb Code     0  _printf_percent.o(.ARM.Collect$$_printf_percent$$00000000)
    _printf_percent_end                      0x08000227   Thumb Code     0  _printf_percent_end.o(.ARM.Collect$$_printf_percent$$00000017)
    __rt_lib_init                            0x0800022b   Thumb Code     0  libinit.o(.ARM.Collect$$libinit$$00000000)
    __rt_lib_init_fp_1                       0x0800022d   Thumb Code     0  libinit2.o(.ARM.Collect$$libinit$$00000001)
    __rt_lib_init_alloca_1                   0x08000231   Thumb Code     0  libinit2.o(.ARM.Collect$$libinit$$0000002C)
    __rt_lib_init_argv_1                     0x08000231   Thumb Code     0  libinit2.o(.ARM.Collect$$libinit$$0000002A)
    __rt_lib_init_atexit_1                   0x08000231   Thumb Code     0  libinit2.o(.ARM.Collect$$libinit$$00000019)
    __rt_lib_init_clock_1                    0x08000231   Thumb Code     0  libinit2.o(.ARM.Collect$$libinit$$0000001F)
    __rt_lib_init_cpp_1                      0x08000231   Thumb Code     0  libinit2.o(.ARM.Collect$$libinit$$00000030)
    __rt_lib_init_exceptions_1               0x08000231   Thumb Code     0  libinit2.o(.ARM.Collect$$libinit$$0000002E)
    __rt_lib_init_fp_trap_1                  0x08000231   Thumb Code     0  libinit2.o(.ARM.Collect$$libinit$$0000001D)
    __rt_lib_init_getenv_1                   0x08000231   Thumb Code     0  libinit2.o(.ARM.Collect$$libinit$$00000021)
    __rt_lib_init_heap_1                     0x08000231   Thumb Code     0  libinit2.o(.ARM.Collect$$libinit$$00000008)
    __rt_lib_init_lc_collate_1               0x08000231   Thumb Code     0  libinit2.o(.ARM.Collect$$libinit$$0000000F)
    __rt_lib_init_lc_ctype_1                 0x08000231   Thumb Code     0  libinit2.o(.ARM.Collect$$libinit$$00000011)
    __rt_lib_init_lc_monetary_1              0x08000231   Thumb Code     0  libinit2.o(.ARM.Collect$$libinit$$00000013)
    __rt_lib_init_lc_numeric_1               0x08000231   Thumb Code     0  libinit2.o(.ARM.Collect$$libinit$$00000015)
    __rt_lib_init_lc_time_1                  0x08000231   Thumb Code     0  libinit2.o(.ARM.Collect$$libinit$$00000017)
    __rt_lib_init_rand_1                     0x08000231   Thumb Code     0  libinit2.o(.ARM.Collect$$libinit$$0000000C)
    __rt_lib_init_return                     0x08000231   Thumb Code     0  libinit2.o(.ARM.Collect$$libinit$$00000031)
    __rt_lib_init_signal_1                   0x08000231   Thumb Code     0  libinit2.o(.ARM.Collect$$libinit$$0000001B)
    __rt_lib_init_stdio_1                    0x08000231   Thumb Code     0  libinit2.o(.ARM.Collect$$libinit$$00000023)
    __rt_lib_init_user_alloc_1               0x08000231   Thumb Code     0  libinit2.o(.ARM.Collect$$libinit$$0000000A)
    __rt_lib_shutdown                        0x08000233   Thumb Code     0  libshutdown.o(.ARM.Collect$$libshutdown$$00000000)
    __rt_lib_shutdown_fp_trap_1              0x08000235   Thumb Code     0  libshutdown2.o(.ARM.Collect$$libshutdown$$00000006)
    __rt_lib_shutdown_heap_1                 0x08000235   Thumb Code     0  libshutdown2.o(.ARM.Collect$$libshutdown$$0000000E)
    __rt_lib_shutdown_return                 0x08000235   Thumb Code     0  libshutdown2.o(.ARM.Collect$$libshutdown$$0000000F)
    __rt_lib_shutdown_signal_1               0x08000235   Thumb Code     0  libshutdown2.o(.ARM.Collect$$libshutdown$$00000009)
    __rt_lib_shutdown_stdio_1                0x08000235   Thumb Code     0  libshutdown2.o(.ARM.Collect$$libshutdown$$00000003)
    __rt_lib_shutdown_user_alloc_1           0x08000235   Thumb Code     0  libshutdown2.o(.ARM.Collect$$libshutdown$$0000000B)
    __rt_entry                               0x08000237   Thumb Code     0  rtentry.o(.ARM.Collect$$rtentry$$00000000)
    __rt_entry_presh_1                       0x08000237   Thumb Code     0  rtentry2.o(.ARM.Collect$$rtentry$$00000002)
    __rt_entry_sh                            0x08000237   Thumb Code     0  rtentry4.o(.ARM.Collect$$rtentry$$00000004)
    __rt_entry_li                            0x0800023d   Thumb Code     0  rtentry2.o(.ARM.Collect$$rtentry$$0000000A)
    __rt_entry_postsh_1                      0x0800023d   Thumb Code     0  rtentry2.o(.ARM.Collect$$rtentry$$00000009)
    __rt_entry_main                          0x08000241   Thumb Code     0  rtentry2.o(.ARM.Collect$$rtentry$$0000000D)
    __rt_entry_postli_1                      0x08000241   Thumb Code     0  rtentry2.o(.ARM.Collect$$rtentry$$0000000C)
    __rt_exit                                0x08000249   Thumb Code     0  rtexit.o(.ARM.Collect$$rtexit$$00000000)
    __rt_exit_ls                             0x0800024b   Thumb Code     0  rtexit2.o(.ARM.Collect$$rtexit$$00000003)
    __rt_exit_prels_1                        0x0800024b   Thumb Code     0  rtexit2.o(.ARM.Collect$$rtexit$$00000002)
    __rt_exit_exit                           0x0800024f   Thumb Code     0  rtexit2.o(.ARM.Collect$$rtexit$$00000004)
    Reset_Handler                            0x08000255   Thumb Code     8  startup_stm32f429_439xx.o(.text)
    ADC_IRQHandler                           0x0800026f   Thumb Code     0  startup_stm32f429_439xx.o(.text)
    CAN1_RX0_IRQHandler                      0x0800026f   Thumb Code     0  startup_stm32f429_439xx.o(.text)
    CAN1_RX1_IRQHandler                      0x0800026f   Thumb Code     0  startup_stm32f429_439xx.o(.text)
    CAN1_SCE_IRQHandler                      0x0800026f   Thumb Code     0  startup_stm32f429_439xx.o(.text)
    CAN1_TX_IRQHandler                       0x0800026f   Thumb Code     0  startup_stm32f429_439xx.o(.text)
    CAN2_RX0_IRQHandler                      0x0800026f   Thumb Code     0  startup_stm32f429_439xx.o(.text)
    CAN2_RX1_IRQHandler                      0x0800026f   Thumb Code     0  startup_stm32f429_439xx.o(.text)
    CAN2_SCE_IRQHandler                      0x0800026f   Thumb Code     0  startup_stm32f429_439xx.o(.text)
    CAN2_TX_IRQHandler                       0x0800026f   Thumb Code     0  startup_stm32f429_439xx.o(.text)
    CRYP_IRQHandler                          0x0800026f   Thumb Code     0  startup_stm32f429_439xx.o(.text)
    DCMI_IRQHandler                          0x0800026f   Thumb Code     0  startup_stm32f429_439xx.o(.text)
    DMA1_Stream0_IRQHandler                  0x0800026f   Thumb Code     0  startup_stm32f429_439xx.o(.text)
    DMA1_Stream1_IRQHandler                  0x0800026f   Thumb Code     0  startup_stm32f429_439xx.o(.text)
    DMA1_Stream3_IRQHandler                  0x0800026f   Thumb Code     0  startup_stm32f429_439xx.o(.text)
    DMA1_Stream5_IRQHandler                  0x0800026f   Thumb Code     0  startup_stm32f429_439xx.o(.text)
    DMA1_Stream6_IRQHandler                  0x0800026f   Thumb Code     0  startup_stm32f429_439xx.o(.text)
    DMA1_Stream7_IRQHandler                  0x0800026f   Thumb Code     0  startup_stm32f429_439xx.o(.text)
    DMA2D_IRQHandler                         0x0800026f   Thumb Code     0  startup_stm32f429_439xx.o(.text)
    DMA2_Stream0_IRQHandler                  0x0800026f   Thumb Code     0  startup_stm32f429_439xx.o(.text)
    DMA2_Stream1_IRQHandler                  0x0800026f   Thumb Code     0  startup_stm32f429_439xx.o(.text)
    DMA2_Stream2_IRQHandler                  0x0800026f   Thumb Code     0  startup_stm32f429_439xx.o(.text)
    DMA2_Stream3_IRQHandler                  0x0800026f   Thumb Code     0  startup_stm32f429_439xx.o(.text)
    DMA2_Stream4_IRQHandler                  0x0800026f   Thumb Code     0  startup_stm32f429_439xx.o(.text)
    DMA2_Stream5_IRQHandler                  0x0800026f   Thumb Code     0  startup_stm32f429_439xx.o(.text)
    DMA2_Stream6_IRQHandler                  0x0800026f   Thumb Code     0  startup_stm32f429_439xx.o(.text)
    DMA2_Stream7_IRQHandler                  0x0800026f   Thumb Code     0  startup_stm32f429_439xx.o(.text)
    ETH_IRQHandler                           0x0800026f   Thumb Code     0  startup_stm32f429_439xx.o(.text)
    ETH_WKUP_IRQHandler                      0x0800026f   Thumb Code     0  startup_stm32f429_439xx.o(.text)
    EXTI1_IRQHandler                         0x0800026f   Thumb Code     0  startup_stm32f429_439xx.o(.text)
    EXTI3_IRQHandler                         0x0800026f   Thumb Code     0  startup_stm32f429_439xx.o(.text)
    EXTI4_IRQHandler                         0x0800026f   Thumb Code     0  startup_stm32f429_439xx.o(.text)
    EXTI9_5_IRQHandler                       0x0800026f   Thumb Code     0  startup_stm32f429_439xx.o(.text)
    FLASH_IRQHandler                         0x0800026f   Thumb Code     0  startup_stm32f429_439xx.o(.text)
    FMC_IRQHandler                           0x0800026f   Thumb Code     0  startup_stm32f429_439xx.o(.text)
    FPU_IRQHandler                           0x0800026f   Thumb Code     0  startup_stm32f429_439xx.o(.text)
    HASH_RNG_IRQHandler                      0x0800026f   Thumb Code     0  startup_stm32f429_439xx.o(.text)
    I2C1_ER_IRQHandler                       0x0800026f   Thumb Code     0  startup_stm32f429_439xx.o(.text)
    I2C1_EV_IRQHandler                       0x0800026f   Thumb Code     0  startup_stm32f429_439xx.o(.text)
    I2C2_ER_IRQHandler                       0x0800026f   Thumb Code     0  startup_stm32f429_439xx.o(.text)
    I2C2_EV_IRQHandler                       0x0800026f   Thumb Code     0  startup_stm32f429_439xx.o(.text)
    I2C3_ER_IRQHandler                       0x0800026f   Thumb Code     0  startup_stm32f429_439xx.o(.text)
    I2C3_EV_IRQHandler                       0x0800026f   Thumb Code     0  startup_stm32f429_439xx.o(.text)
    LTDC_ER_IRQHandler                       0x0800026f   Thumb Code     0  startup_stm32f429_439xx.o(.text)
    LTDC_IRQHandler                          0x0800026f   Thumb Code     0  startup_stm32f429_439xx.o(.text)
    OTG_FS_IRQHandler                        0x0800026f   Thumb Code     0  startup_stm32f429_439xx.o(.text)
    OTG_FS_WKUP_IRQHandler                   0x0800026f   Thumb Code     0  startup_stm32f429_439xx.o(.text)
    OTG_HS_EP1_IN_IRQHandler                 0x0800026f   Thumb Code     0  startup_stm32f429_439xx.o(.text)
    OTG_HS_EP1_OUT_IRQHandler                0x0800026f   Thumb Code     0  startup_stm32f429_439xx.o(.text)
    OTG_HS_IRQHandler                        0x0800026f   Thumb Code     0  startup_stm32f429_439xx.o(.text)
    OTG_HS_WKUP_IRQHandler                   0x0800026f   Thumb Code     0  startup_stm32f429_439xx.o(.text)
    PVD_IRQHandler                           0x0800026f   Thumb Code     0  startup_stm32f429_439xx.o(.text)
    RCC_IRQHandler                           0x0800026f   Thumb Code     0  startup_stm32f429_439xx.o(.text)
    RTC_WKUP_IRQHandler                      0x0800026f   Thumb Code     0  startup_stm32f429_439xx.o(.text)
    SAI1_IRQHandler                          0x0800026f   Thumb Code     0  startup_stm32f429_439xx.o(.text)
    SDIO_IRQHandler                          0x0800026f   Thumb Code     0  startup_stm32f429_439xx.o(.text)
    SPI1_IRQHandler                          0x0800026f   Thumb Code     0  startup_stm32f429_439xx.o(.text)
    SPI2_IRQHandler                          0x0800026f   Thumb Code     0  startup_stm32f429_439xx.o(.text)
    SPI3_IRQHandler                          0x0800026f   Thumb Code     0  startup_stm32f429_439xx.o(.text)
    SPI4_IRQHandler                          0x0800026f   Thumb Code     0  startup_stm32f429_439xx.o(.text)
    SPI5_IRQHandler                          0x0800026f   Thumb Code     0  startup_stm32f429_439xx.o(.text)
    SPI6_IRQHandler                          0x0800026f   Thumb Code     0  startup_stm32f429_439xx.o(.text)
    TAMP_STAMP_IRQHandler                    0x0800026f   Thumb Code     0  startup_stm32f429_439xx.o(.text)
    TIM1_BRK_TIM9_IRQHandler                 0x0800026f   Thumb Code     0  startup_stm32f429_439xx.o(.text)
    TIM1_CC_IRQHandler                       0x0800026f   Thumb Code     0  startup_stm32f429_439xx.o(.text)
    TIM1_TRG_COM_TIM11_IRQHandler            0x0800026f   Thumb Code     0  startup_stm32f429_439xx.o(.text)
    TIM1_UP_TIM10_IRQHandler                 0x0800026f   Thumb Code     0  startup_stm32f429_439xx.o(.text)
    TIM2_IRQHandler                          0x0800026f   Thumb Code     0  startup_stm32f429_439xx.o(.text)
    TIM4_IRQHandler                          0x0800026f   Thumb Code     0  startup_stm32f429_439xx.o(.text)
    TIM5_IRQHandler                          0x0800026f   Thumb Code     0  startup_stm32f429_439xx.o(.text)
    TIM6_DAC_IRQHandler                      0x0800026f   Thumb Code     0  startup_stm32f429_439xx.o(.text)
    TIM7_IRQHandler                          0x0800026f   Thumb Code     0  startup_stm32f429_439xx.o(.text)
    TIM8_BRK_TIM12_IRQHandler                0x0800026f   Thumb Code     0  startup_stm32f429_439xx.o(.text)
    TIM8_CC_IRQHandler                       0x0800026f   Thumb Code     0  startup_stm32f429_439xx.o(.text)
    TIM8_TRG_COM_TIM14_IRQHandler            0x0800026f   Thumb Code     0  startup_stm32f429_439xx.o(.text)
    TIM8_UP_TIM13_IRQHandler                 0x0800026f   Thumb Code     0  startup_stm32f429_439xx.o(.text)
    UART4_IRQHandler                         0x0800026f   Thumb Code     0  startup_stm32f429_439xx.o(.text)
    UART5_IRQHandler                         0x0800026f   Thumb Code     0  startup_stm32f429_439xx.o(.text)
    UART7_IRQHandler                         0x0800026f   Thumb Code     0  startup_stm32f429_439xx.o(.text)
    UART8_IRQHandler                         0x0800026f   Thumb Code     0  startup_stm32f429_439xx.o(.text)
    USART1_IRQHandler                        0x0800026f   Thumb Code     0  startup_stm32f429_439xx.o(.text)
    USART2_IRQHandler                        0x0800026f   Thumb Code     0  startup_stm32f429_439xx.o(.text)
    USART3_IRQHandler                        0x0800026f   Thumb Code     0  startup_stm32f429_439xx.o(.text)
    USART6_IRQHandler                        0x0800026f   Thumb Code     0  startup_stm32f429_439xx.o(.text)
    WWDG_IRQHandler                          0x0800026f   Thumb Code     0  startup_stm32f429_439xx.o(.text)
    __user_initial_stackheap                 0x08000271   Thumb Code     0  startup_stm32f429_439xx.o(.text)
    __2snprintf                              0x08000295   Thumb Code    48  noretval__2snprintf.o(.text)
    __printf                                 0x080002c9   Thumb Code   104  __printf.o(.text)
    _printf_int_dec                          0x08000331   Thumb Code   102  _printf_dec.o(.text)
    __use_two_region_memory                  0x080003a9   Thumb Code     2  heapauxi.o(.text)
    __rt_heap_escrow$2region                 0x080003ab   Thumb Code     2  heapauxi.o(.text)
    __rt_heap_expand$2region                 0x080003ad   Thumb Code     2  heapauxi.o(.text)
    _printf_int_common                       0x080003af   Thumb Code   184  _printf_intcommon.o(.text)
    _printf_char_common                      0x08000473   Thumb Code    32  _printf_char_common.o(.text)
    _sputc                                   0x08000499   Thumb Code    10  _sputc.o(.text)
    _snputc                                  0x080004a3   Thumb Code    16  _snputc.o(.text)
    __user_setup_stackheap                   0x080004b3   Thumb Code    74  sys_stackheap_outer.o(.text)
    exit                                     0x080004fd   Thumb Code    12  exit.o(.text)
    __user_libspace                          0x08000509   Thumb Code     8  libspace.o(.text)
    __user_perproc_libspace                  0x08000509   Thumb Code     0  libspace.o(.text)
    __user_perthread_libspace                0x08000509   Thumb Code     0  libspace.o(.text)
    _sys_exit                                0x08000511   Thumb Code     8  sys_exit.o(.text)
    __I$use$semihosting                      0x0800051d   Thumb Code     0  use_no_semi.o(.text)
    __use_no_semihosting_swi                 0x0800051d   Thumb Code     2  use_no_semi.o(.text)
    BusFault_Handler                         0x0800051f   Thumb Code     4  stm32f4xx_it.o(i.BusFault_Handler)
    __semihosting_library_function           0x0800051f   Thumb Code     0  indicate_semi.o(.text)
    DMA1_Stream2_IRQHandler                  0x08000525   Thumb Code    50  stm32f429i_discovery_i2c_ee.o(i.DMA1_Stream2_IRQHandler)
    DMA1_Stream4_IRQHandler                  0x08000565   Thumb Code    84  stm32f429i_discovery_i2c_ee.o(i.DMA1_Stream4_IRQHandler)
    DMA_ClearFlag                            0x080005d1   Thumb Code    38  stm32f4xx_dma.o(i.DMA_ClearFlag)
    DMA_Cmd                                  0x08000605   Thumb Code    22  stm32f4xx_dma.o(i.DMA_Cmd)
    DMA_DeInit                               0x0800061d   Thumb Code   324  stm32f4xx_dma.o(i.DMA_DeInit)
    DMA_GetFlagStatus                        0x08000775   Thumb Code    52  stm32f4xx_dma.o(i.DMA_GetFlagStatus)
    DMA_ITConfig                             0x080007b5   Thumb Code    58  stm32f4xx_dma.o(i.DMA_ITConfig)
    DMA_Init                                 0x080007f1   Thumb Code    82  stm32f4xx_dma.o(i.DMA_Init)
    DebugMon_Handler                         0x08000849   Thumb Code     2  stm32f4xx_it.o(i.DebugMon_Handler)
    EBHELD                                   0x0800084d   Thumb Code   304  main.o(i.EBHELD)
    EXTButton_1                              0x080009e5   Thumb Code   122  main.o(i.EXTButton_1)
    EXTButton_2                              0x08000a65   Thumb Code   126  main.o(i.EXTButton_2)
    EXTI0_IRQHandler                         0x08000ae9   Thumb Code    14  stm32f4xx_it.o(i.EXTI0_IRQHandler)
    EXTI15_10_IRQHandler                     0x08000afd   Thumb Code    28  stm32f4xx_it.o(i.EXTI15_10_IRQHandler)
    EXTI2_IRQHandler                         0x08000b1d   Thumb Code    24  stm32f4xx_it.o(i.EXTI2_IRQHandler)
    EXTI_ClearITPendingBit                   0x08000b39   Thumb Code     6  stm32f4xx_exti.o(i.EXTI_ClearITPendingBit)
    EXTI_GetITStatus                         0x08000b45   Thumb Code    20  stm32f4xx_exti.o(i.EXTI_GetITStatus)
    EXTI_Init                                0x08000b5d   Thumb Code   142  stm32f4xx_exti.o(i.EXTI_Init)
    FMC_GetFlagStatus                        0x08000bf1   Thumb Code    64  stm32f4xx_fmc.o(i.FMC_GetFlagStatus)
    FMC_SDRAMCmdConfig                       0x08000c3d   Thumb Code    28  stm32f4xx_fmc.o(i.FMC_SDRAMCmdConfig)
    FMC_SDRAMInit                            0x08000c5d   Thumb Code   244  stm32f4xx_fmc.o(i.FMC_SDRAMInit)
    FMC_SetRefreshCount                      0x08000d59   Thumb Code    18  stm32f4xx_fmc.o(i.FMC_SetRefreshCount)
    GPIO_Init                                0x08000d71   Thumb Code   144  stm32f4xx_gpio.o(i.GPIO_Init)
    GPIO_PinAFConfig                         0x08000e01   Thumb Code    70  stm32f4xx_gpio.o(i.GPIO_PinAFConfig)
    GPIO_ReadInputDataBit                    0x08000e47   Thumb Code    18  stm32f4xx_gpio.o(i.GPIO_ReadInputDataBit)
    GPIO_ResetBits                           0x08000e59   Thumb Code     4  stm32f4xx_gpio.o(i.GPIO_ResetBits)
    GPIO_SetBits                             0x08000e5d   Thumb Code     4  stm32f4xx_gpio.o(i.GPIO_SetBits)
    GPIO_WriteBit                            0x08000e61   Thumb Code    10  stm32f4xx_gpio.o(i.GPIO_WriteBit)
    HardFault_Handler                        0x08000e6b   Thumb Code     4  stm32f4xx_it.o(i.HardFault_Handler)
    I2C_AcknowledgeConfig                    0x08000e6f   Thumb Code    24  stm32f4xx_i2c.o(i.I2C_AcknowledgeConfig)
    I2C_CheckEvent                           0x08000e87   Thumb Code    42  stm32f4xx_i2c.o(i.I2C_CheckEvent)
    I2C_ClearFlag                            0x08000eb1   Thumb Code    12  stm32f4xx_i2c.o(i.I2C_ClearFlag)
    I2C_Cmd                                  0x08000ebd   Thumb Code    24  stm32f4xx_i2c.o(i.I2C_Cmd)
    I2C_DMACmd                               0x08000ed5   Thumb Code    24  stm32f4xx_i2c.o(i.I2C_DMACmd)
    I2C_DMALastTransferCmd                   0x08000eed   Thumb Code    24  stm32f4xx_i2c.o(i.I2C_DMALastTransferCmd)
    I2C_GenerateSTART                        0x08000f05   Thumb Code    24  stm32f4xx_i2c.o(i.I2C_GenerateSTART)
    I2C_GenerateSTOP                         0x08000f1d   Thumb Code    24  stm32f4xx_i2c.o(i.I2C_GenerateSTOP)
    I2C_GetFlagStatus                        0x08000f35   Thumb Code    58  stm32f4xx_i2c.o(i.I2C_GetFlagStatus)
    I2C_Init                                 0x08000f71   Thumb Code   218  stm32f4xx_i2c.o(i.I2C_Init)
    I2C_ReceiveData                          0x08001059   Thumb Code     8  stm32f4xx_i2c.o(i.I2C_ReceiveData)
    I2C_Send7bitAddress                      0x08001061   Thumb Code    16  stm32f4xx_i2c.o(i.I2C_Send7bitAddress)
    I2C_SendData                             0x08001071   Thumb Code     4  stm32f4xx_i2c.o(i.I2C_SendData)
    LCD_ChipSelect                           0x080011dd   Thumb Code    26  stm32f429i_discovery_lcd.o(i.LCD_ChipSelect)
    LCD_Clear                                0x080011fd   Thumb Code    26  stm32f429i_discovery_lcd.o(i.LCD_Clear)
    LCD_CtrlLinesConfig                      0x0800121d   Thumb Code    70  stm32f429i_discovery_lcd.o(i.LCD_CtrlLinesConfig)
    LCD_CtrlLinesWrite                       0x0800126d   Thumb Code    20  stm32f429i_discovery_lcd.o(i.LCD_CtrlLinesWrite)
    LCD_DisplayChar                          0x08001281   Thumb Code    42  stm32f429i_discovery_lcd.o(i.LCD_DisplayChar)
    LCD_DisplayStringLine                    0x080012b1   Thumb Code    78  stm32f429i_discovery_lcd.o(i.LCD_DisplayStringLine)
    LCD_DrawChar                             0x08001305   Thumb Code   200  stm32f429i_discovery_lcd.o(i.LCD_DrawChar)
    LCD_GetFont                              0x080013dd   Thumb Code     6  stm32f429i_discovery_lcd.o(i.LCD_GetFont)
    LCD_Init                                 0x080013e9   Thumb Code   154  stm32f429i_discovery_lcd.o(i.LCD_Init)
    LCD_LayerInit                            0x08001485   Thumb Code   152  stm32f429i_discovery_lcd.o(i.LCD_LayerInit)
    LCD_PowerOn                              0x08001529   Thumb Code   652  stm32f429i_discovery_lcd.o(i.LCD_PowerOn)
    LCD_SPIConfig                            0x080017b5   Thumb Code   204  stm32f429i_discovery_lcd.o(i.LCD_SPIConfig)
    LCD_SetBackColor                         0x08001889   Thumb Code     6  stm32f429i_discovery_lcd.o(i.LCD_SetBackColor)
    LCD_SetFont                              0x08001895   Thumb Code     6  stm32f429i_discovery_lcd.o(i.LCD_SetFont)
    LCD_SetLayer                             0x080018a1   Thumb Code    32  stm32f429i_discovery_lcd.o(i.LCD_SetLayer)
    LCD_SetTextColor                         0x080018cd   Thumb Code     6  stm32f429i_discovery_lcd.o(i.LCD_SetTextColor)
    LCD_WriteCommand                         0x080018d9   Thumb Code    66  stm32f429i_discovery_lcd.o(i.LCD_WriteCommand)
    LCD_WriteData                            0x08001925   Thumb Code    64  stm32f429i_discovery_lcd.o(i.LCD_WriteData)
    LTDC_Cmd                                 0x0800196d   Thumb Code    30  stm32f4xx_ltdc.o(i.LTDC_Cmd)
    LTDC_DitherCmd                           0x08001991   Thumb Code    30  stm32f4xx_ltdc.o(i.LTDC_DitherCmd)
    LTDC_Init                                0x080019b5   Thumb Code   378  stm32f4xx_ltdc.o(i.LTDC_Init)
    LTDC_LayerCmd                            0x08001b3d   Thumb Code    22  stm32f4xx_ltdc.o(i.LTDC_LayerCmd)
    LTDC_LayerInit                           0x08001b53   Thumb Code   276  stm32f4xx_ltdc.o(i.LTDC_LayerInit)
    LTDC_ReloadConfig                        0x08001c69   Thumb Code     6  stm32f4xx_ltdc.o(i.LTDC_ReloadConfig)
    MemManage_Handler                        0x08001c75   Thumb Code     4  stm32f4xx_it.o(i.MemManage_Handler)
    NMI_Handler                              0x08001c79   Thumb Code     2  stm32f4xx_it.o(i.NMI_Handler)
    NVIC_Init                                0x08001c7d   Thumb Code   108  misc.o(i.NVIC_Init)
    PB_Config                                0x08001cf5   Thumb Code    12  main.o(i.PB_Config)
    PWR_BackupAccessCmd                      0x08001d01   Thumb Code     6  stm32f4xx_pwr.o(i.PWR_BackupAccessCmd)
    PendSV_Handler                           0x08001d0d   Thumb Code     2  stm32f4xx_it.o(i.PendSV_Handler)
    RCC_AHB1PeriphClockCmd                   0x08001d11   Thumb Code    26  stm32f4xx_rcc.o(i.RCC_AHB1PeriphClockCmd)
    RCC_AHB3PeriphClockCmd                   0x08001d31   Thumb Code    26  stm32f4xx_rcc.o(i.RCC_AHB3PeriphClockCmd)
    RCC_APB1PeriphClockCmd                   0x08001d51   Thumb Code    26  stm32f4xx_rcc.o(i.RCC_APB1PeriphClockCmd)
    RCC_APB1PeriphResetCmd                   0x08001d71   Thumb Code    26  stm32f4xx_rcc.o(i.RCC_APB1PeriphResetCmd)
    RCC_APB2PeriphClockCmd                   0x08001d91   Thumb Code    26  stm32f4xx_rcc.o(i.RCC_APB2PeriphClockCmd)
    RCC_APB2PeriphResetCmd                   0x08001db1   Thumb Code    26  stm32f4xx_rcc.o(i.RCC_APB2PeriphResetCmd)
    RCC_GetClocksFreq                        0x08001dd1   Thumb Code   214  stm32f4xx_rcc.o(i.RCC_GetClocksFreq)
    RCC_GetFlagStatus                        0x08001eb9   Thumb Code    60  stm32f4xx_rcc.o(i.RCC_GetFlagStatus)
    RCC_LSICmd                               0x08001ef9   Thumb Code     6  stm32f4xx_rcc.o(i.RCC_LSICmd)
    RCC_LTDCCLKDivConfig                     0x08001f05   Thumb Code    18  stm32f4xx_rcc.o(i.RCC_LTDCCLKDivConfig)
    RCC_PLLSAICmd                            0x08001f1d   Thumb Code     6  stm32f4xx_rcc.o(i.RCC_PLLSAICmd)
    RCC_PLLSAIConfig                         0x08001f29   Thumb Code    18  stm32f4xx_rcc.o(i.RCC_PLLSAIConfig)
    RCC_RTCCLKCmd                            0x08001f41   Thumb Code     6  stm32f4xx_rcc.o(i.RCC_RTCCLKCmd)
    RCC_RTCCLKConfig                         0x08001f4d   Thumb Code    50  stm32f4xx_rcc.o(i.RCC_RTCCLKConfig)
    RTC_AlarmCmd                             0x08001f89   Thumb Code   112  stm32f4xx_rtc.o(i.RTC_AlarmCmd)
    RTC_Alarm_IRQHandler                     0x08001ffd   Thumb Code    30  stm32f4xx_it.o(i.RTC_Alarm_IRQHandler)
    RTC_ClearITPendingBit                    0x0800204d   Thumb Code    28  stm32f4xx_rtc.o(i.RTC_ClearITPendingBit)
    RTC_Config                               0x0800206d   Thumb Code   138  main.o(i.RTC_Config)
    RTC_DateShow                             0x08002109   Thumb Code    84  main.o(i.RTC_DateShow)
    RTC_EnterInitMode                        0x08002189   Thumb Code    76  stm32f4xx_rtc.o(i.RTC_EnterInitMode)
    RTC_ExitInitMode                         0x080021d9   Thumb Code    14  stm32f4xx_rtc.o(i.RTC_ExitInitMode)
    RTC_GetDate                              0x080021ed   Thumb Code    68  stm32f4xx_rtc.o(i.RTC_GetDate)
    RTC_GetITStatus                          0x08002239   Thumb Code    60  stm32f4xx_rtc.o(i.RTC_GetITStatus)
    RTC_GetTime                              0x08002279   Thumb Code    72  stm32f4xx_rtc.o(i.RTC_GetTime)
    RTC_ITConfig                             0x080022c9   Thumb Code    94  stm32f4xx_rtc.o(i.RTC_ITConfig)
    RTC_SetDate                              0x0800232d   Thumb Code   190  stm32f4xx_rtc.o(i.RTC_SetDate)
    RTC_SetTime                              0x080023f5   Thumb Code   198  stm32f4xx_rtc.o(i.RTC_SetTime)
    RTC_TimeShow                             0x080024c5   Thumb Code    70  main.o(i.RTC_TimeShow)
    RTC_WaitForSynchro                       0x0800253d   Thumb Code    92  stm32f4xx_rtc.o(i.RTC_WaitForSynchro)
    RTC_changedate                           0x0800259d   Thumb Code    68  main.o(i.RTC_changedate)
    RTC_changetime                           0x08002611   Thumb Code   100  main.o(i.RTC_changetime)
    SDRAM_GPIOConfig                         0x080026d9   Thumb Code   492  stm32f429i_discovery_sdram.o(i.SDRAM_GPIOConfig)
    SDRAM_Init                               0x080028dd   Thumb Code   104  stm32f429i_discovery_sdram.o(i.SDRAM_Init)
    SDRAM_InitSequence                       0x08002945   Thumb Code   200  stm32f429i_discovery_sdram.o(i.SDRAM_InitSequence)
    SPI_Cmd                                  0x08002a0d   Thumb Code    24  stm32f4xx_spi.o(i.SPI_Cmd)
    SPI_I2S_DeInit                           0x08002a25   Thumb Code   152  stm32f4xx_spi.o(i.SPI_I2S_DeInit)
    SPI_I2S_GetFlagStatus                    0x08002ad5   Thumb Code    18  stm32f4xx_spi.o(i.SPI_I2S_GetFlagStatus)
    SPI_I2S_SendData                         0x08002ae7   Thumb Code     4  stm32f4xx_spi.o(i.SPI_I2S_SendData)
    SPI_Init                                 0x08002aeb   Thumb Code    60  stm32f4xx_spi.o(i.SPI_Init)
    STM_EVAL_PBInit                          0x08002b29   Thumb Code   142  stm32f429i_discovery.o(i.STM_EVAL_PBInit)
    SVC_Handler                              0x08002bd5   Thumb Code     2  stm32f4xx_it.o(i.SVC_Handler)
    SYSCFG_EXTILineConfig                    0x08002bd9   Thumb Code    60  stm32f4xx_syscfg.o(i.SYSCFG_EXTILineConfig)
    SysTick_Handler                          0x08002d35   Thumb Code     2  stm32f4xx_it.o(i.SysTick_Handler)
    SystemInit                               0x08002d39   Thumb Code    88  system_stm32f4xx.o(i.SystemInit)
    TIM3_IRQHandler                          0x08002da1   Thumb Code     2  stm32f4xx_it.o(i.TIM3_IRQHandler)
    UBHELD                                   0x08002da5   Thumb Code   154  main.o(i.UBHELD)
    UBRELEASED                               0x08002e5d   Thumb Code    56  main.o(i.UBRELEASED)
    UsageFault_Handler                       0x08002ec5   Thumb Code     4  stm32f4xx_it.o(i.UsageFault_Handler)
    main                                     0x08002f09   Thumb Code   952  main.o(i.main)
    sEE_Init                                 0x080033c9   Thumb Code    86  stm32f429i_discovery_i2c_ee.o(i.sEE_Init)
    sEE_LowLevel_DMAConfig                   0x0800342d   Thumb Code    56  stm32f429i_discovery.o(i.sEE_LowLevel_DMAConfig)
    sEE_LowLevel_Init                        0x0800346d   Thumb Code   316  stm32f429i_discovery.o(i.sEE_LowLevel_Init)
    sEE_ReadBuffer                           0x080035c9   Thumb Code   536  stm32f429i_discovery_i2c_ee.o(i.sEE_ReadBuffer)
    sEE_TIMEOUT_UserCallback                 0x08003801   Thumb Code     4  stm32f429i_discovery_i2c_ee.o(i.sEE_TIMEOUT_UserCallback)
    sEE_WaitEepromStandbyState               0x08003805   Thumb Code   210  stm32f429i_discovery_i2c_ee.o(i.sEE_WaitEepromStandbyState)
    sEE_WriteBuffer                          0x080038ed   Thumb Code   692  stm32f429i_discovery_i2c_ee.o(i.sEE_WriteBuffer)
    sEE_WritePage                            0x08003ba9   Thumb Code   276  stm32f429i_discovery_i2c_ee.o(i.sEE_WritePage)
    settimedate                              0x08003cd9   Thumb Code   174  main.o(i.settimedate)
    _fp_init                                 0x08003da9   Thumb Code    10  fpinit.o(x$fpl$fpinit)
    __fplib_config_fpu_vfp                   0x08003db1   Thumb Code     0  fpinit.o(x$fpl$fpinit)
    __fplib_config_pureend_doubles           0x08003db1   Thumb Code     0  fpinit.o(x$fpl$fpinit)
    GPIO_PIN                                 0x08003db4   Data           4  stm32f429i_discovery.o(.constdata)
    GPIO_CLK                                 0x08003db8   Data           8  stm32f429i_discovery.o(.constdata)
    BUTTON_PIN                               0x08003dc0   Data           2  stm32f429i_discovery.o(.constdata)
    BUTTON_CLK                               0x08003dc4   Data           4  stm32f429i_discovery.o(.constdata)
    BUTTON_EXTI_LINE                         0x08003dc8   Data           2  stm32f429i_discovery.o(.constdata)
    BUTTON_PORT_SOURCE                       0x08003dca   Data           1  stm32f429i_discovery.o(.constdata)
    BUTTON_PIN_SOURCE                        0x08003dcb   Data           1  stm32f429i_discovery.o(.constdata)
    BUTTON_IRQn                              0x08003dcc   Data           1  stm32f429i_discovery.o(.constdata)
    ASCII16x24_Table                         0x08003dce   Data        4560  stm32f429i_discovery_lcd.o(.constdata)
    ASCII12x12_Table                         0x08004f9e   Data        2304  stm32f429i_discovery_lcd.o(.constdata)
    ASCII8x12_Table                          0x0800589e   Data        2304  stm32f429i_discovery_lcd.o(.constdata)
    ASCII8x8_Table                           0x0800619e   Data        1536  stm32f429i_discovery_lcd.o(.constdata)
    Region$$Table$$Base                      0x080067a0   Number         0  anon$$obj.o(Region$$Table)
    Region$$Table$$Limit                     0x080067c0   Number         0  anon$$obj.o(Region$$Table)
    sEE_WRITE_ADDRESS                        0x20000000   Data           1  main.o(.data)
    NumDataRead                              0x20000002   Data           2  main.o(.data)
    AsynchPrediv                             0x20000004   Data           4  main.o(.data)
    SynchPrediv                              0x20000008   Data           4  main.o(.data)
    banana                                   0x2000000c   Data           4  main.o(.data)
    state                                    0x20000010   Data           4  main.o(.data)
    substate                                 0x20000014   Data           4  main.o(.data)
    seconds1                                 0x20000018   Data           4  main.o(.data)
    seconds2                                 0x2000001c   Data           4  main.o(.data)
    minutes1                                 0x20000020   Data           4  main.o(.data)
    minutes2                                 0x20000024   Data           4  main.o(.data)
    hours1                                   0x20000028   Data           4  main.o(.data)
    hours2                                   0x2000002c   Data           4  main.o(.data)
    minutes                                  0x20000030   Data           4  main.o(.data)
    seconds                                  0x20000034   Data           4  main.o(.data)
    ubstate                                  0x20000038   Data           4  main.o(.data)
    year                                     0x2000003c   Data           4  main.o(.data)
    month                                    0x20000040   Data           4  main.o(.data)
    day                                      0x20000044   Data           4  main.o(.data)
    hours                                    0x20000048   Data           4  main.o(.data)
    userbuttonhold                           0x2000004c   Data           4  main.o(.data)
    external_button1                         0x20000050   Data           4  main.o(.data)
    external_button2                         0x20000054   Data           4  main.o(.data)
    sEE_READ_ADDRESS                         0x20000058   Data           1  main.o(.data)
    Tx1_Buffer                               0x20000059   Data           1  main.o(.data)
    Rx1_Buffer                               0x2000005a   Data           1  main.o(.data)
    tempbuffer                               0x2000005b   Data           3  main.o(.data)
    RTC_TimeStructure                        0x2000005e   Data           4  main.o(.data)
    RTC_DateStructure                        0x20000062   Data           4  main.o(.data)
    EXTI_InitStructure                       0x20000068   Data           8  main.o(.data)
    GPIO_PORT                                0x20000080   Data           8  stm32f429i_discovery.o(.data)
    BUTTON_PORT                              0x20000088   Data           4  stm32f429i_discovery.o(.data)
    NVIC_InitStructure                       0x2000008c   Data           4  stm32f429i_discovery.o(.data)
    Font16x24                                0x20000090   Data           8  stm32f429i_discovery_lcd.o(.data)
    Font12x12                                0x20000098   Data           8  stm32f429i_discovery_lcd.o(.data)
    Font8x12                                 0x200000a0   Data           8  stm32f429i_discovery_lcd.o(.data)
    Font8x8                                  0x200000a8   Data           8  stm32f429i_discovery_lcd.o(.data)
    sEEAddress                               0x200000c0   Data           2  stm32f429i_discovery_i2c_ee.o(.data)
    sEETimeout                               0x200000c4   Data           4  stm32f429i_discovery_i2c_ee.o(.data)
    sEEDataReadPointer                       0x200000c8   Data           4  stm32f429i_discovery_i2c_ee.o(.data)
    sEEDataWritePointer                      0x200000cc   Data           4  stm32f429i_discovery_i2c_ee.o(.data)
    sEEDataNum                               0x200000d0   Data           1  stm32f429i_discovery_i2c_ee.o(.data)
    timebuffer                               0x200000d4   Data          14  main.o(.bss)
    datebuffer                               0x200000e2   Data          14  main.o(.bss)
    lcd_buffer_1                             0x200000f0   Data          14  main.o(.bss)
    lcd_buffer_2                             0x200000fe   Data          14  main.o(.bss)
    RTC_InitStructure                        0x2000010c   Data          12  main.o(.bss)
    RTC_AlarmStructure                       0x20000118   Data          16  main.o(.bss)
    sEEDMA_InitStructure                     0x20000128   Data          60  stm32f429i_discovery.o(.bss)
    __libspace_start                         0x20000164   Data          96  libspace.o(.bss)
    __temporary_stack_top$libspace           0x200001c4   Data           0  libspace.o(.bss)



==============================================================================

Memory Map of the image

  Image Entry point : 0x08000255

  Load Region LR_1 (Base: 0x08000000, Size: 0x00006894, Max: 0xffffffff, ABSOLUTE)

    Execution Region ER_RO (Base: 0x08000000, Size: 0x000067c0, Max: 0xffffffff, ABSOLUTE)

    Base Addr    Size         Type   Attr      Idx    E Section Name        Object

    0x08000000   0x000001ac   Data   RO          380    RESET               startup_stm32f429_439xx.o
    0x080001ac   0x00000008   Code   RO         3808  * !!!main             c_w.l(__main.o)
    0x080001b4   0x00000034   Code   RO         3973    !!!scatter          c_w.l(__scatter.o)
    0x080001e8   0x0000001a   Code   RO         3975    !!handler_copy      c_w.l(__scatter_copy.o)
    0x08000202   0x00000002   PAD
    0x08000204   0x0000001c   Code   RO         3977    !!handler_zi        c_w.l(__scatter_zi.o)
    0x08000220   0x00000000   Code   RO         3805    .ARM.Collect$$_printf_percent$$00000000  c_w.l(_printf_percent.o)
    0x08000220   0x00000006   Code   RO         3804    .ARM.Collect$$_printf_percent$$00000009  c_w.l(_printf_d.o)
    0x08000226   0x00000004   Code   RO         3819    .ARM.Collect$$_printf_percent$$00000017  c_w.l(_printf_percent_end.o)
    0x0800022a   0x00000002   Code   RO         3846    .ARM.Collect$$libinit$$00000000  c_w.l(libinit.o)
    0x0800022c   0x00000004   Code   RO         3852    .ARM.Collect$$libinit$$00000001  c_w.l(libinit2.o)
    0x08000230   0x00000000   Code   RO         3856    .ARM.Collect$$libinit$$00000008  c_w.l(libinit2.o)
    0x08000230   0x00000000   Code   RO         3858    .ARM.Collect$$libinit$$0000000A  c_w.l(libinit2.o)
    0x08000230   0x00000000   Code   RO         3860    .ARM.Collect$$libinit$$0000000C  c_w.l(libinit2.o)
    0x08000230   0x00000000   Code   RO         3863    .ARM.Collect$$libinit$$0000000F  c_w.l(libinit2.o)
    0x08000230   0x00000000   Code   RO         3865    .ARM.Collect$$libinit$$00000011  c_w.l(libinit2.o)
    0x08000230   0x00000000   Code   RO         3867    .ARM.Collect$$libinit$$00000013  c_w.l(libinit2.o)
    0x08000230   0x00000000   Code   RO         3869    .ARM.Collect$$libinit$$00000015  c_w.l(libinit2.o)
    0x08000230   0x00000000   Code   RO         3871    .ARM.Collect$$libinit$$00000017  c_w.l(libinit2.o)
    0x08000230   0x00000000   Code   RO         3873    .ARM.Collect$$libinit$$00000019  c_w.l(libinit2.o)
    0x08000230   0x00000000   Code   RO         3875    .ARM.Collect$$libinit$$0000001B  c_w.l(libinit2.o)
    0x08000230   0x00000000   Code   RO         3877    .ARM.Collect$$libinit$$0000001D  c_w.l(libinit2.o)
    0x08000230   0x00000000   Code   RO         3879    .ARM.Collect$$libinit$$0000001F  c_w.l(libinit2.o)
    0x08000230   0x00000000   Code   RO         3881    .ARM.Collect$$libinit$$00000021  c_w.l(libinit2.o)
    0x08000230   0x00000000   Code   RO         3883    .ARM.Collect$$libinit$$00000023  c_w.l(libinit2.o)
    0x08000230   0x00000000   Code   RO         3887    .ARM.Collect$$libinit$$0000002A  c_w.l(libinit2.o)
    0x08000230   0x00000000   Code   RO         3889    .ARM.Collect$$libinit$$0000002C  c_w.l(libinit2.o)
    0x08000230   0x00000000   Code   RO         3891    .ARM.Collect$$libinit$$0000002E  c_w.l(libinit2.o)
    0x08000230   0x00000000   Code   RO         3893    .ARM.Collect$$libinit$$00000030  c_w.l(libinit2.o)
    0x08000230   0x00000002   Code   RO         3894    .ARM.Collect$$libinit$$00000031  c_w.l(libinit2.o)
    0x08000232   0x00000002   Code   RO         3914    .ARM.Collect$$libshutdown$$00000000  c_w.l(libshutdown.o)
    0x08000234   0x00000000   Code   RO         3928    .ARM.Collect$$libshutdown$$00000003  c_w.l(libshutdown2.o)
    0x08000234   0x00000000   Code   RO         3931    .ARM.Collect$$libshutdown$$00000006  c_w.l(libshutdown2.o)
    0x08000234   0x00000000   Code   RO         3934    .ARM.Collect$$libshutdown$$00000009  c_w.l(libshutdown2.o)
    0x08000234   0x00000000   Code   RO         3936    .ARM.Collect$$libshutdown$$0000000B  c_w.l(libshutdown2.o)
    0x08000234   0x00000000   Code   RO         3939    .ARM.Collect$$libshutdown$$0000000E  c_w.l(libshutdown2.o)
    0x08000234   0x00000002   Code   RO         3940    .ARM.Collect$$libshutdown$$0000000F  c_w.l(libshutdown2.o)
    0x08000236   0x00000000   Code   RO         3810    .ARM.Collect$$rtentry$$00000000  c_w.l(rtentry.o)
    0x08000236   0x00000000   Code   RO         3821    .ARM.Collect$$rtentry$$00000002  c_w.l(rtentry2.o)
    0x08000236   0x00000006   Code   RO         3833    .ARM.Collect$$rtentry$$00000004  c_w.l(rtentry4.o)
    0x0800023c   0x00000000   Code   RO         3823    .ARM.Collect$$rtentry$$00000009  c_w.l(rtentry2.o)
    0x0800023c   0x00000004   Code   RO         3824    .ARM.Collect$$rtentry$$0000000A  c_w.l(rtentry2.o)
    0x08000240   0x00000000   Code   RO         3826    .ARM.Collect$$rtentry$$0000000C  c_w.l(rtentry2.o)
    0x08000240   0x00000008   Code   RO         3827    .ARM.Collect$$rtentry$$0000000D  c_w.l(rtentry2.o)
    0x08000248   0x00000002   Code   RO         3850    .ARM.Collect$$rtexit$$00000000  c_w.l(rtexit.o)
    0x0800024a   0x00000000   Code   RO         3896    .ARM.Collect$$rtexit$$00000002  c_w.l(rtexit2.o)
    0x0800024a   0x00000004   Code   RO         3897    .ARM.Collect$$rtexit$$00000003  c_w.l(rtexit2.o)
    0x0800024e   0x00000006   Code   RO         3898    .ARM.Collect$$rtexit$$00000004  c_w.l(rtexit2.o)
    0x08000254   0x00000040   Code   RO          381  * .text               startup_stm32f429_439xx.o
    0x08000294   0x00000034   Code   RO         3778    .text               c_w.l(noretval__2snprintf.o)
    0x080002c8   0x00000068   Code   RO         3780    .text               c_w.l(__printf.o)
    0x08000330   0x00000078   Code   RO         3782    .text               c_w.l(_printf_dec.o)
    0x080003a8   0x00000006   Code   RO         3806    .text               c_w.l(heapauxi.o)
    0x080003ae   0x000000b8   Code   RO         3811    .text               c_w.l(_printf_intcommon.o)
    0x08000466   0x00000002   PAD
    0x08000468   0x00000030   Code   RO         3813    .text               c_w.l(_printf_char_common.o)
    0x08000498   0x0000000a   Code   RO         3815    .text               c_w.l(_sputc.o)
    0x080004a2   0x00000010   Code   RO         3817    .text               c_w.l(_snputc.o)
    0x080004b2   0x0000004a   Code   RO         3837    .text               c_w.l(sys_stackheap_outer.o)
    0x080004fc   0x0000000c   Code   RO         3839    .text               c_w.l(exit.o)
    0x08000508   0x00000008   Code   RO         3847    .text               c_w.l(libspace.o)
    0x08000510   0x0000000c   Code   RO         3906    .text               c_w.l(sys_exit.o)
    0x0800051c   0x00000002   Code   RO         3917    .text               c_w.l(use_no_semi.o)
    0x0800051e   0x00000000   Code   RO         3919    .text               c_w.l(indicate_semi.o)
    0x0800051e   0x00000004   Code   RO          240    i.BusFault_Handler  stm32f4xx_it.o
    0x08000522   0x00000002   PAD
    0x08000524   0x00000040   Code   RO         3705    i.DMA1_Stream2_IRQHandler  stm32f429i_discovery_i2c_ee.o
    0x08000564   0x0000006c   Code   RO         3706    i.DMA1_Stream4_IRQHandler  stm32f429i_discovery_i2c_ee.o
    0x080005d0   0x00000034   Code   RO          673    i.DMA_ClearFlag     stm32f4xx_dma.o
    0x08000604   0x00000016   Code   RO          675    i.DMA_Cmd           stm32f4xx_dma.o
    0x0800061a   0x00000002   PAD
    0x0800061c   0x00000158   Code   RO          676    i.DMA_DeInit        stm32f4xx_dma.o
    0x08000774   0x00000040   Code   RO          684    i.DMA_GetFlagStatus  stm32f4xx_dma.o
    0x080007b4   0x0000003a   Code   RO          686    i.DMA_ITConfig      stm32f4xx_dma.o
    0x080007ee   0x00000002   PAD
    0x080007f0   0x00000058   Code   RO          687    i.DMA_Init          stm32f4xx_dma.o
    0x08000848   0x00000002   Code   RO          241    i.DebugMon_Handler  stm32f4xx_it.o
    0x0800084a   0x00000002   PAD
    0x0800084c   0x00000198   Code   RO            3    i.EBHELD            main.o
    0x080009e4   0x00000080   Code   RO            4    i.EXTButton_1       main.o
    0x08000a64   0x00000084   Code   RO            5    i.EXTButton_2       main.o
    0x08000ae8   0x00000014   Code   RO          242    i.EXTI0_IRQHandler  stm32f4xx_it.o
    0x08000afc   0x00000020   Code   RO          243    i.EXTI15_10_IRQHandler  stm32f4xx_it.o
    0x08000b1c   0x0000001c   Code   RO          244    i.EXTI2_IRQHandler  stm32f4xx_it.o
    0x08000b38   0x0000000c   Code   RO          930    i.EXTI_ClearITPendingBit  stm32f4xx_exti.o
    0x08000b44   0x00000018   Code   RO          934    i.EXTI_GetITStatus  stm32f4xx_exti.o
    0x08000b5c   0x00000094   Code   RO          935    i.EXTI_Init         stm32f4xx_exti.o
    0x08000bf0   0x0000004c   Code   RO          994    i.FMC_GetFlagStatus  stm32f4xx_fmc.o
    0x08000c3c   0x00000020   Code   RO         1011    i.FMC_SDRAMCmdConfig  stm32f4xx_fmc.o
    0x08000c5c   0x000000fc   Code   RO         1013    i.FMC_SDRAMInit     stm32f4xx_fmc.o
    0x08000d58   0x00000018   Code   RO         1017    i.FMC_SetRefreshCount  stm32f4xx_fmc.o
    0x08000d70   0x00000090   Code   RO         1168    i.GPIO_Init         stm32f4xx_gpio.o
    0x08000e00   0x00000046   Code   RO         1169    i.GPIO_PinAFConfig  stm32f4xx_gpio.o
    0x08000e46   0x00000012   Code   RO         1172    i.GPIO_ReadInputDataBit  stm32f4xx_gpio.o
    0x08000e58   0x00000004   Code   RO         1175    i.GPIO_ResetBits    stm32f4xx_gpio.o
    0x08000e5c   0x00000004   Code   RO         1176    i.GPIO_SetBits      stm32f4xx_gpio.o
    0x08000e60   0x0000000a   Code   RO         1180    i.GPIO_WriteBit     stm32f4xx_gpio.o
    0x08000e6a   0x00000004   Code   RO          245    i.HardFault_Handler  stm32f4xx_it.o
    0x08000e6e   0x00000018   Code   RO         1266    i.I2C_AcknowledgeConfig  stm32f4xx_i2c.o
    0x08000e86   0x0000002a   Code   RO         1269    i.I2C_CheckEvent    stm32f4xx_i2c.o
    0x08000eb0   0x0000000c   Code   RO         1270    i.I2C_ClearFlag     stm32f4xx_i2c.o
    0x08000ebc   0x00000018   Code   RO         1272    i.I2C_Cmd           stm32f4xx_i2c.o
    0x08000ed4   0x00000018   Code   RO         1273    i.I2C_DMACmd        stm32f4xx_i2c.o
    0x08000eec   0x00000018   Code   RO         1274    i.I2C_DMALastTransferCmd  stm32f4xx_i2c.o
    0x08000f04   0x00000018   Code   RO         1280    i.I2C_GenerateSTART  stm32f4xx_i2c.o
    0x08000f1c   0x00000018   Code   RO         1281    i.I2C_GenerateSTOP  stm32f4xx_i2c.o
    0x08000f34   0x0000003a   Code   RO         1282    i.I2C_GetFlagStatus  stm32f4xx_i2c.o
    0x08000f6e   0x00000002   PAD
    0x08000f70   0x000000e8   Code   RO         1287    i.I2C_Init          stm32f4xx_i2c.o
    0x08001058   0x00000008   Code   RO         1292    i.I2C_ReceiveData   stm32f4xx_i2c.o
    0x08001060   0x00000010   Code   RO         1294    i.I2C_Send7bitAddress  stm32f4xx_i2c.o
    0x08001070   0x00000004   Code   RO         1295    i.I2C_SendData      stm32f4xx_i2c.o
    0x08001074   0x00000168   Code   RO         3330    i.LCD_AF_GPIOConfig  stm32f429i_discovery_lcd.o
    0x080011dc   0x00000020   Code   RO         3331    i.LCD_ChipSelect    stm32f429i_discovery_lcd.o
    0x080011fc   0x00000020   Code   RO         3332    i.LCD_Clear         stm32f429i_discovery_lcd.o
    0x0800121c   0x00000050   Code   RO         3336    i.LCD_CtrlLinesConfig  stm32f429i_discovery_lcd.o
    0x0800126c   0x00000014   Code   RO         3337    i.LCD_CtrlLinesWrite  stm32f429i_discovery_lcd.o
    0x08001280   0x00000030   Code   RO         3339    i.LCD_DisplayChar   stm32f429i_discovery_lcd.o
    0x080012b0   0x00000054   Code   RO         3342    i.LCD_DisplayStringLine  stm32f429i_discovery_lcd.o
    0x08001304   0x000000d8   Code   RO         3343    i.LCD_DrawChar      stm32f429i_discovery_lcd.o
    0x080013dc   0x0000000c   Code   RO         3356    i.LCD_GetFont       stm32f429i_discovery_lcd.o
    0x080013e8   0x0000009a   Code   RO         3357    i.LCD_Init          stm32f429i_discovery_lcd.o
    0x08001482   0x00000002   PAD
    0x08001484   0x000000a4   Code   RO         3358    i.LCD_LayerInit     stm32f429i_discovery_lcd.o
    0x08001528   0x0000028c   Code   RO         3362    i.LCD_PowerOn       stm32f429i_discovery_lcd.o
    0x080017b4   0x000000d4   Code   RO         3364    i.LCD_SPIConfig     stm32f429i_discovery_lcd.o
    0x08001888   0x0000000c   Code   RO         3365    i.LCD_SetBackColor  stm32f429i_discovery_lcd.o
    0x08001894   0x0000000c   Code   RO         3370    i.LCD_SetFont       stm32f429i_discovery_lcd.o
    0x080018a0   0x0000002c   Code   RO         3371    i.LCD_SetLayer      stm32f429i_discovery_lcd.o
    0x080018cc   0x0000000c   Code   RO         3372    i.LCD_SetTextColor  stm32f429i_discovery_lcd.o
    0x080018d8   0x0000004c   Code   RO         3377    i.LCD_WriteCommand  stm32f429i_discovery_lcd.o
    0x08001924   0x00000048   Code   RO         3378    i.LCD_WriteData     stm32f429i_discovery_lcd.o
    0x0800196c   0x00000024   Code   RO         1494    i.LTDC_Cmd          stm32f4xx_ltdc.o
    0x08001990   0x00000024   Code   RO         1498    i.LTDC_DitherCmd    stm32f4xx_ltdc.o
    0x080019b4   0x00000188   Code   RO         1505    i.LTDC_Init         stm32f4xx_ltdc.o
    0x08001b3c   0x00000016   Code   RO         1509    i.LTDC_LayerCmd     stm32f4xx_ltdc.o
    0x08001b52   0x00000114   Code   RO         1510    i.LTDC_LayerInit    stm32f4xx_ltdc.o
    0x08001c66   0x00000002   PAD
    0x08001c68   0x0000000c   Code   RO         1517    i.LTDC_ReloadConfig  stm32f4xx_ltdc.o
    0x08001c74   0x00000004   Code   RO          246    i.MemManage_Handler  stm32f4xx_it.o
    0x08001c78   0x00000002   Code   RO          247    i.NMI_Handler       stm32f4xx_it.o
    0x08001c7a   0x00000002   PAD
    0x08001c7c   0x00000078   Code   RO          387    i.NVIC_Init         misc.o
    0x08001cf4   0x0000000c   Code   RO            6    i.PB_Config         main.o
    0x08001d00   0x0000000c   Code   RO         3147    i.PWR_BackupAccessCmd  stm32f4xx_pwr.o
    0x08001d0c   0x00000002   Code   RO          248    i.PendSV_Handler    stm32f4xx_it.o
    0x08001d0e   0x00000002   PAD
    0x08001d10   0x00000020   Code   RO         1683    i.RCC_AHB1PeriphClockCmd  stm32f4xx_rcc.o
    0x08001d30   0x00000020   Code   RO         1689    i.RCC_AHB3PeriphClockCmd  stm32f4xx_rcc.o
    0x08001d50   0x00000020   Code   RO         1692    i.RCC_APB1PeriphClockCmd  stm32f4xx_rcc.o
    0x08001d70   0x00000020   Code   RO         1694    i.RCC_APB1PeriphResetCmd  stm32f4xx_rcc.o
    0x08001d90   0x00000020   Code   RO         1695    i.RCC_APB2PeriphClockCmd  stm32f4xx_rcc.o
    0x08001db0   0x00000020   Code   RO         1697    i.RCC_APB2PeriphResetCmd  stm32f4xx_rcc.o
    0x08001dd0   0x000000e8   Code   RO         1704    i.RCC_GetClocksFreq  stm32f4xx_rcc.o
    0x08001eb8   0x00000040   Code   RO         1705    i.RCC_GetFlagStatus  stm32f4xx_rcc.o
    0x08001ef8   0x0000000c   Code   RO         1714    i.RCC_LSICmd        stm32f4xx_rcc.o
    0x08001f04   0x00000018   Code   RO         1715    i.RCC_LTDCCLKDivConfig  stm32f4xx_rcc.o
    0x08001f1c   0x0000000c   Code   RO         1724    i.RCC_PLLSAICmd     stm32f4xx_rcc.o
    0x08001f28   0x00000018   Code   RO         1725    i.RCC_PLLSAIConfig  stm32f4xx_rcc.o
    0x08001f40   0x0000000c   Code   RO         1726    i.RCC_RTCCLKCmd     stm32f4xx_rcc.o
    0x08001f4c   0x0000003c   Code   RO         1727    i.RCC_RTCCLKConfig  stm32f4xx_rcc.o
    0x08001f88   0x00000074   Code   RO         2793    i.RTC_AlarmCmd      stm32f4xx_rtc.o
    0x08001ffc   0x0000001e   Code   RO          249    i.RTC_Alarm_IRQHandler  stm32f4xx_it.o
    0x0800201a   0x00000016   Code   RO         2796    i.RTC_Bcd2ToByte    stm32f4xx_rtc.o
    0x08002030   0x0000001c   Code   RO         2798    i.RTC_ByteToBcd2    stm32f4xx_rtc.o
    0x0800204c   0x00000020   Code   RO         2802    i.RTC_ClearITPendingBit  stm32f4xx_rtc.o
    0x0800206c   0x0000009c   Code   RO            7    i.RTC_Config        main.o
    0x08002108   0x00000080   Code   RO            8    i.RTC_DateShow      main.o
    0x08002188   0x00000050   Code   RO         2808    i.RTC_EnterInitMode  stm32f4xx_rtc.o
    0x080021d8   0x00000014   Code   RO         2809    i.RTC_ExitInitMode  stm32f4xx_rtc.o
    0x080021ec   0x0000004c   Code   RO         2812    i.RTC_GetDate       stm32f4xx_rtc.o
    0x08002238   0x00000040   Code   RO         2814    i.RTC_GetITStatus   stm32f4xx_rtc.o
    0x08002278   0x00000050   Code   RO         2817    i.RTC_GetTime       stm32f4xx_rtc.o
    0x080022c8   0x00000064   Code   RO         2821    i.RTC_ITConfig      stm32f4xx_rtc.o
    0x0800232c   0x000000c8   Code   RO         2828    i.RTC_SetDate       stm32f4xx_rtc.o
    0x080023f4   0x000000d0   Code   RO         2829    i.RTC_SetTime       stm32f4xx_rtc.o
    0x080024c4   0x00000078   Code   RO            9    i.RTC_TimeShow      main.o
    0x0800253c   0x00000060   Code   RO         2845    i.RTC_WaitForSynchro  stm32f4xx_rtc.o
    0x0800259c   0x00000074   Code   RO           10    i.RTC_changedate    main.o
    0x08002610   0x000000c8   Code   RO           11    i.RTC_changetime    main.o
    0x080026d8   0x00000204   Code   RO         3656    i.SDRAM_GPIOConfig  stm32f429i_discovery_sdram.o
    0x080028dc   0x00000068   Code   RO         3657    i.SDRAM_Init        stm32f429i_discovery_sdram.o
    0x08002944   0x000000c8   Code   RO         3658    i.SDRAM_InitSequence  stm32f429i_discovery_sdram.o
    0x08002a0c   0x00000018   Code   RO         2017    i.SPI_Cmd           stm32f4xx_spi.o
    0x08002a24   0x000000b0   Code   RO         2024    i.SPI_I2S_DeInit    stm32f4xx_spi.o
    0x08002ad4   0x00000012   Code   RO         2025    i.SPI_I2S_GetFlagStatus  stm32f4xx_spi.o
    0x08002ae6   0x00000004   Code   RO         2029    i.SPI_I2S_SendData  stm32f4xx_spi.o
    0x08002aea   0x0000003c   Code   RO         2030    i.SPI_Init          stm32f4xx_spi.o
    0x08002b26   0x00000002   PAD
    0x08002b28   0x000000ac   Code   RO         3262    i.STM_EVAL_PBInit   stm32f429i_discovery.o
    0x08002bd4   0x00000002   Code   RO          250    i.SVC_Handler       stm32f4xx_it.o
    0x08002bd6   0x00000002   PAD
    0x08002bd8   0x00000040   Code   RO         2178    i.SYSCFG_EXTILineConfig  stm32f4xx_syscfg.o
    0x08002c18   0x0000011c   Code   RO          343    i.SetSysClock       system_stm32f4xx.o
    0x08002d34   0x00000002   Code   RO          251    i.SysTick_Handler   stm32f4xx_it.o
    0x08002d36   0x00000002   PAD
    0x08002d38   0x00000068   Code   RO          345    i.SystemInit        system_stm32f4xx.o
    0x08002da0   0x00000002   Code   RO          252    i.TIM3_IRQHandler   stm32f4xx_it.o
    0x08002da2   0x00000002   PAD
    0x08002da4   0x000000b8   Code   RO           12    i.UBHELD            main.o
    0x08002e5c   0x00000068   Code   RO           13    i.UBRELEASED        main.o
    0x08002ec4   0x00000004   Code   RO          253    i.UsageFault_Handler  stm32f4xx_it.o
    0x08002ec8   0x0000001c   Code   RO         3380    i.delay             stm32f429i_discovery_lcd.o
    0x08002ee4   0x00000024   Code   RO         3661    i.delay             stm32f429i_discovery_sdram.o
    0x08002f08   0x000004c0   Code   RO           14    i.main              main.o
    0x080033c8   0x00000064   Code   RO         3708    i.sEE_Init          stm32f429i_discovery_i2c_ee.o
    0x0800342c   0x00000040   Code   RO         3263    i.sEE_LowLevel_DMAConfig  stm32f429i_discovery.o
    0x0800346c   0x0000015c   Code   RO         3265    i.sEE_LowLevel_Init  stm32f429i_discovery.o
    0x080035c8   0x00000238   Code   RO         3709    i.sEE_ReadBuffer    stm32f429i_discovery_i2c_ee.o
    0x08003800   0x00000004   Code   RO         3710    i.sEE_TIMEOUT_UserCallback  stm32f429i_discovery_i2c_ee.o
    0x08003804   0x000000e8   Code   RO         3711    i.sEE_WaitEepromStandbyState  stm32f429i_discovery_i2c_ee.o
    0x080038ec   0x000002bc   Code   RO         3712    i.sEE_WriteBuffer   stm32f429i_discovery_i2c_ee.o
    0x08003ba8   0x00000130   Code   RO         3713    i.sEE_WritePage     stm32f429i_discovery_i2c_ee.o
    0x08003cd8   0x000000d0   Code   RO           15    i.settimedate       main.o
    0x08003da8   0x0000000a   Code   RO         3904    x$fpl$fpinit        fz_wm.l(fpinit.o)
    0x08003db2   0x00000002   PAD
    0x08003db4   0x00000019   Data   RO         3267    .constdata          stm32f429i_discovery.o
    0x08003dcd   0x00000001   PAD
    0x08003dce   0x000029d0   Data   RO         3381    .constdata          stm32f429i_discovery_lcd.o
    0x0800679e   0x00000002   PAD
    0x080067a0   0x00000020   Data   RO         3971    Region$$Table       anon$$obj.o


    Execution Region ER_RW (Base: 0x20000000, Size: 0x000000d4, Max: 0xffffffff, ABSOLUTE)

    Base Addr    Size         Type   Attr      Idx    E Section Name        Object

    0x20000000   0x00000070   Data   RW           17    .data               main.o
    0x20000070   0x00000010   Data   RW         1735    .data               stm32f4xx_rcc.o
    0x20000080   0x00000010   Data   RW         3268    .data               stm32f429i_discovery.o
    0x20000090   0x00000030   Data   RW         3382    .data               stm32f429i_discovery_lcd.o
    0x200000c0   0x00000011   Data   RW         3714    .data               stm32f429i_discovery_i2c_ee.o


    Execution Region ER_ZI (Base: 0x200000d4, Size: 0x000006f4, Max: 0xffffffff, ABSOLUTE)

    Base Addr    Size         Type   Attr      Idx    E Section Name        Object

    0x200000d4   0x00000054   Zero   RW           16    .bss                main.o
    0x20000128   0x0000003c   Zero   RW         3266    .bss                stm32f429i_discovery.o
    0x20000164   0x00000060   Zero   RW         3848    .bss                c_w.l(libspace.o)
    0x200001c4   0x00000004   PAD
    0x200001c8   0x00000200   Zero   RW          379    HEAP                startup_stm32f429_439xx.o
    0x200003c8   0x00000400   Zero   RW          378    STACK               startup_stm32f429_439xx.o


==============================================================================

Image component sizes


      Code (inc. data)   RO Data    RW Data    ZI Data      Debug   Object Name

      3112        752          0        112         84     341747   main.o
       120         12          0          0          0       1340   misc.o
        64         26        428          0       1536        840   startup_stm32f429_439xx.o
       584         70         25         16         60       3973   stm32f429i_discovery.o
      2080        142          0         17          0       8340   stm32f429i_discovery_i2c_ee.o
      2322        150      10704         48          0      17682   stm32f429i_discovery_lcd.o
       856         28          0          0          0       3865   stm32f429i_discovery_sdram.o
       628         52          0          0          0       6101   stm32f4xx_dma.o
       184         16          0          0          0       2696   stm32f4xx_exti.o
       384         30          0          0          0       4175   stm32f4xx_fmc.o
       250          0          0          0          0       5115   stm32f4xx_gpio.o
       516         14          0          0          0      10326   stm32f4xx_i2c.o
       138         14          0          0          0       6796   stm32f4xx_it.o
       774         32          0          0          0       5153   stm32f4xx_ltdc.o
        12          6          0          0          0        666   stm32f4xx_pwr.o
       632         98          0         16          0      12564   stm32f4xx_rcc.o
      1122         68          0          0          0      11196   stm32f4xx_rtc.o
       282         24          0          0          0       4429   stm32f4xx_spi.o
        64          4          0          0          0        788   stm32f4xx_syscfg.o
       388         32          0          0          0       1653   system_stm32f4xx.o

    ----------------------------------------------------------------------
     14538       1570      11192        212       1680     449445   Object Totals
         0          0         32          0          0          0   (incl. Generated)
        26          0          3          3          0          0   (incl. Padding)

    ----------------------------------------------------------------------

      Code (inc. data)   RO Data    RW Data    ZI Data      Debug   Library Member Name

         8          0          0          0          0         68   __main.o
       104          0          0          0          0         84   __printf.o
        52          8          0          0          0          0   __scatter.o
        26          0          0          0          0          0   __scatter_copy.o
        28          0          0          0          0          0   __scatter_zi.o
        48          6          0          0          0         96   _printf_char_common.o
         6          0          0          0          0          0   _printf_d.o
       120         18          0          0          0         92   _printf_dec.o
       184          0          0          0          0         88   _printf_intcommon.o
         0          0          0          0          0          0   _printf_percent.o
         4          0          0          0          0          0   _printf_percent_end.o
        16          0          0          0          0         68   _snputc.o
        10          0          0          0          0         68   _sputc.o
        12          0          0          0          0         72   exit.o
         6          0          0          0          0        152   heapauxi.o
         0          0          0          0          0          0   indicate_semi.o
         2          0          0          0          0          0   libinit.o
         6          0          0          0          0          0   libinit2.o
         2          0          0          0          0          0   libshutdown.o
         2          0          0          0          0          0   libshutdown2.o
         8          4          0          0         96         68   libspace.o
        52          4          0          0          0         84   noretval__2snprintf.o
         0          0          0          0          0          0   rtentry.o
        12          0          0          0          0          0   rtentry2.o
         6          0          0          0          0          0   rtentry4.o
         2          0          0          0          0          0   rtexit.o
        10          0          0          0          0          0   rtexit2.o
        12          4          0          0          0         68   sys_exit.o
        74          0          0          0          0         80   sys_stackheap_outer.o
         2          0          0          0          0         68   use_no_semi.o
        10          0          0          0          0        116   fpinit.o

    ----------------------------------------------------------------------
       830         44          0          0        100       1272   Library Totals
         6          0          0          0          4          0   (incl. Padding)

    ----------------------------------------------------------------------

      Code (inc. data)   RO Data    RW Data    ZI Data      Debug   Library Name

       814         44          0          0         96       1156   c_w.l
        10          0          0          0          0        116   fz_wm.l

    ----------------------------------------------------------------------
       830         44          0          0        100       1272   Library Totals

    ----------------------------------------------------------------------

==============================================================================


      Code (inc. data)   RO Data    RW Data    ZI Data      Debug   

     15368       1614      11192        212       1780     436893   Grand Totals
     15368       1614      11192        212       1780     436893   ELF Image Totals
     15368       1614      11192        212          0          0   ROM Totals

==============================================================================

    Total RO  Size (Code + RO Data)                26560 (  25.94kB)
    Total RW  Size (RW Data + ZI Data)              1992 (   1.95kB)
    Total ROM Size (Code + RO Data + RW Data)      26772 (  26.14kB)

==============================================================================

