<html>
<body>
<pre>
<h1>µVision Build Log</h1>
<h2>Project:</h2>
C:\Users\Mostafa\Desktop\3YT1ME\MECHTRON 3TA4\LABS\Intro to STM32F4-Discovery.html\labs\lab1\lab3starter\lab3.uvproj
Project File Date:  11/03/2015

<h2>Output:</h2>
Build target 'lab3'
linking...
Program Size: Code=15368 RO-data=11192 RW-data=212 ZI-data=1780  
".\lab3.axf" - 0 Error(s), 0 Warning(s).
Load "C:\\Users\\Mostafa\\Desktop\\3YT1ME\\MECHTRON 3TA4\\LABS\\Intro to STM32F4-Discovery.html\\labs\\lab1\\lab3starter\\lab3.axf" 
Erase Done.
Programming Done.
Verify OK.
</pre>
</body>
</html>
rc\main.c(86): warning:  #1295-D: Deprecated declaration settimedate - give arg types
  void settimedate();
src\main.c: 3 warnings, 0 errors
compiling stm32f4xx_it.c...
compiling stm32f429i_discovery.c...
compiling stm32f429i_discovery_lcd.c...
compiling stm32f429i_discovery_i2c_ee.c...
linking...
Program Size: Code=15368 RO-data=11192 RW-data=212 ZI-data=1780  
".\lab3.axf" - 0 Error(s), 3 Warning(s).
